Archive member included to satisfy reference by file (symbol)

/usr/lib/gcc/arm-none-eabi/10.3.1/thumb/v6-m/nofp/libgcc.a(_dvmd_tls.o)
                              CMakeFiles/blink.dir/home/yavuz/pico/pico-sdk/src/rp2_common/pico_divider/divider.S.obj (__aeabi_idiv0)
/usr/lib/gcc/arm-none-eabi/10.3.1/../../../arm-none-eabi/lib/thumb/v6-m/nofp/libc.a(lib_a-atexit.o)
                              /usr/lib/gcc/arm-none-eabi/10.3.1/../../../arm-none-eabi/lib/thumb/v6-m/nofp/crt0.o (atexit)
/usr/lib/gcc/arm-none-eabi/10.3.1/../../../arm-none-eabi/lib/thumb/v6-m/nofp/libc.a(lib_a-calloc.o)
                              CMakeFiles/blink.dir/home/yavuz/pico/pico-sdk/src/rp2_common/pico_malloc/pico_malloc.c.obj (calloc)
/usr/lib/gcc/arm-none-eabi/10.3.1/../../../arm-none-eabi/lib/thumb/v6-m/nofp/libc.a(lib_a-callocr.o)
                              /usr/lib/gcc/arm-none-eabi/10.3.1/../../../arm-none-eabi/lib/thumb/v6-m/nofp/libc.a(lib_a-calloc.o) (_calloc_r)
/usr/lib/gcc/arm-none-eabi/10.3.1/../../../arm-none-eabi/lib/thumb/v6-m/nofp/libc.a(lib_a-fini.o)
                              /usr/lib/gcc/arm-none-eabi/10.3.1/../../../arm-none-eabi/lib/thumb/v6-m/nofp/crt0.o (__libc_fini_array)
/usr/lib/gcc/arm-none-eabi/10.3.1/../../../arm-none-eabi/lib/thumb/v6-m/nofp/libc.a(lib_a-impure.o)
                              /usr/lib/gcc/arm-none-eabi/10.3.1/../../../arm-none-eabi/lib/thumb/v6-m/nofp/libc.a(lib_a-calloc.o) (_impure_ptr)
/usr/lib/gcc/arm-none-eabi/10.3.1/../../../arm-none-eabi/lib/thumb/v6-m/nofp/libc.a(lib_a-init.o)
                              /usr/lib/gcc/arm-none-eabi/10.3.1/../../../arm-none-eabi/lib/thumb/v6-m/nofp/crt0.o (__libc_init_array)
/usr/lib/gcc/arm-none-eabi/10.3.1/../../../arm-none-eabi/lib/thumb/v6-m/nofp/libc.a(lib_a-malloc.o)
                              CMakeFiles/blink.dir/home/yavuz/pico/pico-sdk/src/rp2_common/pico_malloc/pico_malloc.c.obj (malloc)
/usr/lib/gcc/arm-none-eabi/10.3.1/../../../arm-none-eabi/lib/thumb/v6-m/nofp/libc.a(lib_a-mallocr.o)
                              /usr/lib/gcc/arm-none-eabi/10.3.1/../../../arm-none-eabi/lib/thumb/v6-m/nofp/libc.a(lib_a-callocr.o) (_malloc_r)
/usr/lib/gcc/arm-none-eabi/10.3.1/../../../arm-none-eabi/lib/thumb/v6-m/nofp/libc.a(lib_a-mlock.o)
                              /usr/lib/gcc/arm-none-eabi/10.3.1/../../../arm-none-eabi/lib/thumb/v6-m/nofp/libc.a(lib_a-mallocr.o) (__malloc_lock)
/usr/lib/gcc/arm-none-eabi/10.3.1/../../../arm-none-eabi/lib/thumb/v6-m/nofp/libc.a(lib_a-realloc.o)
                              CMakeFiles/blink.dir/home/yavuz/pico/pico-sdk/src/rp2_common/pico_malloc/pico_malloc.c.obj (realloc)
/usr/lib/gcc/arm-none-eabi/10.3.1/../../../arm-none-eabi/lib/thumb/v6-m/nofp/libc.a(lib_a-reallocr.o)
                              /usr/lib/gcc/arm-none-eabi/10.3.1/../../../arm-none-eabi/lib/thumb/v6-m/nofp/libc.a(lib_a-realloc.o) (_realloc_r)
/usr/lib/gcc/arm-none-eabi/10.3.1/../../../arm-none-eabi/lib/thumb/v6-m/nofp/libc.a(lib_a-sbrkr.o)
                              /usr/lib/gcc/arm-none-eabi/10.3.1/../../../arm-none-eabi/lib/thumb/v6-m/nofp/libc.a(lib_a-mallocr.o) (_sbrk_r)
/usr/lib/gcc/arm-none-eabi/10.3.1/../../../arm-none-eabi/lib/thumb/v6-m/nofp/libc.a(lib_a-strchr.o)
                              CMakeFiles/blink.dir/main.c.obj (strchr)
/usr/lib/gcc/arm-none-eabi/10.3.1/../../../arm-none-eabi/lib/thumb/v6-m/nofp/libc.a(lib_a-strlen-stub.o)
                              CMakeFiles/blink.dir/home/yavuz/pico/pico-sdk/src/rp2_common/pico_stdio/stdio.c.obj (strlen)
/usr/lib/gcc/arm-none-eabi/10.3.1/../../../arm-none-eabi/lib/thumb/v6-m/nofp/libc.a(lib_a-strncpy.o)
                              CMakeFiles/blink.dir/main.c.obj (strncpy)
/usr/lib/gcc/arm-none-eabi/10.3.1/../../../arm-none-eabi/lib/thumb/v6-m/nofp/libc.a(lib_a-__atexit.o)
                              /usr/lib/gcc/arm-none-eabi/10.3.1/../../../arm-none-eabi/lib/thumb/v6-m/nofp/libc.a(lib_a-atexit.o) (__register_exitproc)
/usr/lib/gcc/arm-none-eabi/10.3.1/../../../arm-none-eabi/lib/thumb/v6-m/nofp/libc.a(lib_a-freer.o)
                              /usr/lib/gcc/arm-none-eabi/10.3.1/../../../arm-none-eabi/lib/thumb/v6-m/nofp/libc.a(lib_a-malloc.o) (_free_r)
/usr/lib/gcc/arm-none-eabi/10.3.1/../../../arm-none-eabi/lib/thumb/v6-m/nofp/libc.a(lib_a-memmove.o)
                              /usr/lib/gcc/arm-none-eabi/10.3.1/../../../arm-none-eabi/lib/thumb/v6-m/nofp/libc.a(lib_a-reallocr.o) (memmove)
/usr/lib/gcc/arm-none-eabi/10.3.1/../../../arm-none-eabi/lib/thumb/v6-m/nofp/libc.a(lib_a-reent.o)
                              /usr/lib/gcc/arm-none-eabi/10.3.1/../../../arm-none-eabi/lib/thumb/v6-m/nofp/libc.a(lib_a-sbrkr.o) (errno)

Discarded input sections

 .text          0x0000000000000000        0x0 /usr/lib/gcc/arm-none-eabi/10.3.1/thumb/v6-m/nofp/crti.o
 .data          0x0000000000000000        0x0 /usr/lib/gcc/arm-none-eabi/10.3.1/thumb/v6-m/nofp/crti.o
 .bss           0x0000000000000000        0x0 /usr/lib/gcc/arm-none-eabi/10.3.1/thumb/v6-m/nofp/crti.o
[...]
Memory Configuration

Name             Origin             Length             Attributes
FLASH            0x0000000010000000 0x0000000000200000 xr
RAM              0x0000000020000000 0x0000000000040000 xrw
SCRATCH_X        0x0000000020040000 0x0000000000001000 xrw
SCRATCH_Y        0x0000000020041000 0x0000000000001000 xrw
*default*        0x0000000000000000 0xffffffffffffffff

Linker script and memory map

LOAD /usr/lib/gcc/arm-none-eabi/10.3.1/thumb/v6-m/nofp/crti.o
LOAD /usr/lib/gcc/arm-none-eabi/10.3.1/thumb/v6-m/nofp/crtbegin.o
LOAD /usr/lib/gcc/arm-none-eabi/10.3.1/../../../arm-none-eabi/lib/thumb/v6-m/nofp/crt0.o

.flash_begin    0x0000000010000000        0x0
                0x0000000010000000                __flash_binary_start = .

.boot2          0x0000000010000000      0x100
                0x0000000010000000                __boot2_start__ = .
 *(.boot2)
 .boot2         0x0000000010000000      0x100 /tmp/ccFzHmDJ.o
                0x0000000010000100                __boot2_end__ = .
                0x0000000000000001                ASSERT (((__boot2_end__ - __boot2_start__) == 0x100), ERROR: Pico second stage bootloader must be 256 bytes in size)

.flashtext      0x0000000010000100      0x1d8
                0x0000000010000100                __logical_binary_start = .
 *(.vectors)
 .vectors       0x0000000010000100       0xd4 CMakeFiles/blink.dir/home/yavuz/pico/pico-sdk/src/rp2_common/pico_standard_link/crt0.S.obj
                0x0000000010000100                __vectors
                0x0000000010000100                __VECTOR_TABLE
                0x00000000100001c0                isr_invalid
                0x00000000100001c0                __default_isrs_start
                0x00000000100001c2                isr_nmi
                0x00000000100001c4                isr_hardfault
                0x00000000100001c6                isr_svcall
                0x00000000100001c8                isr_pendsv
                0x00000000100001ca                isr_systick
                0x00000000100001cc                isr_irq30
                0x00000000100001cc                __unhandled_user_irq
                0x00000000100001cc                isr_irq13
                0x00000000100001cc                isr_irq27
                0x00000000100001cc                isr_irq31
                0x00000000100001cc                isr_irq5
                0x00000000100001cc                isr_irq11
                0x00000000100001cc                isr_irq23
                0x00000000100001cc                isr_irq18
                0x00000000100001cc                isr_irq28
                0x00000000100001cc                isr_irq19
                0x00000000100001cc                isr_irq0
                0x00000000100001cc                isr_irq6
                0x00000000100001cc                isr_irq22
                0x00000000100001cc                isr_irq17
                0x00000000100001cc                isr_irq14
                0x00000000100001cc                isr_irq2
                0x00000000100001cc                isr_irq10
                0x00000000100001cc                isr_irq8
                0x00000000100001cc                isr_irq24
                0x00000000100001cc                isr_irq1
                0x00000000100001cc                isr_irq7
                0x00000000100001cc                isr_irq21
                0x00000000100001cc                isr_irq20
                0x00000000100001cc                isr_irq15
                0x00000000100001cc                isr_irq25
                0x00000000100001cc                isr_irq4
                0x00000000100001cc                isr_irq16
                0x00000000100001cc                isr_irq29
                0x00000000100001cc                isr_irq26
                0x00000000100001cc                __default_isrs_end
                0x00000000100001cc                isr_irq3
                0x00000000100001cc                isr_irq12
                0x00000000100001cc                isr_irq9
                0x00000000100001d2                unhandled_user_irq_num_in_r0
 *(.binary_info_header)
 .binary_info_header
                0x00000000100001d4       0x14 CMakeFiles/blink.dir/home/yavuz/pico/pico-sdk/src/rp2_common/pico_standard_link/crt0.S.obj
                0x00000000100001e8                __binary_info_header_end = .
 *(.reset)
 .reset         0x00000000100001e8       0xac CMakeFiles/blink.dir/home/yavuz/pico/pico-sdk/src/rp2_common/pico_standard_link/crt0.S.obj
                0x00000000100001e8                _entry_point
 *fill*         0x0000000010000294        0x4 
 .reset.__stub  0x0000000010000298       0x10 linker stubs
 .reset         0x00000000100002a8       0x30 CMakeFiles/blink.dir/home/yavuz/pico/pico-sdk/src/rp2_common/pico_standard_link/binary_info.c.obj

.rodata         0x00000000100002d8        0x0
 *(SORT_BY_ALIGNMENT(SORT_BY_NAME(.flashdata*)))
                0x00000000100002d8                . = ALIGN (0x4)

.ARM.extab
 *(.ARM.extab* .gnu.linkonce.armextab.*)
                0x00000000100002d8                __exidx_start = .

.ARM.exidx
 *(.ARM.exidx* .gnu.linkonce.armexidx.*)
                0x00000000100002d8                __exidx_end = .
                0x00000000100002d8                . = ALIGN (0x4)
                0x00000000100002d8                __binary_info_start = .

.binary_info    0x00000000100002d8       0x28
 *(.binary_info.keep.*)
 .binary_info.keep.__bi_ptr22
                0x00000000100002d8        0x4 CMakeFiles/blink.dir/home/yavuz/pico/pico-sdk/src/rp2_common/pico_standard_link/binary_info.c.obj
 .binary_info.keep.__bi_ptr30
                0x00000000100002dc        0x4 CMakeFiles/blink.dir/home/yavuz/pico/pico-sdk/src/rp2_common/pico_standard_link/binary_info.c.obj
 .binary_info.keep.__bi_ptr38
                0x00000000100002e0        0x4 CMakeFiles/blink.dir/home/yavuz/pico/pico-sdk/src/rp2_common/pico_standard_link/binary_info.c.obj
 .binary_info.keep.__bi_ptr44
                0x00000000100002e4        0x4 CMakeFiles/blink.dir/home/yavuz/pico/pico-sdk/src/rp2_common/pico_standard_link/binary_info.c.obj
 .binary_info.keep.__bi_ptr50
                0x00000000100002e8        0x4 CMakeFiles/blink.dir/home/yavuz/pico/pico-sdk/src/rp2_common/pico_standard_link/binary_info.c.obj
 .binary_info.keep.__bi_ptr75
                0x00000000100002ec        0x4 CMakeFiles/blink.dir/home/yavuz/pico/pico-sdk/src/rp2_common/pico_standard_link/binary_info.c.obj
 .binary_info.keep.__bi_ptr81
                0x00000000100002f0        0x4 CMakeFiles/blink.dir/home/yavuz/pico/pico-sdk/src/rp2_common/pico_standard_link/binary_info.c.obj
 *(.binary_info.*)
 .binary_info.__bi_ptr33
                0x00000000100002f4        0x4 CMakeFiles/blink.dir/home/yavuz/pico/pico-sdk/src/rp2_common/pico_stdio_uart/stdio_uart.c.obj
 .binary_info.__bi_ptr34
                0x00000000100002f8        0x4 CMakeFiles/blink.dir/home/yavuz/pico/pico-sdk/src/rp2_common/pico_stdio_uart/stdio_uart.c.obj
 .binary_info.__bi_ptr182
                0x00000000100002fc        0x4 CMakeFiles/blink.dir/home/yavuz/pico/pico-sdk/src/rp2_common/pico_stdio_usb/stdio_usb.c.obj
                0x0000000010000300                __binary_info_end = .
                0x0000000010000300                . = ALIGN (0x4)

.ram_vector_table
                0x0000000020000000       0xc0
 *(.ram_vector_table)
 .ram_vector_table
                0x0000000020000000       0xc0 CMakeFiles/blink.dir/home/yavuz/pico/pico-sdk/src/rp2_common/pico_runtime/runtime.c.obj
                0x0000000020000000                ram_vector_table

.text           0x00000000200000c0     0xc4c8 load address 0x0000000010000300
                0x00000000200000c0                __ram_text_start__ = .
 *(.init)
 .init          0x00000000200000c0        0x4 /usr/lib/gcc/arm-none-eabi/10.3.1/thumb/v6-m/nofp/crti.o
                0x00000000200000c0                _init
 *(.text*)
 .text          0x00000000200000c4       0x98 /usr/lib/gcc/arm-none-eabi/10.3.1/thumb/v6-m/nofp/crtbegin.o
 .text.UART_Isr
                0x000000002000015c       0x40 CMakeFiles/blink.dir/main.c.obj
                0x000000002000015c                UART_Isr
 .text.reset_rxBuffer
                0x000000002000019c       0x20 CMakeFiles/blink.dir/main.c.obj
                0x000000002000019c                reset_rxBuffer
 .text.reset_state
                0x00000000200001bc       0x34 CMakeFiles/blink.dir/main.c.obj
                0x00000000200001bc                reset_state
 .text.vResetTask
                0x00000000200001f0       0x20 CMakeFiles/blink.dir/main.c.obj
                0x00000000200001f0                vResetTask
 .text.initUART
                0x0000000020000210       0x3c CMakeFiles/blink.dir/main.c.obj
                0x0000000020000210                initUART
 .text.check_uart_data
                0x000000002000024c      0x108 CMakeFiles/blink.dir/main.c.obj
                0x000000002000024c                check_uart_data
 .text.parse_uart_data
                0x0000000020000354       0x58 CMakeFiles/blink.dir/main.c.obj
                0x0000000020000354                parse_uart_data
 .text.dateTimeParse
                0x00000000200003ac       0x70 CMakeFiles/blink.dir/main.c.obj
                0x00000000200003ac                dateTimeParse
 .text.vWriteDebugTask
                0x000000002000041c       0x74 CMakeFiles/blink.dir/main.c.obj
                0x000000002000041c                vWriteDebugTask
 .text.set_time_pt7c4338
                0x0000000020000490      0x104 CMakeFiles/blink.dir/main.c.obj
                0x0000000020000490                set_time_pt7c4338
 .text.set_flash_data
                0x0000000020000594      0x290 CMakeFiles/blink.dir/main.c.obj
                0x0000000020000594                set_flash_data
 .text.spi_write_buffer
                0x0000000020000824      0x170 CMakeFiles/blink.dir/main.c.obj
                0x0000000020000824                spi_write_buffer
 .text.vADCReadTask
                0x0000000020000994      0x290 CMakeFiles/blink.dir/main.c.obj
                0x0000000020000994                vADCReadTask
 .text.search_data_into_flash
                0x0000000020000c24      0x480 CMakeFiles/blink.dir/main.c.obj
                0x0000000020000c24                search_data_into_flash
 .text.state0_handler
                0x00000000200010a4       0xf4 CMakeFiles/blink.dir/main.c.obj
                0x00000000200010a4                state0_handler
 .text.state1_handler
                0x0000000020001198      0x130 CMakeFiles/blink.dir/main.c.obj
                0x0000000020001198                state1_handler
 .text.set_time_uart
                0x00000000200012c8       0xb4 CMakeFiles/blink.dir/main.c.obj
                0x00000000200012c8                set_time_uart
 .text.set_date_uart
                0x000000002000137c       0xb4 CMakeFiles/blink.dir/main.c.obj
                0x000000002000137c                set_date_uart
 .text.vUARTTask
                0x0000000020001430      0x31c CMakeFiles/blink.dir/main.c.obj
                0x0000000020001430                vUARTTask
 .text.startup.main
                0x000000002000174c      0x1fc CMakeFiles/blink.dir/main.c.obj
                0x000000002000174c                main
 .text.gpio_set_function
                0x0000000020001948       0x30 CMakeFiles/blink.dir/home/yavuz/pico/pico-sdk/src/rp2_common/hardware_gpio/gpio.c.obj
                0x0000000020001948                gpio_set_function
 .text.gpio_set_pulls
                0x0000000020001978       0x30 CMakeFiles/blink.dir/home/yavuz/pico/pico-sdk/src/rp2_common/hardware_gpio/gpio.c.obj
                0x0000000020001978                gpio_set_pulls
 .text.gpio_set_input_enabled
                0x00000000200019a8       0x28 CMakeFiles/blink.dir/home/yavuz/pico/pico-sdk/src/rp2_common/hardware_gpio/gpio.c.obj
                0x00000000200019a8                gpio_set_input_enabled
 .text.gpio_init
                0x00000000200019d0       0x3c CMakeFiles/blink.dir/home/yavuz/pico/pico-sdk/src/rp2_common/hardware_gpio/gpio.c.obj
                0x00000000200019d0                gpio_init
 .text.running_on_fpga
                0x0000000020001a0c       0x10 CMakeFiles/blink.dir/home/yavuz/pico/pico-sdk/src/rp2_common/pico_platform/platform.c.obj
                0x0000000020001a0c                running_on_fpga
 .text.hw_claim_or_assert
                0x0000000020001a1c       0x44 CMakeFiles/blink.dir/home/yavuz/pico/pico-sdk/src/rp2_common/hardware_claim/claim.c.obj
                0x0000000020001a1c                hw_claim_or_assert
 .text.hw_claim_unused_from_range
                0x0000000020001a60       0x9c CMakeFiles/blink.dir/home/yavuz/pico/pico-sdk/src/rp2_common/hardware_claim/claim.c.obj
                0x0000000020001a60                hw_claim_unused_from_range
 .text.spin_locks_reset
                0x0000000020001afc       0x1c CMakeFiles/blink.dir/home/yavuz/pico/pico-sdk/src/rp2_common/hardware_sync/sync.c.obj
                0x0000000020001afc                spin_locks_reset
 .text.next_striped_spin_lock_num
                0x0000000020001b18       0x18 CMakeFiles/blink.dir/home/yavuz/pico/pico-sdk/src/rp2_common/hardware_sync/sync.c.obj
                0x0000000020001b18                next_striped_spin_lock_num
 .text.spin_lock_claim
                0x0000000020001b30       0x18 CMakeFiles/blink.dir/home/yavuz/pico/pico-sdk/src/rp2_common/hardware_sync/sync.c.obj
                0x0000000020001b30                spin_lock_claim
 .text.spin_lock_claim_unused
                0x0000000020001b48       0x20 CMakeFiles/blink.dir/home/yavuz/pico/pico-sdk/src/rp2_common/hardware_sync/sync.c.obj
                0x0000000020001b48                spin_lock_claim_unused
 .text.irq_set_enabled
                0x0000000020001b68       0x24 CMakeFiles/blink.dir/home/yavuz/pico/pico-sdk/src/rp2_common/hardware_irq/irq.c.obj
                0x0000000020001b68                irq_set_enabled
 .text.irq_is_enabled
                0x0000000020001b8c       0x18 CMakeFiles/blink.dir/home/yavuz/pico/pico-sdk/src/rp2_common/hardware_irq/irq.c.obj
                0x0000000020001b8c                irq_is_enabled
 .text.irq_set_pending
                0x0000000020001ba4       0x10 CMakeFiles/blink.dir/home/yavuz/pico/pico-sdk/src/rp2_common/hardware_irq/irq.c.obj
                0x0000000020001ba4                irq_set_pending
 .text.irq_has_shared_handler
                0x0000000020001bb4       0x2c CMakeFiles/blink.dir/home/yavuz/pico/pico-sdk/src/rp2_common/hardware_irq/irq.c.obj
                0x0000000020001bb4                irq_has_shared_handler
 .text.irq_get_vtable_handler
                0x0000000020001be0       0x10 CMakeFiles/blink.dir/home/yavuz/pico/pico-sdk/src/rp2_common/hardware_irq/irq.c.obj
                0x0000000020001be0                irq_get_vtable_handler
 .text.irq_set_exclusive_handler
                0x0000000020001bf0       0x54 CMakeFiles/blink.dir/home/yavuz/pico/pico-sdk/src/rp2_common/hardware_irq/irq.c.obj
                0x0000000020001bf0                irq_set_exclusive_handler
 .text.irq_add_shared_handler
                0x0000000020001c44      0x1e8 CMakeFiles/blink.dir/home/yavuz/pico/pico-sdk/src/rp2_common/hardware_irq/irq.c.obj
                0x0000000020001c44                irq_add_shared_handler
 .text.irq_remove_handler
                0x0000000020001e2c      0x1b0 CMakeFiles/blink.dir/home/yavuz/pico/pico-sdk/src/rp2_common/hardware_irq/irq.c.obj
                0x0000000020001e2c                irq_remove_handler
 .text.irq_set_priority
                0x0000000020001fdc       0x28 CMakeFiles/blink.dir/home/yavuz/pico/pico-sdk/src/rp2_common/hardware_irq/irq.c.obj
                0x0000000020001fdc                irq_set_priority
 .text.irq_add_tail_to_free_list
                0x0000000020002004       0xb4 CMakeFiles/blink.dir/home/yavuz/pico/pico-sdk/src/rp2_common/hardware_irq/irq.c.obj
                0x0000000020002004                irq_add_tail_to_free_list
 .text.irq_init_priorities
                0x00000000200020b8       0x24 CMakeFiles/blink.dir/home/yavuz/pico/pico-sdk/src/rp2_common/hardware_irq/irq.c.obj
                0x00000000200020b8                irq_init_priorities
 .text.user_irq_claim_unused
                0x00000000200020dc       0x28 CMakeFiles/blink.dir/home/yavuz/pico/pico-sdk/src/rp2_common/hardware_irq/irq.c.obj
                0x00000000200020dc                user_irq_claim_unused
 .text.lock_init
                0x0000000020002104       0x10 CMakeFiles/blink.dir/home/yavuz/pico/pico-sdk/src/common/pico_sync/lock_core.c.obj
                0x0000000020002104                lock_init
 .text.mutex_init
                0x0000000020002114       0x1c CMakeFiles/blink.dir/home/yavuz/pico/pico-sdk/src/common/pico_sync/mutex.c.obj
                0x0000000020002114                mutex_init
 .text.recursive_mutex_init
                0x0000000020002130       0x20 CMakeFiles/blink.dir/home/yavuz/pico/pico-sdk/src/common/pico_sync/mutex.c.obj
                0x0000000020002130                recursive_mutex_init
 .text.critical_section_init
                0x0000000020002150       0x20 CMakeFiles/blink.dir/home/yavuz/pico/pico-sdk/src/common/pico_sync/critical_section.c.obj
                0x0000000020002150                critical_section_init
 .text.critical_section_init_with_lock_num
                0x0000000020002170       0x14 CMakeFiles/blink.dir/home/yavuz/pico/pico-sdk/src/common/pico_sync/critical_section.c.obj
                0x0000000020002170                critical_section_init_with_lock_num
 .text.timer_pool_entry_comparator
                0x0000000020002184       0x34 CMakeFiles/blink.dir/home/yavuz/pico/pico-sdk/src/common/pico_time/time.c.obj
                0x0000000020002184                timer_pool_entry_comparator
 .text.sleep_until_callback
                0x00000000200021b8       0x24 CMakeFiles/blink.dir/home/yavuz/pico/pico-sdk/src/common/pico_time/time.c.obj
 .text.add_alarm_under_lock.isra.0
                0x00000000200021dc      0x100 CMakeFiles/blink.dir/home/yavuz/pico/pico-sdk/src/common/pico_time/time.c.obj
 .text.alarm_pool_alarm_callback
                0x00000000200022dc      0x1bc CMakeFiles/blink.dir/home/yavuz/pico/pico-sdk/src/common/pico_time/time.c.obj
 .text.alarm_pool_init_default
                0x0000000020002498       0x6c CMakeFiles/blink.dir/home/yavuz/pico/pico-sdk/src/common/pico_time/time.c.obj
                0x0000000020002498                alarm_pool_init_default
 .text.alarm_pool_get_default
                0x0000000020002504        0x8 CMakeFiles/blink.dir/home/yavuz/pico/pico-sdk/src/common/pico_time/time.c.obj
                0x0000000020002504                alarm_pool_get_default
 .text.alarm_pool_add_alarm_at
                0x000000002000250c      0x178 CMakeFiles/blink.dir/home/yavuz/pico/pico-sdk/src/common/pico_time/time.c.obj
                0x000000002000250c                alarm_pool_add_alarm_at
 .text.alarm_pool_core_num
                0x0000000020002684        0x4 CMakeFiles/blink.dir/home/yavuz/pico/pico-sdk/src/common/pico_time/time.c.obj
                0x0000000020002684                alarm_pool_core_num
 .text.sleep_until
                0x0000000020002688       0xbc CMakeFiles/blink.dir/home/yavuz/pico/pico-sdk/src/common/pico_time/time.c.obj
                0x0000000020002688                sleep_until
 .text.sleep_ms
                0x0000000020002744       0x34 CMakeFiles/blink.dir/home/yavuz/pico/pico-sdk/src/common/pico_time/time.c.obj
                0x0000000020002744                sleep_ms
 .text.best_effort_wfe_or_timeout
                0x0000000020002778       0xd4 CMakeFiles/blink.dir/home/yavuz/pico/pico-sdk/src/common/pico_time/time.c.obj
                0x0000000020002778                best_effort_wfe_or_timeout
 .text.hardware_alarm_irq_handler
                0x000000002000284c       0xbc CMakeFiles/blink.dir/home/yavuz/pico/pico-sdk/src/rp2_common/hardware_timer/timer.c.obj
 .text.hardware_alarm_claim
                0x0000000020002908       0x18 CMakeFiles/blink.dir/home/yavuz/pico/pico-sdk/src/rp2_common/hardware_timer/timer.c.obj
                0x0000000020002908                hardware_alarm_claim
 .text.time_us_64
                0x0000000020002920       0x14 CMakeFiles/blink.dir/home/yavuz/pico/pico-sdk/src/rp2_common/hardware_timer/timer.c.obj
                0x0000000020002920                time_us_64
 .text.busy_wait_us
                0x0000000020002934       0x54 CMakeFiles/blink.dir/home/yavuz/pico/pico-sdk/src/rp2_common/hardware_timer/timer.c.obj
                0x0000000020002934                busy_wait_us
 .text.busy_wait_until
                0x0000000020002988       0x20 CMakeFiles/blink.dir/home/yavuz/pico/pico-sdk/src/rp2_common/hardware_timer/timer.c.obj
                0x0000000020002988                busy_wait_until
 .text.hardware_alarm_set_callback
                0x00000000200029a8       0x8c CMakeFiles/blink.dir/home/yavuz/pico/pico-sdk/src/rp2_common/hardware_timer/timer.c.obj
                0x00000000200029a8                hardware_alarm_set_callback
 .text.hardware_alarm_set_target
                0x0000000020002a34       0xd4 CMakeFiles/blink.dir/home/yavuz/pico/pico-sdk/src/rp2_common/hardware_timer/timer.c.obj
                0x0000000020002a34                hardware_alarm_set_target
 .text.hardware_alarm_cancel
                0x0000000020002b08       0x3c CMakeFiles/blink.dir/home/yavuz/pico/pico-sdk/src/rp2_common/hardware_timer/timer.c.obj
                0x0000000020002b08                hardware_alarm_cancel
 .text.datetime_to_str
                0x0000000020002b44       0x50 CMakeFiles/blink.dir/home/yavuz/pico/pico-sdk/src/common/pico_util/datetime.c.obj
                0x0000000020002b44                datetime_to_str
 .text.ph_merge_nodes
                0x0000000020002b94       0x68 CMakeFiles/blink.dir/home/yavuz/pico/pico-sdk/src/common/pico_util/pheap.c.obj
 .text.ph_post_alloc_init
                0x0000000020002bfc       0x3c CMakeFiles/blink.dir/home/yavuz/pico/pico-sdk/src/common/pico_util/pheap.c.obj
                0x0000000020002bfc                ph_post_alloc_init
 .text.ph_merge_two_pass
                0x0000000020002c38       0x90 CMakeFiles/blink.dir/home/yavuz/pico/pico-sdk/src/common/pico_util/pheap.c.obj
                0x0000000020002c38                ph_merge_two_pass
 .text.ph_remove_any_head
                0x0000000020002cc8      0x100 CMakeFiles/blink.dir/home/yavuz/pico/pico-sdk/src/common/pico_util/pheap.c.obj
 .text.ph_remove_head
                0x0000000020002dc8      0x104 CMakeFiles/blink.dir/home/yavuz/pico/pico-sdk/src/common/pico_util/pheap.c.obj
                0x0000000020002dc8                ph_remove_head
 .text.ph_remove_and_free_node
                0x0000000020002ecc       0x7c CMakeFiles/blink.dir/home/yavuz/pico/pico-sdk/src/common/pico_util/pheap.c.obj
                0x0000000020002ecc                ph_remove_and_free_node
 .text.uart_init
                0x0000000020002f48      0x188 CMakeFiles/blink.dir/home/yavuz/pico/pico-sdk/src/rp2_common/hardware_uart/uart.c.obj
                0x0000000020002f48                uart_init
 .text.uart_set_baudrate
                0x00000000200030d0       0xb8 CMakeFiles/blink.dir/home/yavuz/pico/pico-sdk/src/rp2_common/hardware_uart/uart.c.obj
                0x00000000200030d0                uart_set_baudrate
 .text.uart_set_format
                0x0000000020003188       0x7c CMakeFiles/blink.dir/home/yavuz/pico/pico-sdk/src/rp2_common/hardware_uart/uart.c.obj
                0x0000000020003188                uart_set_format
 .text.uart_set_fifo_enabled
                0x0000000020003204       0x64 CMakeFiles/blink.dir/home/yavuz/pico/pico-sdk/src/rp2_common/hardware_uart/uart.c.obj
                0x0000000020003204                uart_set_fifo_enabled
 .text.uart_set_translate_crlf
                0x0000000020003268       0x28 CMakeFiles/blink.dir/home/yavuz/pico/pico-sdk/src/rp2_common/hardware_uart/uart.c.obj
                0x0000000020003268                uart_set_translate_crlf
 .text.clocks_init
                0x0000000020003290      0x2d0 CMakeFiles/blink.dir/home/yavuz/pico/pico-sdk/src/rp2_common/hardware_clocks/clocks.c.obj
                0x0000000020003290                clocks_init
 .text.clock_get_hz
                0x0000000020003560        0xc CMakeFiles/blink.dir/home/yavuz/pico/pico-sdk/src/rp2_common/hardware_clocks/clocks.c.obj
                0x0000000020003560                clock_get_hz
 .text.pll_init
                0x000000002000356c       0xa0 CMakeFiles/blink.dir/home/yavuz/pico/pico-sdk/src/rp2_common/hardware_pll/pll.c.obj
                0x000000002000356c                pll_init
 .text.watchdog_start_tick
                0x000000002000360c       0x10 CMakeFiles/blink.dir/home/yavuz/pico/pico-sdk/src/rp2_common/hardware_watchdog/watchdog.c.obj
                0x000000002000360c                watchdog_start_tick
 .text.watchdog_reboot
                0x000000002000361c       0x98 CMakeFiles/blink.dir/home/yavuz/pico/pico-sdk/src/rp2_common/hardware_watchdog/watchdog.c.obj
                0x000000002000361c                watchdog_reboot
 .text.xosc_init
                0x00000000200036b4       0x28 CMakeFiles/blink.dir/home/yavuz/pico/pico-sdk/src/rp2_common/hardware_xosc/xosc.c.obj
                0x00000000200036b4                xosc_init
 .text.runtime_init
                0x00000000200036dc       0xf0 CMakeFiles/blink.dir/home/yavuz/pico/pico-sdk/src/rp2_common/pico_runtime/runtime.c.obj
                0x00000000200036dc                runtime_init
 .text._exit    0x00000000200037cc        0x4 CMakeFiles/blink.dir/home/yavuz/pico/pico-sdk/src/rp2_common/pico_runtime/runtime.c.obj
                0x00000000200037cc                _exit
 .text.exit     0x00000000200037d0        0x8 CMakeFiles/blink.dir/home/yavuz/pico/pico-sdk/src/rp2_common/pico_runtime/runtime.c.obj
                0x00000000200037d0                exit
 .text.panic    0x00000000200037d8       0x30 CMakeFiles/blink.dir/home/yavuz/pico/pico-sdk/src/rp2_common/pico_runtime/runtime.c.obj
                0x00000000200037d8                panic
 .text.panic_unsupported
                0x0000000020003808        0xc CMakeFiles/blink.dir/home/yavuz/pico/pico-sdk/src/rp2_common/pico_runtime/runtime.c.obj
                0x0000000020003808                panic_unsupported
 .text.hard_assertion_failure
                0x0000000020003814        0xc CMakeFiles/blink.dir/home/yavuz/pico/pico-sdk/src/rp2_common/pico_runtime/runtime.c.obj
                0x0000000020003814                hard_assertion_failure
 .text._out_buffer
                0x0000000020003820        0x8 CMakeFiles/blink.dir/home/yavuz/pico/pico-sdk/src/rp2_common/pico_printf/printf.c.obj
 .text._out_null
                0x0000000020003828        0x4 CMakeFiles/blink.dir/home/yavuz/pico/pico-sdk/src/rp2_common/pico_printf/printf.c.obj
 .text._out_rev
                0x000000002000382c       0x9c CMakeFiles/blink.dir/home/yavuz/pico/pico-sdk/src/rp2_common/pico_printf/printf.c.obj
 .text._ntoa_format
                0x00000000200038c8      0x1cc CMakeFiles/blink.dir/home/yavuz/pico/pico-sdk/src/rp2_common/pico_printf/printf.c.obj
 .text._out_char
                0x0000000020003a94       0x10 CMakeFiles/blink.dir/home/yavuz/pico/pico-sdk/src/rp2_common/pico_printf/printf.c.obj
 .text._out_fct
                0x0000000020003aa4       0x10 CMakeFiles/blink.dir/home/yavuz/pico/pico-sdk/src/rp2_common/pico_printf/printf.c.obj
 .text._etoa    0x0000000020003ab4      0x44c CMakeFiles/blink.dir/home/yavuz/pico/pico-sdk/src/rp2_common/pico_printf/printf.c.obj
 .text._ftoa    0x0000000020003f00      0x398 CMakeFiles/blink.dir/home/yavuz/pico/pico-sdk/src/rp2_common/pico_printf/printf.c.obj
 .text._vsnprintf
                0x0000000020004298      0xb04 CMakeFiles/blink.dir/home/yavuz/pico/pico-sdk/src/rp2_common/pico_printf/printf.c.obj
 .text.__wrap_sprintf
                0x0000000020004d9c       0x28 CMakeFiles/blink.dir/home/yavuz/pico/pico-sdk/src/rp2_common/pico_printf/printf.c.obj
                0x0000000020004d9c                __wrap_sprintf
 .text.__wrap_snprintf
                0x0000000020004dc4       0x28 CMakeFiles/blink.dir/home/yavuz/pico/pico-sdk/src/rp2_common/pico_printf/printf.c.obj
                0x0000000020004dc4                __wrap_snprintf
 .text.vfctprintf
                0x0000000020004dec       0x20 CMakeFiles/blink.dir/home/yavuz/pico/pico-sdk/src/rp2_common/pico_printf/printf.c.obj
                0x0000000020004dec                vfctprintf
 .text.weak_raw_vprintf
                0x0000000020004e0c       0x30 CMakeFiles/blink.dir/home/yavuz/pico/pico-sdk/src/rp2_common/pico_printf/printf.c.obj
                0x0000000020004e0c                weak_raw_vprintf
 .text          0x0000000020004e3c       0x10 CMakeFiles/blink.dir/home/yavuz/pico/pico-sdk/src/rp2_common/pico_bit_ops/bit_ops_aeabi.S.obj
 .text.clzsi    0x0000000020004e4c        0xc CMakeFiles/blink.dir/home/yavuz/pico/pico-sdk/src/rp2_common/pico_bit_ops/bit_ops_aeabi.S.obj
                0x0000000020004e4c                __wrap___clz
                0x0000000020004e4c                __wrap___clzsi2
                0x0000000020004e4c                __wrap___clzl
 .text.rom_func_lookup
                0x0000000020004e58       0x10 CMakeFiles/blink.dir/home/yavuz/pico/pico-sdk/src/rp2_common/pico_bootrom/bootrom.c.obj
                0x0000000020004e58                rom_func_lookup
 .text.rom_data_lookup
                0x0000000020004e68       0x10 CMakeFiles/blink.dir/home/yavuz/pico/pico-sdk/src/rp2_common/pico_bootrom/bootrom.c.obj
                0x0000000020004e68                rom_data_lookup
 .text.rom_funcs_lookup
                0x0000000020004e78       0x44 CMakeFiles/blink.dir/home/yavuz/pico/pico-sdk/src/rp2_common/pico_bootrom/bootrom.c.obj
                0x0000000020004e78                rom_funcs_lookup
 .text.__wrap___aeabi_idiv
                0x0000000020004ebc       0x50 CMakeFiles/blink.dir/home/yavuz/pico/pico-sdk/src/rp2_common/pico_divider/divider.S.obj
                0x0000000020004ebc                __wrap___aeabi_idivmod
                0x0000000020004ebc                divmod_s32s32
                0x0000000020004ebc                div_s32s32
                0x0000000020004ebc                __wrap___aeabi_idiv
                0x0000000020004ec4                divmod_s32s32_unsafe
                0x0000000020004ef0                divmod_s32s32_savestate
 .text.__wrap___aeabi_uidiv
                0x0000000020004f0c       0x4c CMakeFiles/blink.dir/home/yavuz/pico/pico-sdk/src/rp2_common/pico_divider/divider.S.obj
                0x0000000020004f0c                __wrap___aeabi_uidiv
                0x0000000020004f0c                __wrap___aeabi_uidivmod
                0x0000000020004f0c                div_u32u32
                0x0000000020004f0c                divmod_u32u32
                0x0000000020004f14                divmod_u32u32_unsafe
                0x0000000020004f3c                divmod_u32u32_savestate
 .text.__wrap___aeabi_ldiv
                0x0000000020004f58      0x424 CMakeFiles/blink.dir/home/yavuz/pico/pico-sdk/src/rp2_common/pico_divider/divider.S.obj
                0x0000000020004f58                div_s64s64
                0x0000000020004f58                divmod_s64s64
                0x0000000020004f58                __wrap___aeabi_ldivmod
                0x0000000020004f88                div_u64u64
                0x0000000020004f88                divmod_u64u64
                0x0000000020004f88                __wrap___aeabi_uldivmod
                0x0000000020004f98                divmod_u64u64_savestate
                0x0000000020004fb8                divmod_s64s64_unsafe
                0x0000000020005040                divmod_u64u64_unsafe
 .text.__wrap___aeabi_darithmetic
                0x000000002000537c       0x80 CMakeFiles/blink.dir/home/yavuz/pico/pico-sdk/src/rp2_common/pico_double/double_aeabi.S.obj
                0x000000002000537c                __wrap___aeabi_drsub
                0x0000000020005382                __wrap___aeabi_dsub
                0x0000000020005394                __wrap___aeabi_dadd
                0x00000000200053a6                __wrap___aeabi_ddiv
                0x00000000200053e2                __wrap___aeabi_dmul
 .text.__wrap___aeabi_cdcmple
                0x00000000200053fc       0x6c CMakeFiles/blink.dir/home/yavuz/pico/pico-sdk/src/rp2_common/pico_double/double_aeabi.S.obj
                0x00000000200053fc                __wrap___aeabi_cdrcmple
                0x000000002000540c                __wrap___aeabi_cdcmple
                0x000000002000540c                __wrap___aeabi_cdcmpeq
 .text.__wrap___aeabi_dcmplt
                0x0000000020005468        0xc CMakeFiles/blink.dir/home/yavuz/pico/pico-sdk/src/rp2_common/pico_double/double_aeabi.S.obj
                0x0000000020005468                __wrap___aeabi_dcmplt
 .text.__wrap___aeabi_dcmple
                0x0000000020005474       0x10 CMakeFiles/blink.dir/home/yavuz/pico/pico-sdk/src/rp2_common/pico_double/double_aeabi.S.obj
                0x0000000020005474                __wrap___aeabi_dcmple
 .text.__wrap___aeabi_dcmpge
                0x0000000020005484       0x10 CMakeFiles/blink.dir/home/yavuz/pico/pico-sdk/src/rp2_common/pico_double/double_aeabi.S.obj
                0x0000000020005484                __wrap___aeabi_dcmpge
 .text.__wrap___aeabi_dcmpgt
                0x0000000020005494        0xa CMakeFiles/blink.dir/home/yavuz/pico/pico-sdk/src/rp2_common/pico_double/double_aeabi.S.obj
                0x0000000020005494                __wrap___aeabi_dcmpgt
 .text.__wrap___aeabi_dcmpun
                0x000000002000549e       0x1c CMakeFiles/blink.dir/home/yavuz/pico/pico-sdk/src/rp2_common/pico_double/double_aeabi.S.obj
                0x000000002000549e                __wrap___aeabi_dcmpun
 *fill*         0x00000000200054ba        0x2 
 .text.__wrap___aeabi_i2d
                0x00000000200054bc       0x38 CMakeFiles/blink.dir/home/yavuz/pico/pico-sdk/src/rp2_common/pico_double/double_aeabi.S.obj
                0x00000000200054bc                __wrap___aeabi_ui2d
                0x00000000200054c4                __wrap___aeabi_i2d
 .text.__wrap___aeabi_d2iz
                0x00000000200054f4       0x48 CMakeFiles/blink.dir/home/yavuz/pico/pico-sdk/src/rp2_common/pico_double/double_aeabi.S.obj
                0x00000000200054f4                __wrap___aeabi_d2iz
                0x00000000200054f4                double2int_z
 .text.__wrap___aeabi_d2uiz
                0x000000002000553c       0x18 CMakeFiles/blink.dir/home/yavuz/pico/pico-sdk/src/rp2_common/pico_double/double_aeabi.S.obj
                0x000000002000553c                double2uint
                0x000000002000553c                __wrap___aeabi_d2uiz
 .text.__wrap_srqt
                0x0000000020005554       0x18 CMakeFiles/blink.dir/home/yavuz/pico/pico-sdk/src/rp2_common/pico_double/double_aeabi.S.obj
                0x0000000020005554                __wrap_sqrt
 .text.__aeabi_double_init
                0x000000002000556c       0x94 CMakeFiles/blink.dir/home/yavuz/pico/pico-sdk/src/rp2_common/pico_double/double_init_rom.c.obj
                0x000000002000556c                __aeabi_double_init
 .text.double_table_shim_on_use_helper
                0x0000000020005600       0x2c CMakeFiles/blink.dir/home/yavuz/pico/pico-sdk/src/rp2_common/pico_double/double_v1_rom_shim.S.obj
                0x0000000020005600                double_table_shim_on_use_helper
 .text.__wrap___aeabi_dsub
                0x000000002000562c       0x10 CMakeFiles/blink.dir/home/yavuz/pico/pico-sdk/src/rp2_common/pico_double/double_v1_rom_shim.S.obj
                0x000000002000562c                drsub_shim
                0x0000000020005632                dsub_shim
 .text.dadd_shim
                0x000000002000563c      0x15c CMakeFiles/blink.dir/home/yavuz/pico/pico-sdk/src/rp2_common/pico_double/double_v1_rom_shim.S.obj
                0x000000002000563c                dadd_shim
 .text.dmul_shim
                0x0000000020005798      0x15c CMakeFiles/blink.dir/home/yavuz/pico/pico-sdk/src/rp2_common/pico_double/double_v1_rom_shim.S.obj
                0x0000000020005798                dmul_shim
 .text.ddiv_shim
                0x00000000200058f4      0x1b0 CMakeFiles/blink.dir/home/yavuz/pico/pico-sdk/src/rp2_common/pico_double/double_v1_rom_shim.S.obj
                0x00000000200058f4                ddiv_shim
 .text.dsqrt_shim
                0x0000000020005aa4      0x1a8 CMakeFiles/blink.dir/home/yavuz/pico/pico-sdk/src/rp2_common/pico_double/double_v1_rom_shim.S.obj
                0x0000000020005ac0                dsqrt_shim
 .text.double2uint_shim
                0x0000000020005c4c        0xe CMakeFiles/blink.dir/home/yavuz/pico/pico-sdk/src/rp2_common/pico_double/double_v1_rom_shim.S.obj
                0x0000000020005c4c                double2uint_shim
                0x0000000020005c4e                double2ufix_shim
 *fill*         0x0000000020005c5a        0x2 
 .text.double2uint64_shim
                0x0000000020005c5c       0x70 CMakeFiles/blink.dir/home/yavuz/pico/pico-sdk/src/rp2_common/pico_double/double_v1_rom_shim.S.obj
                0x0000000020005c5c                double2uint64_shim
                0x0000000020005c5e                double2ufix64_shim
                0x0000000020005c7e                d2fix_a
 .text.dunpacks
                0x0000000020005ccc       0x3c CMakeFiles/blink.dir/home/yavuz/pico/pico-sdk/src/rp2_common/pico_double/double_v1_rom_shim.S.obj
                0x0000000020005ccc                dunpacks
 .text.__aeabi_lmul
                0x0000000020005d08       0x32 CMakeFiles/blink.dir/home/yavuz/pico/pico-sdk/src/rp2_common/pico_int64_ops/pico_int64_ops_aeabi.S.obj
                0x0000000020005d08                __wrap___aeabi_lmul
 *fill*         0x0000000020005d3a        0x2 
 .text.__wrap___aeabi_farithmetic
                0x0000000020005d3c       0x48 CMakeFiles/blink.dir/home/yavuz/pico/pico-sdk/src/rp2_common/pico_float/float_aeabi.S.obj
                0x0000000020005d3c                __wrap___aeabi_frsub
                0x0000000020005d42                __wrap___aeabi_fsub
                0x0000000020005d48                __wrap___aeabi_fadd
                0x0000000020005d4e                __wrap___aeabi_fdiv
                0x0000000020005d76                __wrap___aeabi_fmul
 .text.__wrap___aeabi_i2f
                0x0000000020005d84       0x44 CMakeFiles/blink.dir/home/yavuz/pico/pico-sdk/src/rp2_common/pico_float/float_aeabi.S.obj
                0x0000000020005d84                __wrap___aeabi_i2f
 .text.__wrap___aeabi_f2uiz
                0x0000000020005dc8        0xc CMakeFiles/blink.dir/home/yavuz/pico/pico-sdk/src/rp2_common/pico_float/float_aeabi.S.obj
                0x0000000020005dc8                __wrap___aeabi_f2uiz
 .text.__aeabi_float_init
                0x0000000020005dd4       0x64 CMakeFiles/blink.dir/home/yavuz/pico/pico-sdk/src/rp2_common/pico_float/float_init_rom.c.obj
                0x0000000020005dd4                __aeabi_float_init
 .text.float_table_shim_on_use_helper
                0x0000000020005e38       0x2c CMakeFiles/blink.dir/home/yavuz/pico/pico-sdk/src/rp2_common/pico_float/float_v1_rom_shim.S.obj
                0x0000000020005e38                float_table_shim_on_use_helper
 .text          0x0000000020005e64       0x10 CMakeFiles/blink.dir/home/yavuz/pico/pico-sdk/src/rp2_common/pico_mem_ops/mem_ops_aeabi.S.obj
                0x0000000020005e64                __aeabi_mem_init
 .text.memset   0x0000000020005e74        0xc CMakeFiles/blink.dir/home/yavuz/pico/pico-sdk/src/rp2_common/pico_mem_ops/mem_ops_aeabi.S.obj
                0x0000000020005e74                __wrap_memset
 .text.memcpy   0x0000000020005e80        0xc CMakeFiles/blink.dir/home/yavuz/pico/pico-sdk/src/rp2_common/pico_mem_ops/mem_ops_aeabi.S.obj
                0x0000000020005e80                __wrap___aeabi_memcpy
                0x0000000020005e80                __wrap_memcpy
 .text.stdio_out_chars_no_crlf
                0x0000000020005e8c       0x10 CMakeFiles/blink.dir/home/yavuz/pico/pico-sdk/src/rp2_common/pico_stdio/stdio.c.obj
 .text.stdio_out_chars_crlf
                0x0000000020005e9c       0xb4 CMakeFiles/blink.dir/home/yavuz/pico/pico-sdk/src/rp2_common/pico_stdio/stdio.c.obj
 .text.stdio_buffered_printer
                0x0000000020005f50       0x64 CMakeFiles/blink.dir/home/yavuz/pico/pico-sdk/src/rp2_common/pico_stdio/stdio.c.obj
 .text.stdio_put_string.isra.0
                0x0000000020005fb4       0xfc CMakeFiles/blink.dir/home/yavuz/pico/pico-sdk/src/rp2_common/pico_stdio/stdio.c.obj
 .text.__wrap_putchar
                0x00000000200060b0       0x98 CMakeFiles/blink.dir/home/yavuz/pico/pico-sdk/src/rp2_common/pico_stdio/stdio.c.obj
                0x00000000200060b0                __wrap_putchar
 .text.__wrap_puts
                0x0000000020006148       0x3c CMakeFiles/blink.dir/home/yavuz/pico/pico-sdk/src/rp2_common/pico_stdio/stdio.c.obj
                0x0000000020006148                __wrap_puts
 .text.stdio_set_driver_enabled
                0x0000000020006184       0x30 CMakeFiles/blink.dir/home/yavuz/pico/pico-sdk/src/rp2_common/pico_stdio/stdio.c.obj
                0x0000000020006184                stdio_set_driver_enabled
 .text.__wrap_vprintf
                0x00000000200061b4       0xd8 CMakeFiles/blink.dir/home/yavuz/pico/pico-sdk/src/rp2_common/pico_stdio/stdio.c.obj
                0x00000000200061b4                __wrap_vprintf
 .text.__wrap_printf
                0x000000002000628c       0x18 CMakeFiles/blink.dir/home/yavuz/pico/pico-sdk/src/rp2_common/pico_stdio/stdio.c.obj
                0x000000002000628c                __wrap_printf
 .text.stdio_init_all
                0x00000000200062a4       0x10 CMakeFiles/blink.dir/home/yavuz/pico/pico-sdk/src/rp2_common/pico_stdio/stdio.c.obj
                0x00000000200062a4                stdio_init_all
 .text.stdio_uart_out_chars
                0x00000000200062b4       0x4c CMakeFiles/blink.dir/home/yavuz/pico/pico-sdk/src/rp2_common/pico_stdio_uart/stdio_uart.c.obj
 .text.stdio_uart_in_chars
                0x0000000020006300       0x84 CMakeFiles/blink.dir/home/yavuz/pico/pico-sdk/src/rp2_common/pico_stdio_uart/stdio_uart.c.obj
                0x0000000020006300                stdio_uart_in_chars
 .text.on_uart_rx
                0x0000000020006384       0x28 CMakeFiles/blink.dir/home/yavuz/pico/pico-sdk/src/rp2_common/pico_stdio_uart/stdio_uart.c.obj
 .text.stdio_uart_set_chars_available_callback
                0x00000000200063ac       0x8c CMakeFiles/blink.dir/home/yavuz/pico/pico-sdk/src/rp2_common/pico_stdio_uart/stdio_uart.c.obj
 .text.stdio_uart_init
                0x0000000020006438       0x48 CMakeFiles/blink.dir/home/yavuz/pico/pico-sdk/src/rp2_common/pico_stdio_uart/stdio_uart.c.obj
                0x0000000020006438                stdio_uart_init
 .text.resetd_init
                0x0000000020006480        0x4 CMakeFiles/blink.dir/home/yavuz/pico/pico-sdk/src/rp2_common/pico_stdio_usb/reset_interface.c.obj
 .text.resetd_reset
                0x0000000020006484        0xc CMakeFiles/blink.dir/home/yavuz/pico/pico-sdk/src/rp2_common/pico_stdio_usb/reset_interface.c.obj
 .text.resetd_open
                0x0000000020006490       0x28 CMakeFiles/blink.dir/home/yavuz/pico/pico-sdk/src/rp2_common/pico_stdio_usb/reset_interface.c.obj
 .text.resetd_xfer_cb
                0x00000000200064b8        0x4 CMakeFiles/blink.dir/home/yavuz/pico/pico-sdk/src/rp2_common/pico_stdio_usb/reset_interface.c.obj
 .text.resetd_control_xfer_cb
                0x00000000200064bc       0x64 CMakeFiles/blink.dir/home/yavuz/pico/pico-sdk/src/rp2_common/pico_stdio_usb/reset_interface.c.obj
 .text.usbd_app_driver_get_cb
                0x0000000020006520        0xc CMakeFiles/blink.dir/home/yavuz/pico/pico-sdk/src/rp2_common/pico_stdio_usb/reset_interface.c.obj
                0x0000000020006520                usbd_app_driver_get_cb
 .text.tud_cdc_line_coding_cb
                0x000000002000652c       0x34 CMakeFiles/blink.dir/home/yavuz/pico/pico-sdk/src/rp2_common/pico_stdio_usb/reset_interface.c.obj
                0x000000002000652c                tud_cdc_line_coding_cb
 .text.stdio_usb_set_chars_available_callback
                0x0000000020006560       0x14 CMakeFiles/blink.dir/home/yavuz/pico/pico-sdk/src/rp2_common/pico_stdio_usb/stdio_usb.c.obj
                0x0000000020006560                stdio_usb_set_chars_available_callback
 .text.usb_irq  0x0000000020006574       0x10 CMakeFiles/blink.dir/home/yavuz/pico/pico-sdk/src/rp2_common/pico_stdio_usb/stdio_usb.c.obj
 .text.timer_task
                0x0000000020006584       0x54 CMakeFiles/blink.dir/home/yavuz/pico/pico-sdk/src/rp2_common/pico_stdio_usb/stdio_usb.c.obj
 .text.stdio_usb_in_chars
                0x00000000200065d8       0x90 CMakeFiles/blink.dir/home/yavuz/pico/pico-sdk/src/rp2_common/pico_stdio_usb/stdio_usb.c.obj
                0x00000000200065d8                stdio_usb_in_chars
 .text.stdio_usb_out_chars
                0x0000000020006668      0x100 CMakeFiles/blink.dir/home/yavuz/pico/pico-sdk/src/rp2_common/pico_stdio_usb/stdio_usb.c.obj
 .text.low_priority_worker_irq
                0x0000000020006768       0xa8 CMakeFiles/blink.dir/home/yavuz/pico/pico-sdk/src/rp2_common/pico_stdio_usb/stdio_usb.c.obj
 .text.tud_cdc_rx_cb
                0x0000000020006810       0x20 CMakeFiles/blink.dir/home/yavuz/pico/pico-sdk/src/rp2_common/pico_stdio_usb/stdio_usb.c.obj
                0x0000000020006810                tud_cdc_rx_cb
 .text.stdio_usb_init
                0x0000000020006830       0xdc CMakeFiles/blink.dir/home/yavuz/pico/pico-sdk/src/rp2_common/pico_stdio_usb/stdio_usb.c.obj
                0x0000000020006830                stdio_usb_init
 .text.tud_descriptor_device_cb
                0x000000002000690c        0x8 CMakeFiles/blink.dir/home/yavuz/pico/pico-sdk/src/rp2_common/pico_stdio_usb/stdio_usb_descriptors.c.obj
                0x000000002000690c                tud_descriptor_device_cb
 .text.tud_descriptor_configuration_cb
                0x0000000020006914        0x8 CMakeFiles/blink.dir/home/yavuz/pico/pico-sdk/src/rp2_common/pico_stdio_usb/stdio_usb_descriptors.c.obj
                0x0000000020006914                tud_descriptor_configuration_cb
 .text.tud_descriptor_string_cb
                0x000000002000691c       0x74 CMakeFiles/blink.dir/home/yavuz/pico/pico-sdk/src/rp2_common/pico_stdio_usb/stdio_usb_descriptors.c.obj
                0x000000002000691c                tud_descriptor_string_cb
 .text.startup._retrieve_unique_id_on_boot
                0x0000000020006990       0x10 CMakeFiles/blink.dir/home/yavuz/pico/pico-sdk/src/rp2_common/pico_unique_id/unique_id.c.obj
 .text.pico_get_unique_board_id_string
                0x00000000200069a0      0x1a8 CMakeFiles/blink.dir/home/yavuz/pico/pico-sdk/src/rp2_common/pico_unique_id/unique_id.c.obj
                0x00000000200069a0                pico_get_unique_board_id_string
 .text.flash_get_unique_id
                0x0000000020006b48       0x40 CMakeFiles/blink.dir/home/yavuz/pico/pico-sdk/src/rp2_common/hardware_flash/flash.c.obj
                0x0000000020006b48                flash_get_unique_id
 .text.dcd_int_enable
                0x0000000020006b88        0xc CMakeFiles/blink.dir/home/yavuz/pico/pico-sdk/lib/tinyusb/src/portable/raspberrypi/rp2040/dcd_rp2040.c.obj
                0x0000000020006b88                dcd_int_enable
 .text.dcd_set_address
                0x0000000020006b94       0x14 CMakeFiles/blink.dir/home/yavuz/pico/pico-sdk/lib/tinyusb/src/portable/raspberrypi/rp2040/dcd_rp2040.c.obj
                0x0000000020006b94                dcd_set_address
 .text.dcd_connect
                0x0000000020006ba8       0x10 CMakeFiles/blink.dir/home/yavuz/pico/pico-sdk/lib/tinyusb/src/portable/raspberrypi/rp2040/dcd_rp2040.c.obj
                0x0000000020006ba8                dcd_connect
 .text.dcd_init
                0x0000000020006bb8       0x98 CMakeFiles/blink.dir/home/yavuz/pico/pico-sdk/lib/tinyusb/src/portable/raspberrypi/rp2040/dcd_rp2040.c.obj
                0x0000000020006bb8                dcd_init
 .text.dcd_edpt0_status_complete
                0x0000000020006c50       0x1c CMakeFiles/blink.dir/home/yavuz/pico/pico-sdk/lib/tinyusb/src/portable/raspberrypi/rp2040/dcd_rp2040.c.obj
                0x0000000020006c50                dcd_edpt0_status_complete
 .text.dcd_edpt_open
                0x0000000020006c6c      0x108 CMakeFiles/blink.dir/home/yavuz/pico/pico-sdk/lib/tinyusb/src/portable/raspberrypi/rp2040/dcd_rp2040.c.obj
                0x0000000020006c6c                dcd_edpt_open
 .text.dcd_edpt_close_all
                0x0000000020006d74        0x8 CMakeFiles/blink.dir/home/yavuz/pico/pico-sdk/lib/tinyusb/src/portable/raspberrypi/rp2040/dcd_rp2040.c.obj
                0x0000000020006d74                dcd_edpt_close_all
 .text.dcd_edpt_xfer
                0x0000000020006d7c       0x24 CMakeFiles/blink.dir/home/yavuz/pico/pico-sdk/lib/tinyusb/src/portable/raspberrypi/rp2040/dcd_rp2040.c.obj
                0x0000000020006d7c                dcd_edpt_xfer
 .text.dcd_edpt_stall
                0x0000000020006da0       0x38 CMakeFiles/blink.dir/home/yavuz/pico/pico-sdk/lib/tinyusb/src/portable/raspberrypi/rp2040/dcd_rp2040.c.obj
                0x0000000020006da0                dcd_edpt_stall
 .text.dcd_edpt_clear_stall
                0x0000000020006dd8       0x30 CMakeFiles/blink.dir/home/yavuz/pico/pico-sdk/lib/tinyusb/src/portable/raspberrypi/rp2040/dcd_rp2040.c.obj
                0x0000000020006dd8                dcd_edpt_clear_stall
 .text.rp2040_usb_init
                0x0000000020006e08       0x4c CMakeFiles/blink.dir/home/yavuz/pico/pico-sdk/lib/tinyusb/src/portable/raspberrypi/rp2040/rp2040_usb.c.obj
                0x0000000020006e08                rp2040_usb_init
 .text.hw_endpoint_xfer_start
                0x0000000020006e54       0x50 CMakeFiles/blink.dir/home/yavuz/pico/pico-sdk/lib/tinyusb/src/portable/raspberrypi/rp2040/rp2040_usb.c.obj
                0x0000000020006e54                hw_endpoint_xfer_start
 .text.tud_mounted
                0x0000000020006ea4       0x10 CMakeFiles/blink.dir/home/yavuz/pico/pico-sdk/lib/tinyusb/src/device/usbd.c.obj
                0x0000000020006ea4                tud_mounted
 .text.tud_suspended
                0x0000000020006eb4       0x10 CMakeFiles/blink.dir/home/yavuz/pico/pico-sdk/lib/tinyusb/src/device/usbd.c.obj
                0x0000000020006eb4                tud_suspended
 .text.tud_inited
                0x0000000020006ec4       0x14 CMakeFiles/blink.dir/home/yavuz/pico/pico-sdk/lib/tinyusb/src/device/usbd.c.obj
                0x0000000020006ec4                tud_inited
 .text.tud_init
                0x0000000020006ed8       0xe4 CMakeFiles/blink.dir/home/yavuz/pico/pico-sdk/lib/tinyusb/src/device/usbd.c.obj
                0x0000000020006ed8                tud_init
 .text.tud_task_ext
                0x0000000020006fbc      0x854 CMakeFiles/blink.dir/home/yavuz/pico/pico-sdk/lib/tinyusb/src/device/usbd.c.obj
                0x0000000020006fbc                tud_task_ext
 .text.usbd_open_edpt_pair
                0x0000000020007810       0x9c CMakeFiles/blink.dir/home/yavuz/pico/pico-sdk/lib/tinyusb/src/device/usbd.c.obj
                0x0000000020007810                usbd_open_edpt_pair
 .text.usbd_defer_func
                0x00000000200078ac       0x48 CMakeFiles/blink.dir/home/yavuz/pico/pico-sdk/lib/tinyusb/src/device/usbd.c.obj
                0x00000000200078ac                usbd_defer_func
 .text.usbd_edpt_open
                0x00000000200078f4       0x34 CMakeFiles/blink.dir/home/yavuz/pico/pico-sdk/lib/tinyusb/src/device/usbd.c.obj
                0x00000000200078f4                usbd_edpt_open
 .text.usbd_edpt_claim
                0x0000000020007928       0x28 CMakeFiles/blink.dir/home/yavuz/pico/pico-sdk/lib/tinyusb/src/device/usbd.c.obj
                0x0000000020007928                usbd_edpt_claim
 .text.usbd_edpt_release
                0x0000000020007950       0x28 CMakeFiles/blink.dir/home/yavuz/pico/pico-sdk/lib/tinyusb/src/device/usbd.c.obj
                0x0000000020007950                usbd_edpt_release
 .text.usbd_edpt_xfer
                0x0000000020007978       0x4c CMakeFiles/blink.dir/home/yavuz/pico/pico-sdk/lib/tinyusb/src/device/usbd.c.obj
                0x0000000020007978                usbd_edpt_xfer
 .text.tud_control_status
                0x00000000200079c4       0x30 CMakeFiles/blink.dir/home/yavuz/pico/pico-sdk/lib/tinyusb/src/device/usbd_control.c.obj
                0x00000000200079c4                tud_control_status
 .text.tud_control_xfer
                0x00000000200079f4       0xbc CMakeFiles/blink.dir/home/yavuz/pico/pico-sdk/lib/tinyusb/src/device/usbd_control.c.obj
                0x00000000200079f4                tud_control_xfer
 .text.usbd_control_reset
                0x0000000020007ab0       0x14 CMakeFiles/blink.dir/home/yavuz/pico/pico-sdk/lib/tinyusb/src/device/usbd_control.c.obj
                0x0000000020007ab0                usbd_control_reset
 .text.usbd_control_set_complete_callback
                0x0000000020007ac4        0xc CMakeFiles/blink.dir/home/yavuz/pico/pico-sdk/lib/tinyusb/src/device/usbd_control.c.obj
                0x0000000020007ac4                usbd_control_set_complete_callback
 .text.usbd_control_set_request
                0x0000000020007ad0       0x1c CMakeFiles/blink.dir/home/yavuz/pico/pico-sdk/lib/tinyusb/src/device/usbd_control.c.obj
                0x0000000020007ad0                usbd_control_set_request
 .text.usbd_control_xfer_cb
                0x0000000020007aec       0xfc CMakeFiles/blink.dir/home/yavuz/pico/pico-sdk/lib/tinyusb/src/device/usbd_control.c.obj
                0x0000000020007aec                usbd_control_xfer_cb
 .text.tud_cdc_n_connected
                0x0000000020007be8       0x30 CMakeFiles/blink.dir/home/yavuz/pico/pico-sdk/lib/tinyusb/src/class/cdc/cdc_device.c.obj
                0x0000000020007be8                tud_cdc_n_connected
 .text.tud_cdc_n_available
                0x0000000020007c18       0x18 CMakeFiles/blink.dir/home/yavuz/pico/pico-sdk/lib/tinyusb/src/class/cdc/cdc_device.c.obj
                0x0000000020007c18                tud_cdc_n_available
 .text.tud_cdc_n_read
                0x0000000020007c30       0x70 CMakeFiles/blink.dir/home/yavuz/pico/pico-sdk/lib/tinyusb/src/class/cdc/cdc_device.c.obj
                0x0000000020007c30                tud_cdc_n_read
 .text.tud_cdc_n_write_flush
                0x0000000020007ca0       0x78 CMakeFiles/blink.dir/home/yavuz/pico/pico-sdk/lib/tinyusb/src/class/cdc/cdc_device.c.obj
                0x0000000020007ca0                tud_cdc_n_write_flush
 .text.tud_cdc_n_write
                0x0000000020007d18       0x34 CMakeFiles/blink.dir/home/yavuz/pico/pico-sdk/lib/tinyusb/src/class/cdc/cdc_device.c.obj
                0x0000000020007d18                tud_cdc_n_write
 .text.tud_cdc_n_write_available
                0x0000000020007d4c       0x18 CMakeFiles/blink.dir/home/yavuz/pico/pico-sdk/lib/tinyusb/src/class/cdc/cdc_device.c.obj
                0x0000000020007d4c                tud_cdc_n_write_available
 .text.cdcd_init
                0x0000000020007d64       0x7c CMakeFiles/blink.dir/home/yavuz/pico/pico-sdk/lib/tinyusb/src/class/cdc/cdc_device.c.obj
                0x0000000020007d64                cdcd_init
 .text.cdcd_reset
                0x0000000020007de0       0x2c CMakeFiles/blink.dir/home/yavuz/pico/pico-sdk/lib/tinyusb/src/class/cdc/cdc_device.c.obj
                0x0000000020007de0                cdcd_reset
 .text.cdcd_open
                0x0000000020007e0c       0xe8 CMakeFiles/blink.dir/home/yavuz/pico/pico-sdk/lib/tinyusb/src/class/cdc/cdc_device.c.obj
                0x0000000020007e0c                cdcd_open
 .text.cdcd_control_xfer_cb
                0x0000000020007ef4       0xe4 CMakeFiles/blink.dir/home/yavuz/pico/pico-sdk/lib/tinyusb/src/class/cdc/cdc_device.c.obj
                0x0000000020007ef4                cdcd_control_xfer_cb
 .text.cdcd_xfer_cb
                0x0000000020007fd8      0x148 CMakeFiles/blink.dir/home/yavuz/pico/pico-sdk/lib/tinyusb/src/class/cdc/cdc_device.c.obj
                0x0000000020007fd8                cdcd_xfer_cb
 .text.tusb_init
                0x0000000020008120        0xc CMakeFiles/blink.dir/home/yavuz/pico/pico-sdk/lib/tinyusb/src/tusb.c.obj
                0x0000000020008120                tusb_init
 .text.tusb_inited
                0x000000002000812c        0x8 CMakeFiles/blink.dir/home/yavuz/pico/pico-sdk/lib/tinyusb/src/tusb.c.obj
                0x000000002000812c                tusb_inited
 .text.tu_edpt_claim
                0x0000000020008134       0x50 CMakeFiles/blink.dir/home/yavuz/pico/pico-sdk/lib/tinyusb/src/tusb.c.obj
                0x0000000020008134                tu_edpt_claim
 .text.tu_edpt_release
                0x0000000020008184       0x38 CMakeFiles/blink.dir/home/yavuz/pico/pico-sdk/lib/tinyusb/src/tusb.c.obj
                0x0000000020008184                tu_edpt_release
 .text.tu_edpt_validate
                0x00000000200081bc       0x78 CMakeFiles/blink.dir/home/yavuz/pico/pico-sdk/lib/tinyusb/src/tusb.c.obj
                0x00000000200081bc                tu_edpt_validate
 .text.tu_edpt_bind_driver
                0x0000000020008234       0x34 CMakeFiles/blink.dir/home/yavuz/pico/pico-sdk/lib/tinyusb/src/tusb.c.obj
                0x0000000020008234                tu_edpt_bind_driver
 .text.tu_fifo_config
                0x0000000020008268       0x70 CMakeFiles/blink.dir/home/yavuz/pico/pico-sdk/lib/tinyusb/src/common/tusb_fifo.c.obj
                0x0000000020008268                tu_fifo_config
 .text.tu_fifo_count
                0x00000000200082d8       0x2c CMakeFiles/blink.dir/home/yavuz/pico/pico-sdk/lib/tinyusb/src/common/tusb_fifo.c.obj
                0x00000000200082d8                tu_fifo_count
 .text.tu_fifo_empty
                0x0000000020008304       0x10 CMakeFiles/blink.dir/home/yavuz/pico/pico-sdk/lib/tinyusb/src/common/tusb_fifo.c.obj
                0x0000000020008304                tu_fifo_empty
 .text.tu_fifo_remaining
                0x0000000020008314       0x2c CMakeFiles/blink.dir/home/yavuz/pico/pico-sdk/lib/tinyusb/src/common/tusb_fifo.c.obj
                0x0000000020008314                tu_fifo_remaining
 .text.tu_fifo_read
                0x0000000020008340       0xa0 CMakeFiles/blink.dir/home/yavuz/pico/pico-sdk/lib/tinyusb/src/common/tusb_fifo.c.obj
                0x0000000020008340                tu_fifo_read
 .text.tu_fifo_read_n
                0x00000000200083e0       0xec CMakeFiles/blink.dir/home/yavuz/pico/pico-sdk/lib/tinyusb/src/common/tusb_fifo.c.obj
                0x00000000200083e0                tu_fifo_read_n
 .text.tu_fifo_write
                0x00000000200084cc       0x88 CMakeFiles/blink.dir/home/yavuz/pico/pico-sdk/lib/tinyusb/src/common/tusb_fifo.c.obj
                0x00000000200084cc                tu_fifo_write
 .text.tu_fifo_write_n
                0x0000000020008554      0x168 CMakeFiles/blink.dir/home/yavuz/pico/pico-sdk/lib/tinyusb/src/common/tusb_fifo.c.obj
                0x0000000020008554                tu_fifo_write_n
 .text.tu_fifo_clear
                0x00000000200086bc       0x40 CMakeFiles/blink.dir/home/yavuz/pico/pico-sdk/lib/tinyusb/src/common/tusb_fifo.c.obj
                0x00000000200086bc                tu_fifo_clear
 .text.tu_fifo_set_overwritable
                0x00000000200086fc       0x48 CMakeFiles/blink.dir/home/yavuz/pico/pico-sdk/lib/tinyusb/src/common/tusb_fifo.c.obj
                0x00000000200086fc                tu_fifo_set_overwritable
 .text.vPortSVCHandler
                0x0000000020008744        0x4 CMakeFiles/blink.dir/home/yavuz/pico/freertos-pico/FreeRTOS-Kernel/portable/ThirdParty/GCC/RP2040/port.c.obj
                0x0000000020008744                vPortSVCHandler
 *fill*         0x0000000020008748        0x8 
 .text.vPortStartFirstTask
                0x0000000020008750       0x38 CMakeFiles/blink.dir/home/yavuz/pico/freertos-pico/FreeRTOS-Kernel/portable/ThirdParty/GCC/RP2040/port.c.obj
 .text.prvFIFOInterruptHandler
                0x0000000020008788       0x2c CMakeFiles/blink.dir/home/yavuz/pico/freertos-pico/FreeRTOS-Kernel/portable/ThirdParty/GCC/RP2040/port.c.obj
 *fill*         0x00000000200087b4        0xc 
 .text.xPortPendSVHandler
                0x00000000200087c0       0x78 CMakeFiles/blink.dir/home/yavuz/pico/freertos-pico/FreeRTOS-Kernel/portable/ThirdParty/GCC/RP2040/port.c.obj
                0x00000000200087c0                xPortPendSVHandler
 .text.xPortSysTickHandler
                0x0000000020008838       0x2c CMakeFiles/blink.dir/home/yavuz/pico/freertos-pico/FreeRTOS-Kernel/portable/ThirdParty/GCC/RP2040/port.c.obj
                0x0000000020008838                xPortSysTickHandler
 .text.prvTaskExitError
                0x0000000020008864        0x8 CMakeFiles/blink.dir/home/yavuz/pico/freertos-pico/FreeRTOS-Kernel/portable/ThirdParty/GCC/RP2040/port.c.obj
 .text.pxPortInitialiseStack
                0x000000002000886c       0x20 CMakeFiles/blink.dir/home/yavuz/pico/freertos-pico/FreeRTOS-Kernel/portable/ThirdParty/GCC/RP2040/port.c.obj
                0x000000002000886c                pxPortInitialiseStack
 .text.vPortYield
                0x000000002000888c       0x18 CMakeFiles/blink.dir/home/yavuz/pico/freertos-pico/FreeRTOS-Kernel/portable/ThirdParty/GCC/RP2040/port.c.obj
                0x000000002000888c                vPortYield
 .text.vPortEnableInterrupts
                0x00000000200088a4       0x30 CMakeFiles/blink.dir/home/yavuz/pico/freertos-pico/FreeRTOS-Kernel/portable/ThirdParty/GCC/RP2040/port.c.obj
                0x00000000200088a4                vPortEnableInterrupts
 .text.vYieldCore
                0x00000000200088d4        0xc CMakeFiles/blink.dir/home/yavuz/pico/freertos-pico/FreeRTOS-Kernel/portable/ThirdParty/GCC/RP2040/port.c.obj
                0x00000000200088d4                vYieldCore
 .text.vPortSetupTimerInterrupt
                0x00000000200088e0       0x34 CMakeFiles/blink.dir/home/yavuz/pico/freertos-pico/FreeRTOS-Kernel/portable/ThirdParty/GCC/RP2040/port.c.obj
                0x00000000200088e0                vPortSetupTimerInterrupt
 .text.xPortStartSchedulerOnCore.isra.0
                0x0000000020008914       0xac CMakeFiles/blink.dir/home/yavuz/pico/freertos-pico/FreeRTOS-Kernel/portable/ThirdParty/GCC/RP2040/port.c.obj
 .text.prvDisableInterruptsAndPortStartSchedulerOnCore
                0x00000000200089c0        0xc CMakeFiles/blink.dir/home/yavuz/pico/freertos-pico/FreeRTOS-Kernel/portable/ThirdParty/GCC/RP2040/port.c.obj
 .text.xPortStartScheduler
                0x00000000200089cc       0x28 CMakeFiles/blink.dir/home/yavuz/pico/freertos-pico/FreeRTOS-Kernel/portable/ThirdParty/GCC/RP2040/port.c.obj
                0x00000000200089cc                xPortStartScheduler
 .text.ulPortLockGetCurrentOwnerId
                0x00000000200089f4       0x30 CMakeFiles/blink.dir/home/yavuz/pico/freertos-pico/FreeRTOS-Kernel/portable/ThirdParty/GCC/RP2040/port.c.obj
                0x00000000200089f4                ulPortLockGetCurrentOwnerId
 .text.vPortLockInternalSpinUnlockWithWait
                0x0000000020008a24       0x6c CMakeFiles/blink.dir/home/yavuz/pico/freertos-pico/FreeRTOS-Kernel/portable/ThirdParty/GCC/RP2040/port.c.obj
                0x0000000020008a24                vPortLockInternalSpinUnlockWithWait
 .text.vPortLockInternalSpinUnlockWithNotify
                0x0000000020008a90       0x84 CMakeFiles/blink.dir/home/yavuz/pico/freertos-pico/FreeRTOS-Kernel/portable/ThirdParty/GCC/RP2040/port.c.obj
                0x0000000020008a90                vPortLockInternalSpinUnlockWithNotify
 .text.xPortLockInternalSpinUnlockWithBestEffortWaitOrTimeout
                0x0000000020008b14       0xec CMakeFiles/blink.dir/home/yavuz/pico/freertos-pico/FreeRTOS-Kernel/portable/ThirdParty/GCC/RP2040/port.c.obj
                0x0000000020008b14                xPortLockInternalSpinUnlockWithBestEffortWaitOrTimeout
 .text.startup.prvRuntimeInitializer
                0x0000000020008c00       0x10 CMakeFiles/blink.dir/home/yavuz/pico/freertos-pico/FreeRTOS-Kernel/portable/ThirdParty/GCC/RP2040/port.c.obj
 .text.vEventGroupSetBitsCallback
                0x0000000020008c10       0x8c CMakeFiles/blink.dir/home/yavuz/pico/freertos-pico/FreeRTOS-Kernel/event_groups.c.obj
                0x0000000020008c10                vEventGroupSetBitsCallback
 .text.xEventGroupCreate
                0x0000000020008c9c       0x18 CMakeFiles/blink.dir/home/yavuz/pico/freertos-pico/FreeRTOS-Kernel/event_groups.c.obj
                0x0000000020008c9c                xEventGroupCreate
 .text.xEventGroupWaitBits
                0x0000000020008cb4       0xb8 CMakeFiles/blink.dir/home/yavuz/pico/freertos-pico/FreeRTOS-Kernel/event_groups.c.obj
                0x0000000020008cb4                xEventGroupWaitBits
 .text.xEventGroupSetBits
                0x0000000020008d6c       0x90 CMakeFiles/blink.dir/home/yavuz/pico/freertos-pico/FreeRTOS-Kernel/event_groups.c.obj
                0x0000000020008d6c                xEventGroupSetBits
 .text.xEventGroupSetBitsFromISR
                0x0000000020008dfc       0x14 CMakeFiles/blink.dir/home/yavuz/pico/freertos-pico/FreeRTOS-Kernel/event_groups.c.obj
                0x0000000020008dfc                xEventGroupSetBitsFromISR
 .text.vListInitialise
                0x0000000020008e10       0x18 CMakeFiles/blink.dir/home/yavuz/pico/freertos-pico/FreeRTOS-Kernel/list.c.obj
                0x0000000020008e10                vListInitialise
 .text.vListInitialiseItem
                0x0000000020008e28        0x8 CMakeFiles/blink.dir/home/yavuz/pico/freertos-pico/FreeRTOS-Kernel/list.c.obj
                0x0000000020008e28                vListInitialiseItem
 .text.vListInsertEnd
                0x0000000020008e30       0x18 CMakeFiles/blink.dir/home/yavuz/pico/freertos-pico/FreeRTOS-Kernel/list.c.obj
                0x0000000020008e30                vListInsertEnd
 .text.vListInsert
                0x0000000020008e48       0x30 CMakeFiles/blink.dir/home/yavuz/pico/freertos-pico/FreeRTOS-Kernel/list.c.obj
                0x0000000020008e48                vListInsert
 .text.uxListRemove
                0x0000000020008e78       0x24 CMakeFiles/blink.dir/home/yavuz/pico/freertos-pico/FreeRTOS-Kernel/list.c.obj
                0x0000000020008e78                uxListRemove
 .text.prvUnlockQueue
                0x0000000020008e9c      0x140 CMakeFiles/blink.dir/home/yavuz/pico/freertos-pico/FreeRTOS-Kernel/queue.c.obj
 .text.prvNotifyQueueSetContainer
                0x0000000020008fdc       0x94 CMakeFiles/blink.dir/home/yavuz/pico/freertos-pico/FreeRTOS-Kernel/queue.c.obj
 .text.xQueueGenericCreate
                0x0000000020009070       0x6c CMakeFiles/blink.dir/home/yavuz/pico/freertos-pico/FreeRTOS-Kernel/queue.c.obj
                0x0000000020009070                xQueueGenericCreate
 .text.xQueueGenericSend
                0x00000000200090dc      0x1cc CMakeFiles/blink.dir/home/yavuz/pico/freertos-pico/FreeRTOS-Kernel/queue.c.obj
                0x00000000200090dc                xQueueGenericSend
 .text.xQueueGenericSendFromISR
                0x00000000200092a8      0x134 CMakeFiles/blink.dir/home/yavuz/pico/freertos-pico/FreeRTOS-Kernel/queue.c.obj
                0x00000000200092a8                xQueueGenericSendFromISR
 .text.xQueueReceive
                0x00000000200093dc      0x11c CMakeFiles/blink.dir/home/yavuz/pico/freertos-pico/FreeRTOS-Kernel/queue.c.obj
                0x00000000200093dc                xQueueReceive
 .text.vQueueAddToRegistry
                0x00000000200094f8       0x60 CMakeFiles/blink.dir/home/yavuz/pico/freertos-pico/FreeRTOS-Kernel/queue.c.obj
                0x00000000200094f8                vQueueAddToRegistry
 .text.vQueueWaitForMessageRestricted
                0x0000000020009558       0x48 CMakeFiles/blink.dir/home/yavuz/pico/freertos-pico/FreeRTOS-Kernel/queue.c.obj
                0x0000000020009558                vQueueWaitForMessageRestricted
 .text.prvMinimalIdleTask
                0x00000000200095a0       0x18 CMakeFiles/blink.dir/home/yavuz/pico/freertos-pico/FreeRTOS-Kernel/tasks.c.obj
 .text.prvAddCurrentTaskToDelayedList
                0x00000000200095b8       0xe0 CMakeFiles/blink.dir/home/yavuz/pico/freertos-pico/FreeRTOS-Kernel/tasks.c.obj
 .text.vTaskExitCritical.part.0
                0x0000000020009698       0xc4 CMakeFiles/blink.dir/home/yavuz/pico/freertos-pico/FreeRTOS-Kernel/tasks.c.obj
 .text.prvCheckForRunStateChange.part.0
                0x000000002000975c      0x18c CMakeFiles/blink.dir/home/yavuz/pico/freertos-pico/FreeRTOS-Kernel/tasks.c.obj
 .text.vTaskSuspendAll.part.0
                0x00000000200098e8       0xfc CMakeFiles/blink.dir/home/yavuz/pico/freertos-pico/FreeRTOS-Kernel/tasks.c.obj
 .text.prvIdleTask
                0x00000000200099e4      0x1f0 CMakeFiles/blink.dir/home/yavuz/pico/freertos-pico/FreeRTOS-Kernel/tasks.c.obj
 .text.prvYieldForTask
                0x0000000020009bd4       0xe0 CMakeFiles/blink.dir/home/yavuz/pico/freertos-pico/FreeRTOS-Kernel/tasks.c.obj
 .text.vTaskSuspendAll
                0x0000000020009cb4      0x108 CMakeFiles/blink.dir/home/yavuz/pico/freertos-pico/FreeRTOS-Kernel/tasks.c.obj
                0x0000000020009cb4                vTaskSuspendAll
 .text.xTaskGetTickCount
                0x0000000020009dbc        0xc CMakeFiles/blink.dir/home/yavuz/pico/freertos-pico/FreeRTOS-Kernel/tasks.c.obj
                0x0000000020009dbc                xTaskGetTickCount
 .text.vTaskSwitchContext
                0x0000000020009dc8      0x350 CMakeFiles/blink.dir/home/yavuz/pico/freertos-pico/FreeRTOS-Kernel/tasks.c.obj
                0x0000000020009dc8                vTaskSwitchContext
 .text.vTaskPlaceOnEventList
                0x000000002000a118       0xe0 CMakeFiles/blink.dir/home/yavuz/pico/freertos-pico/FreeRTOS-Kernel/tasks.c.obj
                0x000000002000a118                vTaskPlaceOnEventList
 .text.vTaskPlaceOnUnorderedEventList
                0x000000002000a1f8       0x48 CMakeFiles/blink.dir/home/yavuz/pico/freertos-pico/FreeRTOS-Kernel/tasks.c.obj
                0x000000002000a1f8                vTaskPlaceOnUnorderedEventList
 .text.vTaskPlaceOnEventListRestricted
                0x000000002000a240      0x100 CMakeFiles/blink.dir/home/yavuz/pico/freertos-pico/FreeRTOS-Kernel/tasks.c.obj
                0x000000002000a240                vTaskPlaceOnEventListRestricted
 .text.xTaskRemoveFromEventList
                0x000000002000a340      0x140 CMakeFiles/blink.dir/home/yavuz/pico/freertos-pico/FreeRTOS-Kernel/tasks.c.obj
                0x000000002000a340                xTaskRemoveFromEventList
 .text.vTaskInternalSetTimeOutState
                0x000000002000a480       0x18 CMakeFiles/blink.dir/home/yavuz/pico/freertos-pico/FreeRTOS-Kernel/tasks.c.obj
                0x000000002000a480                vTaskInternalSetTimeOutState
 .text.xTaskCheckForTimeOut
                0x000000002000a498      0x1e0 CMakeFiles/blink.dir/home/yavuz/pico/freertos-pico/FreeRTOS-Kernel/tasks.c.obj
                0x000000002000a498                xTaskCheckForTimeOut
 .text.vTaskMissedYield
                0x000000002000a678       0x14 CMakeFiles/blink.dir/home/yavuz/pico/freertos-pico/FreeRTOS-Kernel/tasks.c.obj
                0x000000002000a678                vTaskMissedYield
 .text.xTaskGetCurrentTaskHandle
                0x000000002000a68c       0x1c CMakeFiles/blink.dir/home/yavuz/pico/freertos-pico/FreeRTOS-Kernel/tasks.c.obj
                0x000000002000a68c                xTaskGetCurrentTaskHandle
 .text.xTaskGetSchedulerState
                0x000000002000a6a8      0x14c CMakeFiles/blink.dir/home/yavuz/pico/freertos-pico/FreeRTOS-Kernel/tasks.c.obj
                0x000000002000a6a8                xTaskGetSchedulerState
 .text.xTaskPriorityDisinherit
                0x000000002000a7f4       0x58 CMakeFiles/blink.dir/home/yavuz/pico/freertos-pico/FreeRTOS-Kernel/tasks.c.obj
                0x000000002000a7f4                xTaskPriorityDisinherit
 .text.vTaskYieldWithinAPI
                0x000000002000a84c       0x34 CMakeFiles/blink.dir/home/yavuz/pico/freertos-pico/FreeRTOS-Kernel/tasks.c.obj
                0x000000002000a84c                vTaskYieldWithinAPI
 .text.vTaskEnterCritical
                0x000000002000a880      0x110 CMakeFiles/blink.dir/home/yavuz/pico/freertos-pico/FreeRTOS-Kernel/tasks.c.obj
                0x000000002000a880                vTaskEnterCritical
 .text.xTaskCreateAffinitySet
                0x000000002000a990      0x2e0 CMakeFiles/blink.dir/home/yavuz/pico/freertos-pico/FreeRTOS-Kernel/tasks.c.obj
                0x000000002000a990                xTaskCreateAffinitySet
 .text.vTaskStartScheduler
                0x000000002000ac70       0xc0 CMakeFiles/blink.dir/home/yavuz/pico/freertos-pico/FreeRTOS-Kernel/tasks.c.obj
                0x000000002000ac70                vTaskStartScheduler
 .text.xTaskIncrementTick
                0x000000002000ad30      0x240 CMakeFiles/blink.dir/home/yavuz/pico/freertos-pico/FreeRTOS-Kernel/tasks.c.obj
                0x000000002000ad30                xTaskIncrementTick
 .text.xTaskResumeAll.part.0
                0x000000002000af70      0x144 CMakeFiles/blink.dir/home/yavuz/pico/freertos-pico/FreeRTOS-Kernel/tasks.c.obj
 .text.xTaskResumeAll
                0x000000002000b0b4       0x18 CMakeFiles/blink.dir/home/yavuz/pico/freertos-pico/FreeRTOS-Kernel/tasks.c.obj
                0x000000002000b0b4                xTaskResumeAll
 .text.vTaskDelay
                0x000000002000b0cc       0x70 CMakeFiles/blink.dir/home/yavuz/pico/freertos-pico/FreeRTOS-Kernel/tasks.c.obj
                0x000000002000b0cc                vTaskDelay
 .text.vTaskRemoveFromUnorderedEventList
                0x000000002000b13c       0x7c CMakeFiles/blink.dir/home/yavuz/pico/freertos-pico/FreeRTOS-Kernel/tasks.c.obj
                0x000000002000b13c                vTaskRemoveFromUnorderedEventList
 .text.xTaskCreate
                0x000000002000b1b8      0x2e4 CMakeFiles/blink.dir/home/yavuz/pico/freertos-pico/FreeRTOS-Kernel/tasks.c.obj
                0x000000002000b1b8                xTaskCreate
 .text.vTaskExitCritical
                0x000000002000b49c       0x34 CMakeFiles/blink.dir/home/yavuz/pico/freertos-pico/FreeRTOS-Kernel/tasks.c.obj
                0x000000002000b49c                vTaskExitCritical
 .text.uxTaskResetEventItemValue
                0x000000002000b4d0       0x48 CMakeFiles/blink.dir/home/yavuz/pico/freertos-pico/FreeRTOS-Kernel/tasks.c.obj
                0x000000002000b4d0                uxTaskResetEventItemValue
 .text.ulTaskGenericNotifyTake
                0x000000002000b518      0x150 CMakeFiles/blink.dir/home/yavuz/pico/freertos-pico/FreeRTOS-Kernel/tasks.c.obj
                0x000000002000b518                ulTaskGenericNotifyTake
 .text.vTaskGenericNotifyGiveFromISR
                0x000000002000b668      0x208 CMakeFiles/blink.dir/home/yavuz/pico/freertos-pico/FreeRTOS-Kernel/tasks.c.obj
                0x000000002000b668                vTaskGenericNotifyGiveFromISR
 .text.prvSwitchTimerLists
                0x000000002000b870       0x9c CMakeFiles/blink.dir/home/yavuz/pico/freertos-pico/FreeRTOS-Kernel/timers.c.obj
 .text.prvTimerTask
                0x000000002000b90c      0x268 CMakeFiles/blink.dir/home/yavuz/pico/freertos-pico/FreeRTOS-Kernel/timers.c.obj
 .text.xTimerCreateTimerTask
                0x000000002000bb74       0x8c CMakeFiles/blink.dir/home/yavuz/pico/freertos-pico/FreeRTOS-Kernel/timers.c.obj
                0x000000002000bb74                xTimerCreateTimerTask
 .text.xTimerCreate
                0x000000002000bc00       0xb8 CMakeFiles/blink.dir/home/yavuz/pico/freertos-pico/FreeRTOS-Kernel/timers.c.obj
                0x000000002000bc00                xTimerCreate
 .text.xTimerGenericCommandFromTask
                0x000000002000bcb8       0x44 CMakeFiles/blink.dir/home/yavuz/pico/freertos-pico/FreeRTOS-Kernel/timers.c.obj
                0x000000002000bcb8                xTimerGenericCommandFromTask
 .text.xTimerPendFunctionCallFromISR
                0x000000002000bcfc       0x28 CMakeFiles/blink.dir/home/yavuz/pico/freertos-pico/FreeRTOS-Kernel/timers.c.obj
                0x000000002000bcfc                xTimerPendFunctionCallFromISR
 .text.exception_set_exclusive_handler
                0x000000002000bd24       0x48 CMakeFiles/blink.dir/home/yavuz/pico/pico-sdk/src/rp2_common/hardware_exception/exception.c.obj
                0x000000002000bd24                exception_set_exclusive_handler
 .text.core1_trampoline
                0x000000002000bd6c        0x4 CMakeFiles/blink.dir/home/yavuz/pico/pico-sdk/src/rp2_common/pico_multicore/multicore.c.obj
 .text.core1_wrapper
                0x000000002000bd70        0xc CMakeFiles/blink.dir/home/yavuz/pico/pico-sdk/src/rp2_common/pico_multicore/multicore.c.obj
                0x000000002000bd70                core1_wrapper
 .text.multicore_launch_core1_raw
                0x000000002000bd7c       0x84 CMakeFiles/blink.dir/home/yavuz/pico/pico-sdk/src/rp2_common/pico_multicore/multicore.c.obj
                0x000000002000bd7c                multicore_launch_core1_raw
 .text.multicore_launch_core1
                0x000000002000be00       0x4c CMakeFiles/blink.dir/home/yavuz/pico/pico-sdk/src/rp2_common/pico_multicore/multicore.c.obj
                0x000000002000be00                multicore_launch_core1
 .text.pvPortMalloc
                0x000000002000be4c      0x16c CMakeFiles/blink.dir/home/yavuz/pico/freertos-pico/FreeRTOS-Kernel/portable/MemMang/heap_4.c.obj
                0x000000002000be4c                pvPortMalloc
 .text.vPortFree
                0x000000002000bfb8       0x90 CMakeFiles/blink.dir/home/yavuz/pico/freertos-pico/FreeRTOS-Kernel/portable/MemMang/heap_4.c.obj
                0x000000002000bfb8                vPortFree
 .text.rtc_init
                0x000000002000c048       0x38 CMakeFiles/blink.dir/home/yavuz/pico/pico-sdk/src/rp2_common/hardware_rtc/rtc.c.obj
                0x000000002000c048                rtc_init
 .text.rtc_set_datetime
                0x000000002000c080       0xac CMakeFiles/blink.dir/home/yavuz/pico/pico-sdk/src/rp2_common/hardware_rtc/rtc.c.obj
                0x000000002000c080                rtc_set_datetime
 .text.i2c_set_baudrate
                0x000000002000c12c       0xc4 CMakeFiles/blink.dir/home/yavuz/pico/pico-sdk/src/rp2_common/hardware_i2c/i2c.c.obj
                0x000000002000c12c                i2c_set_baudrate
 .text.i2c_init
                0x000000002000c1f0       0x54 CMakeFiles/blink.dir/home/yavuz/pico/pico-sdk/src/rp2_common/hardware_i2c/i2c.c.obj
                0x000000002000c1f0                i2c_init
 .text.i2c_write_blocking
                0x000000002000c244       0xd0 CMakeFiles/blink.dir/home/yavuz/pico/pico-sdk/src/rp2_common/hardware_i2c/i2c.c.obj
                0x000000002000c244                i2c_write_blocking
 .text.i2c_read_blocking
                0x000000002000c314       0xac CMakeFiles/blink.dir/home/yavuz/pico/pico-sdk/src/rp2_common/hardware_i2c/i2c.c.obj
                0x000000002000c314                i2c_read_blocking
 .text.adc_init
                0x000000002000c3c0       0x38 CMakeFiles/blink.dir/home/yavuz/pico/pico-sdk/src/rp2_common/hardware_adc/adc.c.obj
                0x000000002000c3c0                adc_init
 .text          0x000000002000c3f8        0x4 /usr/lib/gcc/arm-none-eabi/10.3.1/thumb/v6-m/nofp/libgcc.a(_dvmd_tls.o)
                0x000000002000c3f8                __aeabi_ldiv0
                0x000000002000c3f8                __aeabi_idiv0
 .text          0x000000002000c3fc       0xc0 /usr/lib/gcc/arm-none-eabi/10.3.1/../../../arm-none-eabi/lib/thumb/v6-m/nofp/libc.a(lib_a-strchr.o)
                0x000000002000c3fc                strchr
 .text          0x000000002000c4bc       0x5c /usr/lib/gcc/arm-none-eabi/10.3.1/../../../arm-none-eabi/lib/thumb/v6-m/nofp/libc.a(lib_a-strlen-stub.o)
                0x000000002000c4bc                strlen
 .text          0x000000002000c518       0x6c /usr/lib/gcc/arm-none-eabi/10.3.1/../../../arm-none-eabi/lib/thumb/v6-m/nofp/libc.a(lib_a-strncpy.o)
                0x000000002000c518                strncpy
 *(.fini)
 .fini          0x000000002000c584        0x4 /usr/lib/gcc/arm-none-eabi/10.3.1/thumb/v6-m/nofp/crti.o
                0x000000002000c584                _fini
 *crtbegin.o(.ctors)
 *crtbegin?.o(.ctors)
 *(EXCLUDE_FILE(*crtend.o *crtend?.o) .ctors)
 *(SORT_BY_NAME(.ctors.*))
 *(.ctors)
 *crtbegin.o(.dtors)
 *crtbegin?.o(.dtors)
 *(EXCLUDE_FILE(*crtend.o *crtend?.o) .dtors)
 *(SORT_BY_NAME(.dtors.*))
 *(.dtors)
 *(.eh_frame*)
 .eh_frame      0x000000002000c588        0x0 /usr/lib/gcc/arm-none-eabi/10.3.1/thumb/v6-m/nofp/crtbegin.o
                0x000000002000c588                . = ALIGN (0x4)
                0x000000002000c588                __ram_text_end__ = .
                0x0000000010000300                __ram_text_source__ = LOADADDR (.text)

.glue_7         0x000000002000c588        0x0 load address 0x000000001000c7c8
 .glue_7        0x000000002000c588        0x0 linker stubs

.glue_7t        0x000000002000c588        0x0 load address 0x000000001000c7c8
 .glue_7t       0x000000002000c588        0x0 linker stubs

.vfp11_veneer   0x000000002000c588        0x0 load address 0x000000001000c7c8
 .vfp11_veneer  0x000000002000c588        0x0 linker stubs

.v4_bx          0x000000002000c588        0x0 load address 0x000000001000c7c8
 .v4_bx         0x000000002000c588        0x0 linker stubs

.iplt           0x000000002000c588        0x0 load address 0x000000001000c7c8
 .iplt          0x000000002000c588        0x0 /usr/lib/gcc/arm-none-eabi/10.3.1/thumb/v6-m/nofp/crtbegin.o

.rel.dyn        0x000000002000c588        0x0 load address 0x000000001000c7c8
 .rel.iplt      0x000000002000c588        0x0 /usr/lib/gcc/arm-none-eabi/10.3.1/thumb/v6-m/nofp/crtbegin.o
                0x000000002000c588                . = ALIGN (0x4)

.data           0x000000002000c590     0x16e0 load address 0x000000001000c7c8
                0x000000002000c590                __data_start__ = .
 *(vtable)
 *(.time_critical*)
 .time_critical.mutex_try_enter
                0x000000002000c590       0x44 CMakeFiles/blink.dir/home/yavuz/pico/pico-sdk/src/common/pico_sync/mutex.c.obj
                0x000000002000c590                mutex_try_enter
 .time_critical.mutex_try_enter_block_until
                0x000000002000c5d4       0x9c CMakeFiles/blink.dir/home/yavuz/pico/pico-sdk/src/common/pico_sync/mutex.c.obj
                0x000000002000c5d4                mutex_try_enter_block_until
 .time_critical.mutex_enter_timeout_ms
                0x000000002000c670       0x78 CMakeFiles/blink.dir/home/yavuz/pico/pico-sdk/src/common/pico_sync/mutex.c.obj
                0x000000002000c670                mutex_enter_timeout_ms
 .time_critical.mutex_exit
                0x000000002000c6e8       0x20 CMakeFiles/blink.dir/home/yavuz/pico/pico-sdk/src/common/pico_sync/mutex.c.obj
                0x000000002000c6e8                mutex_exit
 .time_critical.flash_init_boot2_copyout
                0x000000002000c708       0x30 CMakeFiles/blink.dir/home/yavuz/pico/pico-sdk/src/rp2_common/hardware_flash/flash.c.obj
 .time_critical.flash_enable_xip_via_boot2
                0x000000002000c738       0x10 CMakeFiles/blink.dir/home/yavuz/pico/pico-sdk/src/rp2_common/hardware_flash/flash.c.obj
 .time_critical.flash_cs_force
                0x000000002000c748       0x38 CMakeFiles/blink.dir/home/yavuz/pico/pico-sdk/src/rp2_common/hardware_flash/flash.c.obj
 .time_critical.flash_range_erase
                0x000000002000c780       0x80 CMakeFiles/blink.dir/home/yavuz/pico/pico-sdk/src/rp2_common/hardware_flash/flash.c.obj
                0x000000002000c780                flash_range_erase
 .time_critical.flash_range_program
                0x000000002000c800       0x80 CMakeFiles/blink.dir/home/yavuz/pico/pico-sdk/src/rp2_common/hardware_flash/flash.c.obj
                0x000000002000c800                flash_range_program
 .time_critical.flash_do_cmd
                0x000000002000c880       0xc4 CMakeFiles/blink.dir/home/yavuz/pico/pico-sdk/src/rp2_common/hardware_flash/flash.c.obj
                0x000000002000c880                flash_do_cmd
 .time_critical.reset_non_control_endpoints
                0x000000002000c944       0xbc CMakeFiles/blink.dir/home/yavuz/pico/pico-sdk/lib/tinyusb/src/portable/raspberrypi/rp2040/dcd_rp2040.c.obj
 .time_critical.hw_handle_buff_status
                0x000000002000ca00       0xa8 CMakeFiles/blink.dir/home/yavuz/pico/pico-sdk/lib/tinyusb/src/portable/raspberrypi/rp2040/dcd_rp2040.c.obj
 .time_critical.dcd_rp2040_irq
                0x000000002000caa8      0x4d8 CMakeFiles/blink.dir/home/yavuz/pico/pico-sdk/lib/tinyusb/src/portable/raspberrypi/rp2040/dcd_rp2040.c.obj
 .time_critical.e15_is_bulkin_ep
                0x000000002000cf80       0x28 CMakeFiles/blink.dir/home/yavuz/pico/pico-sdk/lib/tinyusb/src/portable/raspberrypi/rp2040/rp2040_usb.c.obj
 .time_critical.e15_is_critical_frame_period
                0x000000002000cfa8       0x34 CMakeFiles/blink.dir/home/yavuz/pico/pico-sdk/lib/tinyusb/src/portable/raspberrypi/rp2040/rp2040_usb.c.obj
 .time_critical.prepare_ep_buffer
                0x000000002000cfdc       0x70 CMakeFiles/blink.dir/home/yavuz/pico/pico-sdk/lib/tinyusb/src/portable/raspberrypi/rp2040/rp2040_usb.c.obj
 .time_critical.sync_ep_buffer
                0x000000002000d04c       0x4c CMakeFiles/blink.dir/home/yavuz/pico/pico-sdk/lib/tinyusb/src/portable/raspberrypi/rp2040/rp2040_usb.c.obj
 .time_critical._hw_endpoint_xfer_sync
                0x000000002000d098       0x28 CMakeFiles/blink.dir/home/yavuz/pico/pico-sdk/lib/tinyusb/src/portable/raspberrypi/rp2040/rp2040_usb.c.obj
 .time_critical.hw_endpoint_reset_transfer
                0x000000002000d0c0        0xc CMakeFiles/blink.dir/home/yavuz/pico/pico-sdk/lib/tinyusb/src/portable/raspberrypi/rp2040/rp2040_usb.c.obj
                0x000000002000d0c0                hw_endpoint_reset_transfer
 .time_critical._hw_endpoint_buffer_control_update32
                0x000000002000d0cc       0x58 CMakeFiles/blink.dir/home/yavuz/pico/pico-sdk/lib/tinyusb/src/portable/raspberrypi/rp2040/rp2040_usb.c.obj
                0x000000002000d0cc                _hw_endpoint_buffer_control_update32
 .time_critical.hw_endpoint_start_next_buffer
                0x000000002000d124       0x6c CMakeFiles/blink.dir/home/yavuz/pico/pico-sdk/lib/tinyusb/src/portable/raspberrypi/rp2040/rp2040_usb.c.obj
                0x000000002000d124                hw_endpoint_start_next_buffer
 .time_critical.hw_endpoint_xfer_continue
                0x000000002000d190       0x50 CMakeFiles/blink.dir/home/yavuz/pico/pico-sdk/lib/tinyusb/src/portable/raspberrypi/rp2040/rp2040_usb.c.obj
                0x000000002000d190                hw_endpoint_xfer_continue
 .time_critical.tinyusb
                0x000000002000d1e0      0x170 CMakeFiles/blink.dir/home/yavuz/pico/pico-sdk/lib/tinyusb/src/device/usbd.c.obj
                0x000000002000d1e0                dcd_event_handler
                0x000000002000d350                . = ALIGN (0x4)
 *(.rodata*)
 .rodata.vWriteDebugTask.str1.4
                0x000000002000d350        0xf CMakeFiles/blink.dir/main.c.obj
 *fill*         0x000000002000d35f        0x1 
 .rodata.print_buf.str1.4
                0x000000002000d360        0xb CMakeFiles/blink.dir/main.c.obj
 *fill*         0x000000002000d36b        0x1 
 .rodata.vADCReadTask.str1.4
                0x000000002000d36c        0xa CMakeFiles/blink.dir/main.c.obj
 *fill*         0x000000002000d376        0x2 
 .rodata.search_data_into_flash.str1.4
                0x000000002000d378       0x71 CMakeFiles/blink.dir/main.c.obj
 *fill*         0x000000002000d3e9        0x3 
 .rodata.state0_handler.str1.4
                0x000000002000d3ec       0x12 CMakeFiles/blink.dir/main.c.obj
 *fill*         0x000000002000d3fe        0x2 
 .rodata.vUARTTask.str1.4
                0x000000002000d400       0x17 CMakeFiles/blink.dir/main.c.obj
 *fill*         0x000000002000d417        0x1 
 .rodata.main.str1.4
                0x000000002000d418       0x32 CMakeFiles/blink.dir/main.c.obj
 *fill*         0x000000002000d44a        0x2 
 .rodata.CSWTCH.113
                0x000000002000d44c       0x18 CMakeFiles/blink.dir/main.c.obj
 .rodata.spin_lock_claim.str1.4
                0x000000002000d464       0x1f CMakeFiles/blink.dir/home/yavuz/pico/pico-sdk/src/rp2_common/hardware_sync/sync.c.obj
 *fill*         0x000000002000d483        0x1 
 .rodata.spin_lock_claim_unused.str1.4
                0x000000002000d484       0x1b CMakeFiles/blink.dir/home/yavuz/pico/pico-sdk/src/rp2_common/hardware_sync/sync.c.obj
 *fill*         0x000000002000d49f        0x1 
 .rodata.user_irq_claim_unused.str1.4
                0x000000002000d4a0       0x1b CMakeFiles/blink.dir/home/yavuz/pico/pico-sdk/src/rp2_common/hardware_irq/irq.c.obj
 *fill*         0x000000002000d4bb        0x1 
 .rodata.hardware_alarm_claim.str1.4
                0x000000002000d4bc       0x22 CMakeFiles/blink.dir/home/yavuz/pico/pico-sdk/src/rp2_common/hardware_timer/timer.c.obj
 *fill*         0x000000002000d4de        0x2 
 .rodata.datetime_to_str.str1.4
                0x000000002000d4e0       0x19 CMakeFiles/blink.dir/home/yavuz/pico/pico-sdk/src/common/pico_util/datetime.c.obj
 *fill*         0x000000002000d4f9        0x3 
 .rodata.str1.4
                0x000000002000d4fc       0xad CMakeFiles/blink.dir/home/yavuz/pico/pico-sdk/src/common/pico_util/datetime.c.obj
 *fill*         0x000000002000d5a9        0x3 
 .rodata.DATETIME_DOWS
                0x000000002000d5ac       0x1c CMakeFiles/blink.dir/home/yavuz/pico/pico-sdk/src/common/pico_util/datetime.c.obj
 .rodata.DATETIME_MONTHS
                0x000000002000d5c8       0x30 CMakeFiles/blink.dir/home/yavuz/pico/pico-sdk/src/common/pico_util/datetime.c.obj
 .rodata.panic.str1.4
                0x000000002000d5f8       0x10 CMakeFiles/blink.dir/home/yavuz/pico/pico-sdk/src/rp2_common/pico_runtime/runtime.c.obj
                                         0x12 (size before relaxing)
 .rodata.panic_unsupported.str1.4
                0x000000002000d608        0xe CMakeFiles/blink.dir/home/yavuz/pico/pico-sdk/src/rp2_common/pico_runtime/runtime.c.obj
 *fill*         0x000000002000d616        0x2 
 .rodata.hard_assertion_failure.str1.4
                0x000000002000d618        0xc CMakeFiles/blink.dir/home/yavuz/pico/pico-sdk/src/rp2_common/pico_runtime/runtime.c.obj
 .rodata._ftoa.str1.4
                0x000000002000d624       0x15 CMakeFiles/blink.dir/home/yavuz/pico/pico-sdk/src/rp2_common/pico_printf/printf.c.obj
 *fill*         0x000000002000d639        0x3 
 .rodata._vsnprintf
                0x000000002000d63c      0x1e0 CMakeFiles/blink.dir/home/yavuz/pico/pico-sdk/src/rp2_common/pico_printf/printf.c.obj
 *fill*         0x000000002000d81c        0x4 
 .rodata.pow10.0
                0x000000002000d820       0x50 CMakeFiles/blink.dir/home/yavuz/pico/pico-sdk/src/rp2_common/pico_printf/printf.c.obj
 .rodata.str1.4
                0x000000002000d870       0x3c CMakeFiles/blink.dir/home/yavuz/pico/pico-sdk/src/rp2_common/pico_standard_link/binary_info.c.obj
 .rodata.__bi_44
                0x000000002000d8ac        0xc CMakeFiles/blink.dir/home/yavuz/pico/pico-sdk/src/rp2_common/pico_standard_link/binary_info.c.obj
 .rodata.__bi_75
                0x000000002000d8b8        0xc CMakeFiles/blink.dir/home/yavuz/pico/pico-sdk/src/rp2_common/pico_standard_link/binary_info.c.obj
 .rodata.__bi_81
                0x000000002000d8c4        0xc CMakeFiles/blink.dir/home/yavuz/pico/pico-sdk/src/rp2_common/pico_standard_link/binary_info.c.obj
 .rodata.crlf_str.0
                0x000000002000d8d0        0x2 CMakeFiles/blink.dir/home/yavuz/pico/pico-sdk/src/rp2_common/pico_stdio/stdio.c.obj
 *fill*         0x000000002000d8d2        0x2 
 .rodata.str1.4
                0x000000002000d8d4       0x2c CMakeFiles/blink.dir/home/yavuz/pico/pico-sdk/src/rp2_common/pico_stdio_uart/stdio_uart.c.obj
 .rodata.__bi_33.4
                0x000000002000d900        0xc CMakeFiles/blink.dir/home/yavuz/pico/pico-sdk/src/rp2_common/pico_stdio_uart/stdio_uart.c.obj
 .rodata.__bi_34.5
                0x000000002000d90c        0x8 CMakeFiles/blink.dir/home/yavuz/pico/pico-sdk/src/rp2_common/pico_stdio_uart/stdio_uart.c.obj
 .rodata._resetd_driver
                0x000000002000d914       0x18 CMakeFiles/blink.dir/home/yavuz/pico/pico-sdk/src/rp2_common/pico_stdio_usb/reset_interface.c.obj
 .rodata.str1.4
                0x000000002000d92c       0x13 CMakeFiles/blink.dir/home/yavuz/pico/pico-sdk/src/rp2_common/pico_stdio_usb/stdio_usb.c.obj
 *fill*         0x000000002000d93f        0x1 
 .rodata.__bi_182.0
                0x000000002000d940        0xc CMakeFiles/blink.dir/home/yavuz/pico/pico-sdk/src/rp2_common/pico_stdio_usb/stdio_usb.c.obj
 .rodata.str1.4
                0x000000002000d94c       0x2a CMakeFiles/blink.dir/home/yavuz/pico/pico-sdk/src/rp2_common/pico_stdio_usb/stdio_usb_descriptors.c.obj
 *fill*         0x000000002000d976        0x2 
 .rodata.usbd_desc_cfg
                0x000000002000d978       0x54 CMakeFiles/blink.dir/home/yavuz/pico/pico-sdk/src/rp2_common/pico_stdio_usb/stdio_usb_descriptors.c.obj
 .rodata.usbd_desc_device
                0x000000002000d9cc       0x12 CMakeFiles/blink.dir/home/yavuz/pico/pico-sdk/src/rp2_common/pico_stdio_usb/stdio_usb_descriptors.c.obj
 *fill*         0x000000002000d9de        0x2 
 .rodata.usbd_desc_str
                0x000000002000d9e0       0x18 CMakeFiles/blink.dir/home/yavuz/pico/pico-sdk/src/rp2_common/pico_stdio_usb/stdio_usb_descriptors.c.obj
 .rodata.str1.4
                0x000000002000d9f8       0x14 CMakeFiles/blink.dir/home/yavuz/pico/pico-sdk/lib/tinyusb/src/portable/raspberrypi/rp2040/dcd_rp2040.c.obj
 .rodata.str1.4
                0x000000002000da0c       0x49 CMakeFiles/blink.dir/home/yavuz/pico/pico-sdk/lib/tinyusb/src/portable/raspberrypi/rp2040/rp2040_usb.c.obj