Archive member included to satisfy reference by file (symbol)

/usr/lib/gcc/arm-none-eabi/10.3.1/thumb/v6-m/nofp/libgcc.a(_dvmd_tls.o)
                              CMakeFiles/blink.dir/home/yavuz/pico/pico-sdk/src/rp2_common/pico_divider/divider.S.obj (__aeabi_idiv0)
/usr/lib/gcc/arm-none-eabi/10.3.1/../../../arm-none-eabi/lib/thumb/v6-m/nofp/libc.a(lib_a-atexit.o)
                              /usr/lib/gcc/arm-none-eabi/10.3.1/../../../arm-none-eabi/lib/thumb/v6-m/nofp/crt0.o (atexit)
/usr/lib/gcc/arm-none-eabi/10.3.1/../../../arm-none-eabi/lib/thumb/v6-m/nofp/libc.a(lib_a-calloc.o)
                              CMakeFiles/blink.dir/home/yavuz/pico/pico-sdk/src/rp2_common/pico_malloc/pico_malloc.c.obj (calloc)
/usr/lib/gcc/arm-none-eabi/10.3.1/../../../arm-none-eabi/lib/thumb/v6-m/nofp/libc.a(lib_a-callocr.o)
                              /usr/lib/gcc/arm-none-eabi/10.3.1/../../../arm-none-eabi/lib/thumb/v6-m/nofp/libc.a(lib_a-calloc.o) (_calloc_r)
/usr/lib/gcc/arm-none-eabi/10.3.1/../../../arm-none-eabi/lib/thumb/v6-m/nofp/libc.a(lib_a-fini.o)
                              /usr/lib/gcc/arm-none-eabi/10.3.1/../../../arm-none-eabi/lib/thumb/v6-m/nofp/crt0.o (__libc_fini_array)
/usr/lib/gcc/arm-none-eabi/10.3.1/../../../arm-none-eabi/lib/thumb/v6-m/nofp/libc.a(lib_a-impure.o)
                              /usr/lib/gcc/arm-none-eabi/10.3.1/../../../arm-none-eabi/lib/thumb/v6-m/nofp/libc.a(lib_a-calloc.o) (_impure_ptr)
/usr/lib/gcc/arm-none-eabi/10.3.1/../../../arm-none-eabi/lib/thumb/v6-m/nofp/libc.a(lib_a-init.o)
                              /usr/lib/gcc/arm-none-eabi/10.3.1/../../../arm-none-eabi/lib/thumb/v6-m/nofp/crt0.o (__libc_init_array)
/usr/lib/gcc/arm-none-eabi/10.3.1/../../../arm-none-eabi/lib/thumb/v6-m/nofp/libc.a(lib_a-malloc.o)
                              CMakeFiles/blink.dir/home/yavuz/pico/pico-sdk/src/rp2_common/pico_malloc/pico_malloc.c.obj (malloc)
/usr/lib/gcc/arm-none-eabi/10.3.1/../../../arm-none-eabi/lib/thumb/v6-m/nofp/libc.a(lib_a-mallocr.o)
                              /usr/lib/gcc/arm-none-eabi/10.3.1/../../../arm-none-eabi/lib/thumb/v6-m/nofp/libc.a(lib_a-callocr.o) (_malloc_r)
/usr/lib/gcc/arm-none-eabi/10.3.1/../../../arm-none-eabi/lib/thumb/v6-m/nofp/libc.a(lib_a-mlock.o)
                              /usr/lib/gcc/arm-none-eabi/10.3.1/../../../arm-none-eabi/lib/thumb/v6-m/nofp/libc.a(lib_a-mallocr.o) (__malloc_lock)
/usr/lib/gcc/arm-none-eabi/10.3.1/../../../arm-none-eabi/lib/thumb/v6-m/nofp/libc.a(lib_a-realloc.o)
                              CMakeFiles/blink.dir/home/yavuz/pico/pico-sdk/src/rp2_common/pico_malloc/pico_malloc.c.obj (realloc)
/usr/lib/gcc/arm-none-eabi/10.3.1/../../../arm-none-eabi/lib/thumb/v6-m/nofp/libc.a(lib_a-reallocr.o)
                              /usr/lib/gcc/arm-none-eabi/10.3.1/../../../arm-none-eabi/lib/thumb/v6-m/nofp/libc.a(lib_a-realloc.o) (_realloc_r)
/usr/lib/gcc/arm-none-eabi/10.3.1/../../../arm-none-eabi/lib/thumb/v6-m/nofp/libc.a(lib_a-sbrkr.o)
                              /usr/lib/gcc/arm-none-eabi/10.3.1/../../../arm-none-eabi/lib/thumb/v6-m/nofp/libc.a(lib_a-mallocr.o) (_sbrk_r)
/usr/lib/gcc/arm-none-eabi/10.3.1/../../../arm-none-eabi/lib/thumb/v6-m/nofp/libc.a(lib_a-strchr.o)
                              CMakeFiles/blink.dir/main.c.obj (strchr)
/usr/lib/gcc/arm-none-eabi/10.3.1/../../../arm-none-eabi/lib/thumb/v6-m/nofp/libc.a(lib_a-strlen-stub.o)
                              CMakeFiles/blink.dir/home/yavuz/pico/pico-sdk/src/rp2_common/pico_stdio/stdio.c.obj (strlen)
/usr/lib/gcc/arm-none-eabi/10.3.1/../../../arm-none-eabi/lib/thumb/v6-m/nofp/libc.a(lib_a-strncpy.o)
                              CMakeFiles/blink.dir/main.c.obj (strncpy)
/usr/lib/gcc/arm-none-eabi/10.3.1/../../../arm-none-eabi/lib/thumb/v6-m/nofp/libc.a(lib_a-__atexit.o)
                              /usr/lib/gcc/arm-none-eabi/10.3.1/../../../arm-none-eabi/lib/thumb/v6-m/nofp/libc.a(lib_a-atexit.o) (__register_exitproc)
/usr/lib/gcc/arm-none-eabi/10.3.1/../../../arm-none-eabi/lib/thumb/v6-m/nofp/libc.a(lib_a-freer.o)
                              /usr/lib/gcc/arm-none-eabi/10.3.1/../../../arm-none-eabi/lib/thumb/v6-m/nofp/libc.a(lib_a-malloc.o) (_free_r)
/usr/lib/gcc/arm-none-eabi/10.3.1/../../../arm-none-eabi/lib/thumb/v6-m/nofp/libc.a(lib_a-memmove.o)
                              /usr/lib/gcc/arm-none-eabi/10.3.1/../../../arm-none-eabi/lib/thumb/v6-m/nofp/libc.a(lib_a-reallocr.o) (memmove)
/usr/lib/gcc/arm-none-eabi/10.3.1/../../../arm-none-eabi/lib/thumb/v6-m/nofp/libc.a(lib_a-reent.o)
                              /usr/lib/gcc/arm-none-eabi/10.3.1/../../../arm-none-eabi/lib/thumb/v6-m/nofp/libc.a(lib_a-sbrkr.o) (errno)

Discarded input sections

 .text          0x0000000000000000        0x0 /usr/lib/gcc/arm-none-eabi/10.3.1/thumb/v6-m/nofp/crti.o
 .data          0x0000000000000000        0x0 /usr/lib/gcc/arm-none-eabi/10.3.1/thumb/v6-m/nofp/crti.o
 .bss           0x0000000000000000        0x0 /usr/lib/gcc/arm-none-eabi/10.3.1/thumb/v6-m/nofp/crti.o
[...]
Memory Configuration

Name             Origin             Length             Attributes
FLASH            0x0000000010000000 0x0000000000200000 xr
RAM              0x0000000020000000 0x0000000000040000 xrw
SCRATCH_X        0x0000000020040000 0x0000000000001000 xrw
SCRATCH_Y        0x0000000020041000 0x0000000000001000 xrw
*default*        0x0000000000000000 0xffffffffffffffff

Linker script and memory map

LOAD /usr/lib/gcc/arm-none-eabi/10.3.1/thumb/v6-m/nofp/crti.o
LOAD /usr/lib/gcc/arm-none-eabi/10.3.1/thumb/v6-m/nofp/crtbegin.o
LOAD /usr/lib/gcc/arm-none-eabi/10.3.1/../../../arm-none-eabi/lib/thumb/v6-m/nofp/crt0.o

.flash_begin    0x0000000010000000        0x0
                0x0000000010000000                __flash_binary_start = .

.boot2          0x0000000010000000      0x100
                0x0000000010000000                __boot2_start__ = .
 *(.boot2)
 .boot2         0x0000000010000000      0x100 /tmp/cc9AkljS.o
                0x0000000010000100                __boot2_end__ = .
                0x0000000000000001                ASSERT (((__boot2_end__ - __boot2_start__) == 0x100), ERROR: Pico second stage bootloader must be 256 bytes in size)

.flashtext      0x0000000010000100      0x1d8
                0x0000000010000100                __logical_binary_start = .
 *(.vectors)
 .vectors       0x0000000010000100       0xd4 CMakeFiles/blink.dir/home/yavuz/pico/pico-sdk/src/rp2_common/pico_standard_link/crt0.S.obj
                0x0000000010000100                __vectors
                0x0000000010000100                __VECTOR_TABLE
                0x00000000100001c0                isr_invalid
                0x00000000100001c0                __default_isrs_start
                0x00000000100001c2                isr_nmi
                0x00000000100001c4                isr_hardfault
                0x00000000100001c6                isr_svcall
                0x00000000100001c8                isr_pendsv
                0x00000000100001ca                isr_systick
                0x00000000100001cc                isr_irq30
                0x00000000100001cc                __unhandled_user_irq
                0x00000000100001cc                isr_irq13
                0x00000000100001cc                isr_irq27
                0x00000000100001cc                isr_irq31
                0x00000000100001cc                isr_irq5
                0x00000000100001cc                isr_irq11
                0x00000000100001cc                isr_irq23
                0x00000000100001cc                isr_irq18
                0x00000000100001cc                isr_irq28
                0x00000000100001cc                isr_irq19
                0x00000000100001cc                isr_irq0
                0x00000000100001cc                isr_irq6
                0x00000000100001cc                isr_irq22
                0x00000000100001cc                isr_irq17
                0x00000000100001cc                isr_irq14
                0x00000000100001cc                isr_irq2
                0x00000000100001cc                isr_irq10
                0x00000000100001cc                isr_irq8
                0x00000000100001cc                isr_irq24
                0x00000000100001cc                isr_irq1
                0x00000000100001cc                isr_irq7
                0x00000000100001cc                isr_irq21
                0x00000000100001cc                isr_irq20
                0x00000000100001cc                isr_irq15
                0x00000000100001cc                isr_irq25
                0x00000000100001cc                isr_irq4
                0x00000000100001cc                isr_irq16
                0x00000000100001cc                isr_irq29
                0x00000000100001cc                isr_irq26
                0x00000000100001cc                __default_isrs_end
                0x00000000100001cc                isr_irq3
                0x00000000100001cc                isr_irq12
                0x00000000100001cc                isr_irq9
                0x00000000100001d2                unhandled_user_irq_num_in_r0
 *(.binary_info_header)
 .binary_info_header
                0x00000000100001d4       0x14 CMakeFiles/blink.dir/home/yavuz/pico/pico-sdk/src/rp2_common/pico_standard_link/crt0.S.obj
                0x00000000100001e8                __binary_info_header_end = .
 *(.reset)
 .reset         0x00000000100001e8       0xac CMakeFiles/blink.dir/home/yavuz/pico/pico-sdk/src/rp2_common/pico_standard_link/crt0.S.obj
                0x00000000100001e8                _entry_point
 *fill*         0x0000000010000294        0x4 
 .reset.__stub  0x0000000010000298       0x10 linker stubs
 .reset         0x00000000100002a8       0x30 CMakeFiles/blink.dir/home/yavuz/pico/pico-sdk/src/rp2_common/pico_standard_link/binary_info.c.obj

.rodata         0x00000000100002d8        0x0
 *(SORT_BY_ALIGNMENT(SORT_BY_NAME(.flashdata*)))
                0x00000000100002d8                . = ALIGN (0x4)

.ARM.extab
 *(.ARM.extab* .gnu.linkonce.armextab.*)
                0x00000000100002d8                __exidx_start = .

.ARM.exidx
 *(.ARM.exidx* .gnu.linkonce.armexidx.*)
                0x00000000100002d8                __exidx_end = .
                0x00000000100002d8                . = ALIGN (0x4)
                0x00000000100002d8                __binary_info_start = .

.binary_info    0x00000000100002d8       0x20
 *(.binary_info.keep.*)
 .binary_info.keep.__bi_ptr22
                0x00000000100002d8        0x4 CMakeFiles/blink.dir/home/yavuz/pico/pico-sdk/src/rp2_common/pico_standard_link/binary_info.c.obj
 .binary_info.keep.__bi_ptr30
                0x00000000100002dc        0x4 CMakeFiles/blink.dir/home/yavuz/pico/pico-sdk/src/rp2_common/pico_standard_link/binary_info.c.obj
 .binary_info.keep.__bi_ptr38
                0x00000000100002e0        0x4 CMakeFiles/blink.dir/home/yavuz/pico/pico-sdk/src/rp2_common/pico_standard_link/binary_info.c.obj
 .binary_info.keep.__bi_ptr44
                0x00000000100002e4        0x4 CMakeFiles/blink.dir/home/yavuz/pico/pico-sdk/src/rp2_common/pico_standard_link/binary_info.c.obj
 .binary_info.keep.__bi_ptr50
                0x00000000100002e8        0x4 CMakeFiles/blink.dir/home/yavuz/pico/pico-sdk/src/rp2_common/pico_standard_link/binary_info.c.obj
 .binary_info.keep.__bi_ptr75
                0x00000000100002ec        0x4 CMakeFiles/blink.dir/home/yavuz/pico/pico-sdk/src/rp2_common/pico_standard_link/binary_info.c.obj
 .binary_info.keep.__bi_ptr81
                0x00000000100002f0        0x4 CMakeFiles/blink.dir/home/yavuz/pico/pico-sdk/src/rp2_common/pico_standard_link/binary_info.c.obj
 *(.binary_info.*)
 .binary_info.__bi_ptr182
                0x00000000100002f4        0x4 CMakeFiles/blink.dir/home/yavuz/pico/pico-sdk/src/rp2_common/pico_stdio_usb/stdio_usb.c.obj
                0x00000000100002f8                __binary_info_end = .
                0x00000000100002f8                . = ALIGN (0x4)

.ram_vector_table
                0x0000000020000000       0xc0
 *(.ram_vector_table)
 .ram_vector_table
                0x0000000020000000       0xc0 CMakeFiles/blink.dir/home/yavuz/pico/pico-sdk/src/rp2_common/pico_runtime/runtime.c.obj
                0x0000000020000000                ram_vector_table

.text           0x00000000200000c0     0xc2c8 load address 0x00000000100002f8
                0x00000000200000c0                __ram_text_start__ = .
 *(.init)
 .init          0x00000000200000c0        0x4 /usr/lib/gcc/arm-none-eabi/10.3.1/thumb/v6-m/nofp/crti.o
                0x00000000200000c0                _init
 *(.text*)
 .text          0x00000000200000c4       0x98 /usr/lib/gcc/arm-none-eabi/10.3.1/thumb/v6-m/nofp/crtbegin.o
 .text.UART_Isr
                0x000000002000015c       0x40 CMakeFiles/blink.dir/main.c.obj
                0x000000002000015c                UART_Isr
 .text.reset_rxBuffer
                0x000000002000019c       0x20 CMakeFiles/blink.dir/main.c.obj
                0x000000002000019c                reset_rxBuffer
 .text.reset_state
                0x00000000200001bc       0x34 CMakeFiles/blink.dir/main.c.obj
                0x00000000200001bc                reset_state
 .text.vResetTask
                0x00000000200001f0       0x20 CMakeFiles/blink.dir/main.c.obj
                0x00000000200001f0                vResetTask
 .text.initUART
                0x0000000020000210       0x3c CMakeFiles/blink.dir/main.c.obj
                0x0000000020000210                initUART
 .text.check_uart_data
                0x000000002000024c      0x158 CMakeFiles/blink.dir/main.c.obj
                0x000000002000024c                check_uart_data
 .text.parse_uart_data
                0x00000000200003a4       0x58 CMakeFiles/blink.dir/main.c.obj
                0x00000000200003a4                parse_uart_data
 .text.dateTimeParse
                0x00000000200003fc       0x70 CMakeFiles/blink.dir/main.c.obj
                0x00000000200003fc                dateTimeParse
 .text.vWriteDebugTask
                0x000000002000046c       0x78 CMakeFiles/blink.dir/main.c.obj
                0x000000002000046c                vWriteDebugTask
 .text.set_time_pt7c4338
                0x00000000200004e4      0x104 CMakeFiles/blink.dir/main.c.obj
                0x00000000200004e4                set_time_pt7c4338
 .text.set_flash_data
                0x00000000200005e8      0x284 CMakeFiles/blink.dir/main.c.obj
                0x00000000200005e8                set_flash_data
 .text.vADCReadTask
                0x000000002000086c      0x2d4 CMakeFiles/blink.dir/main.c.obj
                0x000000002000086c                vADCReadTask
 .text.search_data_into_flash
                0x0000000020000b40      0x630 CMakeFiles/blink.dir/main.c.obj
                0x0000000020000b40                search_data_into_flash
 .text.state0_handler
                0x0000000020001170       0xf8 CMakeFiles/blink.dir/main.c.obj
                0x0000000020001170                state0_handler
 .text.state1_handler
                0x0000000020001268      0x130 CMakeFiles/blink.dir/main.c.obj
                0x0000000020001268                state1_handler
 .text.set_time_uart
                0x0000000020001398       0xc0 CMakeFiles/blink.dir/main.c.obj
                0x0000000020001398                set_time_uart
 .text.set_date_uart
                0x0000000020001458       0xb4 CMakeFiles/blink.dir/main.c.obj
                0x0000000020001458                set_date_uart
 .text.vUARTTask
                0x000000002000150c      0x390 CMakeFiles/blink.dir/main.c.obj
                0x000000002000150c                vUARTTask
 .text.startup.main
                0x000000002000189c      0x1f4 CMakeFiles/blink.dir/main.c.obj
                0x000000002000189c                main
 .text.gpio_set_function
                0x0000000020001a90       0x30 CMakeFiles/blink.dir/home/yavuz/pico/pico-sdk/src/rp2_common/hardware_gpio/gpio.c.obj
                0x0000000020001a90                gpio_set_function
 .text.gpio_set_pulls
                0x0000000020001ac0       0x30 CMakeFiles/blink.dir/home/yavuz/pico/pico-sdk/src/rp2_common/hardware_gpio/gpio.c.obj
                0x0000000020001ac0                gpio_set_pulls
 .text.gpio_set_input_enabled
                0x0000000020001af0       0x28 CMakeFiles/blink.dir/home/yavuz/pico/pico-sdk/src/rp2_common/hardware_gpio/gpio.c.obj
                0x0000000020001af0                gpio_set_input_enabled
 .text.gpio_init
                0x0000000020001b18       0x3c CMakeFiles/blink.dir/home/yavuz/pico/pico-sdk/src/rp2_common/hardware_gpio/gpio.c.obj
                0x0000000020001b18                gpio_init
 .text.running_on_fpga
                0x0000000020001b54       0x10 CMakeFiles/blink.dir/home/yavuz/pico/pico-sdk/src/rp2_common/pico_platform/platform.c.obj
                0x0000000020001b54                running_on_fpga
 .text.hw_claim_or_assert
                0x0000000020001b64       0x44 CMakeFiles/blink.dir/home/yavuz/pico/pico-sdk/src/rp2_common/hardware_claim/claim.c.obj
                0x0000000020001b64                hw_claim_or_assert
 .text.hw_claim_unused_from_range
                0x0000000020001ba8       0x9c CMakeFiles/blink.dir/home/yavuz/pico/pico-sdk/src/rp2_common/hardware_claim/claim.c.obj
                0x0000000020001ba8                hw_claim_unused_from_range
 .text.spin_locks_reset
                0x0000000020001c44       0x1c CMakeFiles/blink.dir/home/yavuz/pico/pico-sdk/src/rp2_common/hardware_sync/sync.c.obj
                0x0000000020001c44                spin_locks_reset
 .text.next_striped_spin_lock_num
                0x0000000020001c60       0x18 CMakeFiles/blink.dir/home/yavuz/pico/pico-sdk/src/rp2_common/hardware_sync/sync.c.obj
                0x0000000020001c60                next_striped_spin_lock_num
 .text.spin_lock_claim
                0x0000000020001c78       0x18 CMakeFiles/blink.dir/home/yavuz/pico/pico-sdk/src/rp2_common/hardware_sync/sync.c.obj
                0x0000000020001c78                spin_lock_claim
 .text.spin_lock_claim_unused
                0x0000000020001c90       0x20 CMakeFiles/blink.dir/home/yavuz/pico/pico-sdk/src/rp2_common/hardware_sync/sync.c.obj
                0x0000000020001c90                spin_lock_claim_unused
 .text.irq_set_enabled
                0x0000000020001cb0       0x24 CMakeFiles/blink.dir/home/yavuz/pico/pico-sdk/src/rp2_common/hardware_irq/irq.c.obj
                0x0000000020001cb0                irq_set_enabled
 .text.irq_is_enabled
                0x0000000020001cd4       0x18 CMakeFiles/blink.dir/home/yavuz/pico/pico-sdk/src/rp2_common/hardware_irq/irq.c.obj
                0x0000000020001cd4                irq_is_enabled
 .text.irq_set_pending
                0x0000000020001cec       0x10 CMakeFiles/blink.dir/home/yavuz/pico/pico-sdk/src/rp2_common/hardware_irq/irq.c.obj
                0x0000000020001cec                irq_set_pending
 .text.irq_has_shared_handler
                0x0000000020001cfc       0x2c CMakeFiles/blink.dir/home/yavuz/pico/pico-sdk/src/rp2_common/hardware_irq/irq.c.obj
                0x0000000020001cfc                irq_has_shared_handler
 .text.irq_get_vtable_handler
                0x0000000020001d28       0x10 CMakeFiles/blink.dir/home/yavuz/pico/pico-sdk/src/rp2_common/hardware_irq/irq.c.obj
                0x0000000020001d28                irq_get_vtable_handler
 .text.irq_set_exclusive_handler
                0x0000000020001d38       0x54 CMakeFiles/blink.dir/home/yavuz/pico/pico-sdk/src/rp2_common/hardware_irq/irq.c.obj
                0x0000000020001d38                irq_set_exclusive_handler
 .text.irq_add_shared_handler
                0x0000000020001d8c      0x1e8 CMakeFiles/blink.dir/home/yavuz/pico/pico-sdk/src/rp2_common/hardware_irq/irq.c.obj
                0x0000000020001d8c                irq_add_shared_handler
 .text.irq_remove_handler
                0x0000000020001f74      0x1b0 CMakeFiles/blink.dir/home/yavuz/pico/pico-sdk/src/rp2_common/hardware_irq/irq.c.obj
                0x0000000020001f74                irq_remove_handler
 .text.irq_set_priority
                0x0000000020002124       0x28 CMakeFiles/blink.dir/home/yavuz/pico/pico-sdk/src/rp2_common/hardware_irq/irq.c.obj
                0x0000000020002124                irq_set_priority
 .text.irq_add_tail_to_free_list
                0x000000002000214c       0xb4 CMakeFiles/blink.dir/home/yavuz/pico/pico-sdk/src/rp2_common/hardware_irq/irq.c.obj
                0x000000002000214c                irq_add_tail_to_free_list
 .text.irq_init_priorities
                0x0000000020002200       0x24 CMakeFiles/blink.dir/home/yavuz/pico/pico-sdk/src/rp2_common/hardware_irq/irq.c.obj
                0x0000000020002200                irq_init_priorities
 .text.user_irq_claim_unused
                0x0000000020002224       0x28 CMakeFiles/blink.dir/home/yavuz/pico/pico-sdk/src/rp2_common/hardware_irq/irq.c.obj
                0x0000000020002224                user_irq_claim_unused
 .text.lock_init
                0x000000002000224c       0x10 CMakeFiles/blink.dir/home/yavuz/pico/pico-sdk/src/common/pico_sync/lock_core.c.obj
                0x000000002000224c                lock_init
 .text.mutex_init
                0x000000002000225c       0x1c CMakeFiles/blink.dir/home/yavuz/pico/pico-sdk/src/common/pico_sync/mutex.c.obj
                0x000000002000225c                mutex_init
 .text.recursive_mutex_init
                0x0000000020002278       0x20 CMakeFiles/blink.dir/home/yavuz/pico/pico-sdk/src/common/pico_sync/mutex.c.obj
                0x0000000020002278                recursive_mutex_init
 .text.critical_section_init
                0x0000000020002298       0x20 CMakeFiles/blink.dir/home/yavuz/pico/pico-sdk/src/common/pico_sync/critical_section.c.obj
                0x0000000020002298                critical_section_init
 .text.critical_section_init_with_lock_num
                0x00000000200022b8       0x14 CMakeFiles/blink.dir/home/yavuz/pico/pico-sdk/src/common/pico_sync/critical_section.c.obj
                0x00000000200022b8                critical_section_init_with_lock_num
 .text.timer_pool_entry_comparator
                0x00000000200022cc       0x34 CMakeFiles/blink.dir/home/yavuz/pico/pico-sdk/src/common/pico_time/time.c.obj
                0x00000000200022cc                timer_pool_entry_comparator
 .text.sleep_until_callback
                0x0000000020002300       0x24 CMakeFiles/blink.dir/home/yavuz/pico/pico-sdk/src/common/pico_time/time.c.obj
 .text.add_alarm_under_lock.isra.0
                0x0000000020002324      0x100 CMakeFiles/blink.dir/home/yavuz/pico/pico-sdk/src/common/pico_time/time.c.obj
 .text.alarm_pool_alarm_callback
                0x0000000020002424      0x1bc CMakeFiles/blink.dir/home/yavuz/pico/pico-sdk/src/common/pico_time/time.c.obj
 .text.alarm_pool_init_default
                0x00000000200025e0       0x6c CMakeFiles/blink.dir/home/yavuz/pico/pico-sdk/src/common/pico_time/time.c.obj
                0x00000000200025e0                alarm_pool_init_default
 .text.alarm_pool_get_default
                0x000000002000264c        0x8 CMakeFiles/blink.dir/home/yavuz/pico/pico-sdk/src/common/pico_time/time.c.obj
                0x000000002000264c                alarm_pool_get_default
 .text.alarm_pool_add_alarm_at
                0x0000000020002654      0x178 CMakeFiles/blink.dir/home/yavuz/pico/pico-sdk/src/common/pico_time/time.c.obj
                0x0000000020002654                alarm_pool_add_alarm_at
 .text.alarm_pool_core_num
                0x00000000200027cc        0x4 CMakeFiles/blink.dir/home/yavuz/pico/pico-sdk/src/common/pico_time/time.c.obj
                0x00000000200027cc                alarm_pool_core_num
 .text.sleep_until
                0x00000000200027d0       0xbc CMakeFiles/blink.dir/home/yavuz/pico/pico-sdk/src/common/pico_time/time.c.obj
                0x00000000200027d0                sleep_until
 .text.sleep_ms
                0x000000002000288c       0x34 CMakeFiles/blink.dir/home/yavuz/pico/pico-sdk/src/common/pico_time/time.c.obj
                0x000000002000288c                sleep_ms
 .text.best_effort_wfe_or_timeout
                0x00000000200028c0       0xd4 CMakeFiles/blink.dir/home/yavuz/pico/pico-sdk/src/common/pico_time/time.c.obj
                0x00000000200028c0                best_effort_wfe_or_timeout
 .text.hardware_alarm_irq_handler
                0x0000000020002994       0xbc CMakeFiles/blink.dir/home/yavuz/pico/pico-sdk/src/rp2_common/hardware_timer/timer.c.obj
 .text.hardware_alarm_claim
                0x0000000020002a50       0x18 CMakeFiles/blink.dir/home/yavuz/pico/pico-sdk/src/rp2_common/hardware_timer/timer.c.obj
                0x0000000020002a50                hardware_alarm_claim
 .text.time_us_64
                0x0000000020002a68       0x14 CMakeFiles/blink.dir/home/yavuz/pico/pico-sdk/src/rp2_common/hardware_timer/timer.c.obj
                0x0000000020002a68                time_us_64
 .text.busy_wait_us
                0x0000000020002a7c       0x54 CMakeFiles/blink.dir/home/yavuz/pico/pico-sdk/src/rp2_common/hardware_timer/timer.c.obj
                0x0000000020002a7c                busy_wait_us
 .text.busy_wait_until
                0x0000000020002ad0       0x20 CMakeFiles/blink.dir/home/yavuz/pico/pico-sdk/src/rp2_common/hardware_timer/timer.c.obj
                0x0000000020002ad0                busy_wait_until
 .text.hardware_alarm_set_callback
                0x0000000020002af0       0x8c CMakeFiles/blink.dir/home/yavuz/pico/pico-sdk/src/rp2_common/hardware_timer/timer.c.obj
                0x0000000020002af0                hardware_alarm_set_callback
 .text.hardware_alarm_set_target
                0x0000000020002b7c       0xd4 CMakeFiles/blink.dir/home/yavuz/pico/pico-sdk/src/rp2_common/hardware_timer/timer.c.obj
                0x0000000020002b7c                hardware_alarm_set_target
 .text.hardware_alarm_cancel
                0x0000000020002c50       0x3c CMakeFiles/blink.dir/home/yavuz/pico/pico-sdk/src/rp2_common/hardware_timer/timer.c.obj
                0x0000000020002c50                hardware_alarm_cancel
 .text.datetime_to_str
                0x0000000020002c8c       0x50 CMakeFiles/blink.dir/home/yavuz/pico/pico-sdk/src/common/pico_util/datetime.c.obj
                0x0000000020002c8c                datetime_to_str
 .text.ph_merge_nodes
                0x0000000020002cdc       0x68 CMakeFiles/blink.dir/home/yavuz/pico/pico-sdk/src/common/pico_util/pheap.c.obj
 .text.ph_post_alloc_init
                0x0000000020002d44       0x3c CMakeFiles/blink.dir/home/yavuz/pico/pico-sdk/src/common/pico_util/pheap.c.obj
                0x0000000020002d44                ph_post_alloc_init
 .text.ph_merge_two_pass
                0x0000000020002d80       0x90 CMakeFiles/blink.dir/home/yavuz/pico/pico-sdk/src/common/pico_util/pheap.c.obj
                0x0000000020002d80                ph_merge_two_pass
 .text.ph_remove_any_head
                0x0000000020002e10      0x100 CMakeFiles/blink.dir/home/yavuz/pico/pico-sdk/src/common/pico_util/pheap.c.obj
 .text.ph_remove_head
                0x0000000020002f10      0x104 CMakeFiles/blink.dir/home/yavuz/pico/pico-sdk/src/common/pico_util/pheap.c.obj
                0x0000000020002f10                ph_remove_head
 .text.ph_remove_and_free_node
                0x0000000020003014       0x7c CMakeFiles/blink.dir/home/yavuz/pico/pico-sdk/src/common/pico_util/pheap.c.obj
                0x0000000020003014                ph_remove_and_free_node
 .text.uart_init
                0x0000000020003090      0x188 CMakeFiles/blink.dir/home/yavuz/pico/pico-sdk/src/rp2_common/hardware_uart/uart.c.obj
                0x0000000020003090                uart_init
 .text.uart_set_baudrate
                0x0000000020003218       0xb8 CMakeFiles/blink.dir/home/yavuz/pico/pico-sdk/src/rp2_common/hardware_uart/uart.c.obj
                0x0000000020003218                uart_set_baudrate
 .text.uart_set_format
                0x00000000200032d0       0x7c CMakeFiles/blink.dir/home/yavuz/pico/pico-sdk/src/rp2_common/hardware_uart/uart.c.obj
                0x00000000200032d0                uart_set_format
 .text.uart_set_fifo_enabled
                0x000000002000334c       0x64 CMakeFiles/blink.dir/home/yavuz/pico/pico-sdk/src/rp2_common/hardware_uart/uart.c.obj
                0x000000002000334c                uart_set_fifo_enabled
 .text.uart_set_translate_crlf
                0x00000000200033b0       0x28 CMakeFiles/blink.dir/home/yavuz/pico/pico-sdk/src/rp2_common/hardware_uart/uart.c.obj
                0x00000000200033b0                uart_set_translate_crlf
 .text.clocks_init
                0x00000000200033d8      0x2d0 CMakeFiles/blink.dir/home/yavuz/pico/pico-sdk/src/rp2_common/hardware_clocks/clocks.c.obj
                0x00000000200033d8                clocks_init
 .text.clock_get_hz
                0x00000000200036a8        0xc CMakeFiles/blink.dir/home/yavuz/pico/pico-sdk/src/rp2_common/hardware_clocks/clocks.c.obj
                0x00000000200036a8                clock_get_hz
 .text.pll_init
                0x00000000200036b4       0xa0 CMakeFiles/blink.dir/home/yavuz/pico/pico-sdk/src/rp2_common/hardware_pll/pll.c.obj
                0x00000000200036b4                pll_init
 .text.watchdog_start_tick
                0x0000000020003754       0x10 CMakeFiles/blink.dir/home/yavuz/pico/pico-sdk/src/rp2_common/hardware_watchdog/watchdog.c.obj
                0x0000000020003754                watchdog_start_tick
 .text.watchdog_reboot
                0x0000000020003764       0x98 CMakeFiles/blink.dir/home/yavuz/pico/pico-sdk/src/rp2_common/hardware_watchdog/watchdog.c.obj
                0x0000000020003764                watchdog_reboot
 .text.xosc_init
                0x00000000200037fc       0x28 CMakeFiles/blink.dir/home/yavuz/pico/pico-sdk/src/rp2_common/hardware_xosc/xosc.c.obj
                0x00000000200037fc                xosc_init
 .text.runtime_init
                0x0000000020003824       0xf0 CMakeFiles/blink.dir/home/yavuz/pico/pico-sdk/src/rp2_common/pico_runtime/runtime.c.obj
                0x0000000020003824                runtime_init
 .text._exit    0x0000000020003914        0x4 CMakeFiles/blink.dir/home/yavuz/pico/pico-sdk/src/rp2_common/pico_runtime/runtime.c.obj
                0x0000000020003914                _exit
 .text.exit     0x0000000020003918        0x8 CMakeFiles/blink.dir/home/yavuz/pico/pico-sdk/src/rp2_common/pico_runtime/runtime.c.obj
                0x0000000020003918                exit
 .text.panic    0x0000000020003920       0x30 CMakeFiles/blink.dir/home/yavuz/pico/pico-sdk/src/rp2_common/pico_runtime/runtime.c.obj
                0x0000000020003920                panic
 .text.panic_unsupported
                0x0000000020003950        0xc CMakeFiles/blink.dir/home/yavuz/pico/pico-sdk/src/rp2_common/pico_runtime/runtime.c.obj
                0x0000000020003950                panic_unsupported
 .text.hard_assertion_failure
                0x000000002000395c        0xc CMakeFiles/blink.dir/home/yavuz/pico/pico-sdk/src/rp2_common/pico_runtime/runtime.c.obj
                0x000000002000395c                hard_assertion_failure
 .text._out_buffer
                0x0000000020003968        0x8 CMakeFiles/blink.dir/home/yavuz/pico/pico-sdk/src/rp2_common/pico_printf/printf.c.obj
 .text._out_null
                0x0000000020003970        0x4 CMakeFiles/blink.dir/home/yavuz/pico/pico-sdk/src/rp2_common/pico_printf/printf.c.obj
 .text._out_rev
                0x0000000020003974       0x9c CMakeFiles/blink.dir/home/yavuz/pico/pico-sdk/src/rp2_common/pico_printf/printf.c.obj
 .text._ntoa_format
                0x0000000020003a10      0x1cc CMakeFiles/blink.dir/home/yavuz/pico/pico-sdk/src/rp2_common/pico_printf/printf.c.obj
 .text._out_char
                0x0000000020003bdc       0x10 CMakeFiles/blink.dir/home/yavuz/pico/pico-sdk/src/rp2_common/pico_printf/printf.c.obj
 .text._etoa    0x0000000020003bec      0x44c CMakeFiles/blink.dir/home/yavuz/pico/pico-sdk/src/rp2_common/pico_printf/printf.c.obj
 .text._ftoa    0x0000000020004038      0x398 CMakeFiles/blink.dir/home/yavuz/pico/pico-sdk/src/rp2_common/pico_printf/printf.c.obj
 .text._vsnprintf
                0x00000000200043d0      0xb04 CMakeFiles/blink.dir/home/yavuz/pico/pico-sdk/src/rp2_common/pico_printf/printf.c.obj
 .text.__wrap_snprintf
                0x0000000020004ed4       0x28 CMakeFiles/blink.dir/home/yavuz/pico/pico-sdk/src/rp2_common/pico_printf/printf.c.obj
                0x0000000020004ed4                __wrap_snprintf
 .text.weak_raw_vprintf
                0x0000000020004efc       0x30 CMakeFiles/blink.dir/home/yavuz/pico/pico-sdk/src/rp2_common/pico_printf/printf.c.obj
                0x0000000020004efc                weak_raw_vprintf
 .text          0x0000000020004f2c       0x10 CMakeFiles/blink.dir/home/yavuz/pico/pico-sdk/src/rp2_common/pico_bit_ops/bit_ops_aeabi.S.obj
 .text.clzsi    0x0000000020004f3c        0xc CMakeFiles/blink.dir/home/yavuz/pico/pico-sdk/src/rp2_common/pico_bit_ops/bit_ops_aeabi.S.obj
                0x0000000020004f3c                __wrap___clz
                0x0000000020004f3c                __wrap___clzsi2
                0x0000000020004f3c                __wrap___clzl
 .text.rom_func_lookup
                0x0000000020004f48       0x10 CMakeFiles/blink.dir/home/yavuz/pico/pico-sdk/src/rp2_common/pico_bootrom/bootrom.c.obj
                0x0000000020004f48                rom_func_lookup
 .text.rom_data_lookup
                0x0000000020004f58       0x10 CMakeFiles/blink.dir/home/yavuz/pico/pico-sdk/src/rp2_common/pico_bootrom/bootrom.c.obj
                0x0000000020004f58                rom_data_lookup
 .text.rom_funcs_lookup
                0x0000000020004f68       0x44 CMakeFiles/blink.dir/home/yavuz/pico/pico-sdk/src/rp2_common/pico_bootrom/bootrom.c.obj
                0x0000000020004f68                rom_funcs_lookup
 .text.__wrap___aeabi_idiv
                0x0000000020004fac       0x50 CMakeFiles/blink.dir/home/yavuz/pico/pico-sdk/src/rp2_common/pico_divider/divider.S.obj
                0x0000000020004fac                __wrap___aeabi_idivmod
                0x0000000020004fac                divmod_s32s32
                0x0000000020004fac                div_s32s32
                0x0000000020004fac                __wrap___aeabi_idiv
                0x0000000020004fb4                divmod_s32s32_unsafe
                0x0000000020004fe0                divmod_s32s32_savestate
 .text.__wrap___aeabi_uidiv
                0x0000000020004ffc       0x4c CMakeFiles/blink.dir/home/yavuz/pico/pico-sdk/src/rp2_common/pico_divider/divider.S.obj
                0x0000000020004ffc                __wrap___aeabi_uidiv
                0x0000000020004ffc                __wrap___aeabi_uidivmod
                0x0000000020004ffc                div_u32u32
                0x0000000020004ffc                divmod_u32u32
                0x0000000020005004                divmod_u32u32_unsafe
                0x000000002000502c                divmod_u32u32_savestate
 .text.__wrap___aeabi_ldiv
                0x0000000020005048      0x424 CMakeFiles/blink.dir/home/yavuz/pico/pico-sdk/src/rp2_common/pico_divider/divider.S.obj
                0x0000000020005048                div_s64s64
                0x0000000020005048                divmod_s64s64
                0x0000000020005048                __wrap___aeabi_ldivmod
                0x0000000020005078                div_u64u64
                0x0000000020005078                divmod_u64u64
                0x0000000020005078                __wrap___aeabi_uldivmod
                0x0000000020005088                divmod_u64u64_savestate
                0x00000000200050a8                divmod_s64s64_unsafe
                0x0000000020005130                divmod_u64u64_unsafe
 .text.__wrap___aeabi_darithmetic
                0x000000002000546c       0x80 CMakeFiles/blink.dir/home/yavuz/pico/pico-sdk/src/rp2_common/pico_double/double_aeabi.S.obj
                0x000000002000546c                __wrap___aeabi_drsub
                0x0000000020005472                __wrap___aeabi_dsub
                0x0000000020005484                __wrap___aeabi_dadd
                0x0000000020005496                __wrap___aeabi_ddiv
                0x00000000200054d2                __wrap___aeabi_dmul
 .text.__wrap___aeabi_cdcmple
                0x00000000200054ec       0x6c CMakeFiles/blink.dir/home/yavuz/pico/pico-sdk/src/rp2_common/pico_double/double_aeabi.S.obj
                0x00000000200054ec                __wrap___aeabi_cdrcmple
                0x00000000200054fc                __wrap___aeabi_cdcmple
                0x00000000200054fc                __wrap___aeabi_cdcmpeq
 .text.__wrap___aeabi_dcmplt
                0x0000000020005558        0xc CMakeFiles/blink.dir/home/yavuz/pico/pico-sdk/src/rp2_common/pico_double/double_aeabi.S.obj
                0x0000000020005558                __wrap___aeabi_dcmplt
 .text.__wrap___aeabi_dcmple
                0x0000000020005564       0x10 CMakeFiles/blink.dir/home/yavuz/pico/pico-sdk/src/rp2_common/pico_double/double_aeabi.S.obj
                0x0000000020005564                __wrap___aeabi_dcmple
 .text.__wrap___aeabi_dcmpge
                0x0000000020005574       0x10 CMakeFiles/blink.dir/home/yavuz/pico/pico-sdk/src/rp2_common/pico_double/double_aeabi.S.obj
                0x0000000020005574                __wrap___aeabi_dcmpge
 .text.__wrap___aeabi_dcmpgt
                0x0000000020005584        0xa CMakeFiles/blink.dir/home/yavuz/pico/pico-sdk/src/rp2_common/pico_double/double_aeabi.S.obj
                0x0000000020005584                __wrap___aeabi_dcmpgt
 .text.__wrap___aeabi_dcmpun
                0x000000002000558e       0x1c CMakeFiles/blink.dir/home/yavuz/pico/pico-sdk/src/rp2_common/pico_double/double_aeabi.S.obj
                0x000000002000558e                __wrap___aeabi_dcmpun
 *fill*         0x00000000200055aa        0x2 
 .text.__wrap___aeabi_i2d
                0x00000000200055ac       0x38 CMakeFiles/blink.dir/home/yavuz/pico/pico-sdk/src/rp2_common/pico_double/double_aeabi.S.obj
                0x00000000200055ac                __wrap___aeabi_ui2d
                0x00000000200055b4                __wrap___aeabi_i2d
 .text.__wrap___aeabi_d2iz
                0x00000000200055e4       0x48 CMakeFiles/blink.dir/home/yavuz/pico/pico-sdk/src/rp2_common/pico_double/double_aeabi.S.obj
                0x00000000200055e4                __wrap___aeabi_d2iz
                0x00000000200055e4                double2int_z
 .text.__wrap___aeabi_d2uiz
                0x000000002000562c       0x18 CMakeFiles/blink.dir/home/yavuz/pico/pico-sdk/src/rp2_common/pico_double/double_aeabi.S.obj
                0x000000002000562c                double2uint
                0x000000002000562c                __wrap___aeabi_d2uiz
 .text.__wrap_srqt
                0x0000000020005644       0x18 CMakeFiles/blink.dir/home/yavuz/pico/pico-sdk/src/rp2_common/pico_double/double_aeabi.S.obj
                0x0000000020005644                __wrap_sqrt
 .text.__aeabi_double_init
                0x000000002000565c       0x94 CMakeFiles/blink.dir/home/yavuz/pico/pico-sdk/src/rp2_common/pico_double/double_init_rom.c.obj
                0x000000002000565c                __aeabi_double_init
 .text.double_table_shim_on_use_helper
                0x00000000200056f0       0x2c CMakeFiles/blink.dir/home/yavuz/pico/pico-sdk/src/rp2_common/pico_double/double_v1_rom_shim.S.obj
                0x00000000200056f0                double_table_shim_on_use_helper
 .text.__wrap___aeabi_dsub
                0x000000002000571c       0x10 CMakeFiles/blink.dir/home/yavuz/pico/pico-sdk/src/rp2_common/pico_double/double_v1_rom_shim.S.obj
                0x000000002000571c                drsub_shim
                0x0000000020005722                dsub_shim
 .text.dadd_shim
                0x000000002000572c      0x15c CMakeFiles/blink.dir/home/yavuz/pico/pico-sdk/src/rp2_common/pico_double/double_v1_rom_shim.S.obj
                0x000000002000572c                dadd_shim
 .text.dmul_shim
                0x0000000020005888      0x15c CMakeFiles/blink.dir/home/yavuz/pico/pico-sdk/src/rp2_common/pico_double/double_v1_rom_shim.S.obj
                0x0000000020005888                dmul_shim
 .text.ddiv_shim
                0x00000000200059e4      0x1b0 CMakeFiles/blink.dir/home/yavuz/pico/pico-sdk/src/rp2_common/pico_double/double_v1_rom_shim.S.obj
                0x00000000200059e4                ddiv_shim
 .text.dsqrt_shim
                0x0000000020005b94      0x1a8 CMakeFiles/blink.dir/home/yavuz/pico/pico-sdk/src/rp2_common/pico_double/double_v1_rom_shim.S.obj
                0x0000000020005bb0                dsqrt_shim
 .text.double2uint_shim
                0x0000000020005d3c        0xe CMakeFiles/blink.dir/home/yavuz/pico/pico-sdk/src/rp2_common/pico_double/double_v1_rom_shim.S.obj
                0x0000000020005d3c                double2uint_shim
                0x0000000020005d3e                double2ufix_shim
 *fill*         0x0000000020005d4a        0x2 
 .text.double2uint64_shim
                0x0000000020005d4c       0x70 CMakeFiles/blink.dir/home/yavuz/pico/pico-sdk/src/rp2_common/pico_double/double_v1_rom_shim.S.obj
                0x0000000020005d4c                double2uint64_shim
                0x0000000020005d4e                double2ufix64_shim
                0x0000000020005d6e                d2fix_a
 .text.dunpacks
                0x0000000020005dbc       0x3c CMakeFiles/blink.dir/home/yavuz/pico/pico-sdk/src/rp2_common/pico_double/double_v1_rom_shim.S.obj
                0x0000000020005dbc                dunpacks
 .text.__aeabi_lmul
                0x0000000020005df8       0x32 CMakeFiles/blink.dir/home/yavuz/pico/pico-sdk/src/rp2_common/pico_int64_ops/pico_int64_ops_aeabi.S.obj
                0x0000000020005df8                __wrap___aeabi_lmul
 *fill*         0x0000000020005e2a        0x2 
 .text.__wrap___aeabi_farithmetic
                0x0000000020005e2c       0x48 CMakeFiles/blink.dir/home/yavuz/pico/pico-sdk/src/rp2_common/pico_float/float_aeabi.S.obj
                0x0000000020005e2c                __wrap___aeabi_frsub
                0x0000000020005e32                __wrap___aeabi_fsub
                0x0000000020005e38                __wrap___aeabi_fadd
                0x0000000020005e3e                __wrap___aeabi_fdiv
                0x0000000020005e66                __wrap___aeabi_fmul
 .text.__wrap___aeabi_i2f
                0x0000000020005e74       0x44 CMakeFiles/blink.dir/home/yavuz/pico/pico-sdk/src/rp2_common/pico_float/float_aeabi.S.obj
                0x0000000020005e74                __wrap___aeabi_i2f
 .text.__wrap___aeabi_f2d
                0x0000000020005eb8       0x14 CMakeFiles/blink.dir/home/yavuz/pico/pico-sdk/src/rp2_common/pico_float/float_aeabi.S.obj
                0x0000000020005eb8                __wrap___aeabi_f2d
 .text.__aeabi_float_init
                0x0000000020005ecc       0x64 CMakeFiles/blink.dir/home/yavuz/pico/pico-sdk/src/rp2_common/pico_float/float_init_rom.c.obj
                0x0000000020005ecc                __aeabi_float_init
 .text.float_table_shim_on_use_helper
                0x0000000020005f30       0x2c CMakeFiles/blink.dir/home/yavuz/pico/pico-sdk/src/rp2_common/pico_float/float_v1_rom_shim.S.obj
                0x0000000020005f30                float_table_shim_on_use_helper
 .text.float2double_shim
                0x0000000020005f5c       0x30 CMakeFiles/blink.dir/home/yavuz/pico/pico-sdk/src/rp2_common/pico_float/float_v1_rom_shim.S.obj
                0x0000000020005f5c                float2double_shim
 .text          0x0000000020005f8c       0x10 CMakeFiles/blink.dir/home/yavuz/pico/pico-sdk/src/rp2_common/pico_mem_ops/mem_ops_aeabi.S.obj
                0x0000000020005f8c                __aeabi_mem_init
 .text.memset   0x0000000020005f9c        0xc CMakeFiles/blink.dir/home/yavuz/pico/pico-sdk/src/rp2_common/pico_mem_ops/mem_ops_aeabi.S.obj
                0x0000000020005f9c                __wrap_memset
 .text.memcpy   0x0000000020005fa8        0xc CMakeFiles/blink.dir/home/yavuz/pico/pico-sdk/src/rp2_common/pico_mem_ops/mem_ops_aeabi.S.obj
                0x0000000020005fa8                __wrap___aeabi_memcpy
                0x0000000020005fa8                __wrap_memcpy
 .text.stdio_out_chars_no_crlf
                0x0000000020005fb4       0x10 CMakeFiles/blink.dir/home/yavuz/pico/pico-sdk/src/rp2_common/pico_stdio/stdio.c.obj
 .text.stdio_out_chars_crlf
                0x0000000020005fc4       0xb4 CMakeFiles/blink.dir/home/yavuz/pico/pico-sdk/src/rp2_common/pico_stdio/stdio.c.obj
 .text.stdio_put_string.isra.0
                0x0000000020006078       0xfc CMakeFiles/blink.dir/home/yavuz/pico/pico-sdk/src/rp2_common/pico_stdio/stdio.c.obj
 .text.__wrap_putchar
                0x0000000020006174       0x98 CMakeFiles/blink.dir/home/yavuz/pico/pico-sdk/src/rp2_common/pico_stdio/stdio.c.obj
                0x0000000020006174                __wrap_putchar
 .text.__wrap_puts
                0x000000002000620c       0x3c CMakeFiles/blink.dir/home/yavuz/pico/pico-sdk/src/rp2_common/pico_stdio/stdio.c.obj
                0x000000002000620c                __wrap_puts
 .text.stdio_set_driver_enabled
                0x0000000020006248       0x30 CMakeFiles/blink.dir/home/yavuz/pico/pico-sdk/src/rp2_common/pico_stdio/stdio.c.obj
                0x0000000020006248                stdio_set_driver_enabled
 .text.stdio_init_all
                0x0000000020006278        0x8 CMakeFiles/blink.dir/home/yavuz/pico/pico-sdk/src/rp2_common/pico_stdio/stdio.c.obj
                0x0000000020006278                stdio_init_all
 .text.resetd_init
                0x0000000020006280        0x4 CMakeFiles/blink.dir/home/yavuz/pico/pico-sdk/src/rp2_common/pico_stdio_usb/reset_interface.c.obj
 .text.resetd_reset
                0x0000000020006284        0xc CMakeFiles/blink.dir/home/yavuz/pico/pico-sdk/src/rp2_common/pico_stdio_usb/reset_interface.c.obj
 .text.resetd_open
                0x0000000020006290       0x28 CMakeFiles/blink.dir/home/yavuz/pico/pico-sdk/src/rp2_common/pico_stdio_usb/reset_interface.c.obj
 .text.resetd_xfer_cb
                0x00000000200062b8        0x4 CMakeFiles/blink.dir/home/yavuz/pico/pico-sdk/src/rp2_common/pico_stdio_usb/reset_interface.c.obj
 .text.resetd_control_xfer_cb
                0x00000000200062bc       0x64 CMakeFiles/blink.dir/home/yavuz/pico/pico-sdk/src/rp2_common/pico_stdio_usb/reset_interface.c.obj
 .text.usbd_app_driver_get_cb
                0x0000000020006320        0xc CMakeFiles/blink.dir/home/yavuz/pico/pico-sdk/src/rp2_common/pico_stdio_usb/reset_interface.c.obj
                0x0000000020006320                usbd_app_driver_get_cb
 .text.tud_cdc_line_coding_cb
                0x000000002000632c       0x34 CMakeFiles/blink.dir/home/yavuz/pico/pico-sdk/src/rp2_common/pico_stdio_usb/reset_interface.c.obj
                0x000000002000632c                tud_cdc_line_coding_cb
 .text.stdio_usb_set_chars_available_callback
                0x0000000020006360       0x14 CMakeFiles/blink.dir/home/yavuz/pico/pico-sdk/src/rp2_common/pico_stdio_usb/stdio_usb.c.obj
                0x0000000020006360                stdio_usb_set_chars_available_callback
 .text.usb_irq  0x0000000020006374       0x10 CMakeFiles/blink.dir/home/yavuz/pico/pico-sdk/src/rp2_common/pico_stdio_usb/stdio_usb.c.obj
 .text.timer_task
                0x0000000020006384       0x54 CMakeFiles/blink.dir/home/yavuz/pico/pico-sdk/src/rp2_common/pico_stdio_usb/stdio_usb.c.obj
 .text.stdio_usb_in_chars
                0x00000000200063d8       0x90 CMakeFiles/blink.dir/home/yavuz/pico/pico-sdk/src/rp2_common/pico_stdio_usb/stdio_usb.c.obj
                0x00000000200063d8                stdio_usb_in_chars
 .text.stdio_usb_out_chars
                0x0000000020006468      0x100 CMakeFiles/blink.dir/home/yavuz/pico/pico-sdk/src/rp2_common/pico_stdio_usb/stdio_usb.c.obj
 .text.low_priority_worker_irq
                0x0000000020006568       0xa8 CMakeFiles/blink.dir/home/yavuz/pico/pico-sdk/src/rp2_common/pico_stdio_usb/stdio_usb.c.obj
 .text.tud_cdc_rx_cb
                0x0000000020006610       0x20 CMakeFiles/blink.dir/home/yavuz/pico/pico-sdk/src/rp2_common/pico_stdio_usb/stdio_usb.c.obj
                0x0000000020006610                tud_cdc_rx_cb
 .text.stdio_usb_init
                0x0000000020006630       0xdc CMakeFiles/blink.dir/home/yavuz/pico/pico-sdk/src/rp2_common/pico_stdio_usb/stdio_usb.c.obj
                0x0000000020006630                stdio_usb_init
 .text.tud_descriptor_device_cb
                0x000000002000670c        0x8 CMakeFiles/blink.dir/home/yavuz/pico/pico-sdk/src/rp2_common/pico_stdio_usb/stdio_usb_descriptors.c.obj
                0x000000002000670c                tud_descriptor_device_cb
 .text.tud_descriptor_configuration_cb
                0x0000000020006714        0x8 CMakeFiles/blink.dir/home/yavuz/pico/pico-sdk/src/rp2_common/pico_stdio_usb/stdio_usb_descriptors.c.obj
                0x0000000020006714                tud_descriptor_configuration_cb
 .text.tud_descriptor_string_cb
                0x000000002000671c       0x74 CMakeFiles/blink.dir/home/yavuz/pico/pico-sdk/src/rp2_common/pico_stdio_usb/stdio_usb_descriptors.c.obj
                0x000000002000671c                tud_descriptor_string_cb
 .text.startup._retrieve_unique_id_on_boot
                0x0000000020006790       0x10 CMakeFiles/blink.dir/home/yavuz/pico/pico-sdk/src/rp2_common/pico_unique_id/unique_id.c.obj
 .text.pico_get_unique_board_id_string
                0x00000000200067a0      0x1a8 CMakeFiles/blink.dir/home/yavuz/pico/pico-sdk/src/rp2_common/pico_unique_id/unique_id.c.obj
                0x00000000200067a0                pico_get_unique_board_id_string
 .text.flash_get_unique_id
                0x0000000020006948       0x40 CMakeFiles/blink.dir/home/yavuz/pico/pico-sdk/src/rp2_common/hardware_flash/flash.c.obj
                0x0000000020006948                flash_get_unique_id
 .text.dcd_int_enable
                0x0000000020006988        0xc CMakeFiles/blink.dir/home/yavuz/pico/pico-sdk/lib/tinyusb/src/portable/raspberrypi/rp2040/dcd_rp2040.c.obj
                0x0000000020006988                dcd_int_enable
 .text.dcd_set_address
                0x0000000020006994       0x14 CMakeFiles/blink.dir/home/yavuz/pico/pico-sdk/lib/tinyusb/src/portable/raspberrypi/rp2040/dcd_rp2040.c.obj
                0x0000000020006994                dcd_set_address
 .text.dcd_connect
                0x00000000200069a8       0x10 CMakeFiles/blink.dir/home/yavuz/pico/pico-sdk/lib/tinyusb/src/portable/raspberrypi/rp2040/dcd_rp2040.c.obj
                0x00000000200069a8                dcd_connect
 .text.dcd_init
                0x00000000200069b8       0x98 CMakeFiles/blink.dir/home/yavuz/pico/pico-sdk/lib/tinyusb/src/portable/raspberrypi/rp2040/dcd_rp2040.c.obj
                0x00000000200069b8                dcd_init
 .text.dcd_edpt0_status_complete
                0x0000000020006a50       0x1c CMakeFiles/blink.dir/home/yavuz/pico/pico-sdk/lib/tinyusb/src/portable/raspberrypi/rp2040/dcd_rp2040.c.obj
                0x0000000020006a50                dcd_edpt0_status_complete
 .text.dcd_edpt_open
                0x0000000020006a6c      0x108 CMakeFiles/blink.dir/home/yavuz/pico/pico-sdk/lib/tinyusb/src/portable/raspberrypi/rp2040/dcd_rp2040.c.obj
                0x0000000020006a6c                dcd_edpt_open
 .text.dcd_edpt_close_all
                0x0000000020006b74        0x8 CMakeFiles/blink.dir/home/yavuz/pico/pico-sdk/lib/tinyusb/src/portable/raspberrypi/rp2040/dcd_rp2040.c.obj
                0x0000000020006b74                dcd_edpt_close_all
 .text.dcd_edpt_xfer
                0x0000000020006b7c       0x24 CMakeFiles/blink.dir/home/yavuz/pico/pico-sdk/lib/tinyusb/src/portable/raspberrypi/rp2040/dcd_rp2040.c.obj
                0x0000000020006b7c                dcd_edpt_xfer
 .text.dcd_edpt_stall
                0x0000000020006ba0       0x38 CMakeFiles/blink.dir/home/yavuz/pico/pico-sdk/lib/tinyusb/src/portable/raspberrypi/rp2040/dcd_rp2040.c.obj
                0x0000000020006ba0                dcd_edpt_stall
 .text.dcd_edpt_clear_stall
                0x0000000020006bd8       0x30 CMakeFiles/blink.dir/home/yavuz/pico/pico-sdk/lib/tinyusb/src/portable/raspberrypi/rp2040/dcd_rp2040.c.obj
                0x0000000020006bd8                dcd_edpt_clear_stall
 .text.rp2040_usb_init
                0x0000000020006c08       0x4c CMakeFiles/blink.dir/home/yavuz/pico/pico-sdk/lib/tinyusb/src/portable/raspberrypi/rp2040/rp2040_usb.c.obj
                0x0000000020006c08                rp2040_usb_init
 .text.hw_endpoint_xfer_start
                0x0000000020006c54       0x50 CMakeFiles/blink.dir/home/yavuz/pico/pico-sdk/lib/tinyusb/src/portable/raspberrypi/rp2040/rp2040_usb.c.obj
                0x0000000020006c54                hw_endpoint_xfer_start
 .text.tud_mounted
                0x0000000020006ca4       0x10 CMakeFiles/blink.dir/home/yavuz/pico/pico-sdk/lib/tinyusb/src/device/usbd.c.obj
                0x0000000020006ca4                tud_mounted
 .text.tud_suspended
                0x0000000020006cb4       0x10 CMakeFiles/blink.dir/home/yavuz/pico/pico-sdk/lib/tinyusb/src/device/usbd.c.obj
                0x0000000020006cb4                tud_suspended
 .text.tud_inited
                0x0000000020006cc4       0x14 CMakeFiles/blink.dir/home/yavuz/pico/pico-sdk/lib/tinyusb/src/device/usbd.c.obj
                0x0000000020006cc4                tud_inited
 .text.tud_init
                0x0000000020006cd8       0xe4 CMakeFiles/blink.dir/home/yavuz/pico/pico-sdk/lib/tinyusb/src/device/usbd.c.obj
                0x0000000020006cd8                tud_init
 .text.tud_task_ext
                0x0000000020006dbc      0x854 CMakeFiles/blink.dir/home/yavuz/pico/pico-sdk/lib/tinyusb/src/device/usbd.c.obj
                0x0000000020006dbc                tud_task_ext
 .text.usbd_open_edpt_pair
                0x0000000020007610       0x9c CMakeFiles/blink.dir/home/yavuz/pico/pico-sdk/lib/tinyusb/src/device/usbd.c.obj
                0x0000000020007610                usbd_open_edpt_pair
 .text.usbd_defer_func
                0x00000000200076ac       0x48 CMakeFiles/blink.dir/home/yavuz/pico/pico-sdk/lib/tinyusb/src/device/usbd.c.obj
                0x00000000200076ac                usbd_defer_func
 .text.usbd_edpt_open
                0x00000000200076f4       0x34 CMakeFiles/blink.dir/home/yavuz/pico/pico-sdk/lib/tinyusb/src/device/usbd.c.obj
                0x00000000200076f4                usbd_edpt_open
 .text.usbd_edpt_claim
                0x0000000020007728       0x28 CMakeFiles/blink.dir/home/yavuz/pico/pico-sdk/lib/tinyusb/src/device/usbd.c.obj
                0x0000000020007728                usbd_edpt_claim
 .text.usbd_edpt_release
                0x0000000020007750       0x28 CMakeFiles/blink.dir/home/yavuz/pico/pico-sdk/lib/tinyusb/src/device/usbd.c.obj
                0x0000000020007750                usbd_edpt_release
 .text.usbd_edpt_xfer
                0x0000000020007778       0x4c CMakeFiles/blink.dir/home/yavuz/pico/pico-sdk/lib/tinyusb/src/device/usbd.c.obj
                0x0000000020007778                usbd_edpt_xfer
 .text.tud_control_status
                0x00000000200077c4       0x30 CMakeFiles/blink.dir/home/yavuz/pico/pico-sdk/lib/tinyusb/src/device/usbd_control.c.obj
                0x00000000200077c4                tud_control_status
 .text.tud_control_xfer
                0x00000000200077f4       0xbc CMakeFiles/blink.dir/home/yavuz/pico/pico-sdk/lib/tinyusb/src/device/usbd_control.c.obj
                0x00000000200077f4                tud_control_xfer
 .text.usbd_control_reset
                0x00000000200078b0       0x14 CMakeFiles/blink.dir/home/yavuz/pico/pico-sdk/lib/tinyusb/src/device/usbd_control.c.obj
                0x00000000200078b0                usbd_control_reset
 .text.usbd_control_set_complete_callback
                0x00000000200078c4        0xc CMakeFiles/blink.dir/home/yavuz/pico/pico-sdk/lib/tinyusb/src/device/usbd_control.c.obj
                0x00000000200078c4                usbd_control_set_complete_callback
 .text.usbd_control_set_request
                0x00000000200078d0       0x1c CMakeFiles/blink.dir/home/yavuz/pico/pico-sdk/lib/tinyusb/src/device/usbd_control.c.obj
                0x00000000200078d0                usbd_control_set_request
 .text.usbd_control_xfer_cb
                0x00000000200078ec       0xfc CMakeFiles/blink.dir/home/yavuz/pico/pico-sdk/lib/tinyusb/src/device/usbd_control.c.obj
                0x00000000200078ec                usbd_control_xfer_cb
 .text.tud_cdc_n_connected
                0x00000000200079e8       0x30 CMakeFiles/blink.dir/home/yavuz/pico/pico-sdk/lib/tinyusb/src/class/cdc/cdc_device.c.obj
                0x00000000200079e8                tud_cdc_n_connected
 .text.tud_cdc_n_available
                0x0000000020007a18       0x18 CMakeFiles/blink.dir/home/yavuz/pico/pico-sdk/lib/tinyusb/src/class/cdc/cdc_device.c.obj
                0x0000000020007a18                tud_cdc_n_available
 .text.tud_cdc_n_read
                0x0000000020007a30       0x70 CMakeFiles/blink.dir/home/yavuz/pico/pico-sdk/lib/tinyusb/src/class/cdc/cdc_device.c.obj
                0x0000000020007a30                tud_cdc_n_read
 .text.tud_cdc_n_write_flush
                0x0000000020007aa0       0x78 CMakeFiles/blink.dir/home/yavuz/pico/pico-sdk/lib/tinyusb/src/class/cdc/cdc_device.c.obj
                0x0000000020007aa0                tud_cdc_n_write_flush
 .text.tud_cdc_n_write
                0x0000000020007b18       0x34 CMakeFiles/blink.dir/home/yavuz/pico/pico-sdk/lib/tinyusb/src/class/cdc/cdc_device.c.obj
                0x0000000020007b18                tud_cdc_n_write
 .text.tud_cdc_n_write_available
                0x0000000020007b4c       0x18 CMakeFiles/blink.dir/home/yavuz/pico/pico-sdk/lib/tinyusb/src/class/cdc/cdc_device.c.obj
                0x0000000020007b4c                tud_cdc_n_write_available
 .text.cdcd_init
                0x0000000020007b64       0x7c CMakeFiles/blink.dir/home/yavuz/pico/pico-sdk/lib/tinyusb/src/class/cdc/cdc_device.c.obj
                0x0000000020007b64                cdcd_init
 .text.cdcd_reset
                0x0000000020007be0       0x2c CMakeFiles/blink.dir/home/yavuz/pico/pico-sdk/lib/tinyusb/src/class/cdc/cdc_device.c.obj
                0x0000000020007be0                cdcd_reset
 .text.cdcd_open
                0x0000000020007c0c       0xe8 CMakeFiles/blink.dir/home/yavuz/pico/pico-sdk/lib/tinyusb/src/class/cdc/cdc_device.c.obj
                0x0000000020007c0c                cdcd_open
 .text.cdcd_control_xfer_cb
                0x0000000020007cf4       0xe4 CMakeFiles/blink.dir/home/yavuz/pico/pico-sdk/lib/tinyusb/src/class/cdc/cdc_device.c.obj
                0x0000000020007cf4                cdcd_control_xfer_cb
 .text.cdcd_xfer_cb
                0x0000000020007dd8      0x148 CMakeFiles/blink.dir/home/yavuz/pico/pico-sdk/lib/tinyusb/src/class/cdc/cdc_device.c.obj
                0x0000000020007dd8                cdcd_xfer_cb
 .text.tusb_init
                0x0000000020007f20        0xc CMakeFiles/blink.dir/home/yavuz/pico/pico-sdk/lib/tinyusb/src/tusb.c.obj
                0x0000000020007f20                tusb_init
 .text.tusb_inited
                0x0000000020007f2c        0x8 CMakeFiles/blink.dir/home/yavuz/pico/pico-sdk/lib/tinyusb/src/tusb.c.obj
                0x0000000020007f2c                tusb_inited
 .text.tu_edpt_claim
                0x0000000020007f34       0x50 CMakeFiles/blink.dir/home/yavuz/pico/pico-sdk/lib/tinyusb/src/tusb.c.obj
                0x0000000020007f34                tu_edpt_claim
 .text.tu_edpt_release
                0x0000000020007f84       0x38 CMakeFiles/blink.dir/home/yavuz/pico/pico-sdk/lib/tinyusb/src/tusb.c.obj
                0x0000000020007f84                tu_edpt_release
 .text.tu_edpt_validate
                0x0000000020007fbc       0x78 CMakeFiles/blink.dir/home/yavuz/pico/pico-sdk/lib/tinyusb/src/tusb.c.obj
                0x0000000020007fbc                tu_edpt_validate
 .text.tu_edpt_bind_driver
                0x0000000020008034       0x34 CMakeFiles/blink.dir/home/yavuz/pico/pico-sdk/lib/tinyusb/src/tusb.c.obj
                0x0000000020008034                tu_edpt_bind_driver
 .text.tu_fifo_config
                0x0000000020008068       0x70 CMakeFiles/blink.dir/home/yavuz/pico/pico-sdk/lib/tinyusb/src/common/tusb_fifo.c.obj
                0x0000000020008068                tu_fifo_config
 .text.tu_fifo_count
                0x00000000200080d8       0x2c CMakeFiles/blink.dir/home/yavuz/pico/pico-sdk/lib/tinyusb/src/common/tusb_fifo.c.obj
                0x00000000200080d8                tu_fifo_count
 .text.tu_fifo_empty
                0x0000000020008104       0x10 CMakeFiles/blink.dir/home/yavuz/pico/pico-sdk/lib/tinyusb/src/common/tusb_fifo.c.obj
                0x0000000020008104                tu_fifo_empty
 .text.tu_fifo_remaining
                0x0000000020008114       0x2c CMakeFiles/blink.dir/home/yavuz/pico/pico-sdk/lib/tinyusb/src/common/tusb_fifo.c.obj
                0x0000000020008114                tu_fifo_remaining
 .text.tu_fifo_read
                0x0000000020008140       0xa0 CMakeFiles/blink.dir/home/yavuz/pico/pico-sdk/lib/tinyusb/src/common/tusb_fifo.c.obj
                0x0000000020008140                tu_fifo_read
 .text.tu_fifo_read_n
                0x00000000200081e0       0xec CMakeFiles/blink.dir/home/yavuz/pico/pico-sdk/lib/tinyusb/src/common/tusb_fifo.c.obj
                0x00000000200081e0                tu_fifo_read_n
 .text.tu_fifo_write
                0x00000000200082cc       0x88 CMakeFiles/blink.dir/home/yavuz/pico/pico-sdk/lib/tinyusb/src/common/tusb_fifo.c.obj
                0x00000000200082cc                tu_fifo_write
 .text.tu_fifo_write_n
                0x0000000020008354      0x168 CMakeFiles/blink.dir/home/yavuz/pico/pico-sdk/lib/tinyusb/src/common/tusb_fifo.c.obj
                0x0000000020008354                tu_fifo_write_n
 .text.tu_fifo_clear
                0x00000000200084bc       0x40 CMakeFiles/blink.dir/home/yavuz/pico/pico-sdk/lib/tinyusb/src/common/tusb_fifo.c.obj
                0x00000000200084bc                tu_fifo_clear
 .text.tu_fifo_set_overwritable
                0x00000000200084fc       0x48 CMakeFiles/blink.dir/home/yavuz/pico/pico-sdk/lib/tinyusb/src/common/tusb_fifo.c.obj
                0x00000000200084fc                tu_fifo_set_overwritable
 .text.vPortSVCHandler
                0x0000000020008544        0x4 CMakeFiles/blink.dir/home/yavuz/pico/freertos-pico/FreeRTOS-Kernel/portable/ThirdParty/GCC/RP2040/port.c.obj
                0x0000000020008544                vPortSVCHandler
 *fill*         0x0000000020008548        0x8 
 .text.vPortStartFirstTask
                0x0000000020008550       0x38 CMakeFiles/blink.dir/home/yavuz/pico/freertos-pico/FreeRTOS-Kernel/portable/ThirdParty/GCC/RP2040/port.c.obj
 .text.prvFIFOInterruptHandler
                0x0000000020008588       0x2c CMakeFiles/blink.dir/home/yavuz/pico/freertos-pico/FreeRTOS-Kernel/portable/ThirdParty/GCC/RP2040/port.c.obj
 *fill*         0x00000000200085b4        0xc 
 .text.xPortPendSVHandler
                0x00000000200085c0       0x78 CMakeFiles/blink.dir/home/yavuz/pico/freertos-pico/FreeRTOS-Kernel/portable/ThirdParty/GCC/RP2040/port.c.obj
                0x00000000200085c0                xPortPendSVHandler
 .text.xPortSysTickHandler
                0x0000000020008638       0x2c CMakeFiles/blink.dir/home/yavuz/pico/freertos-pico/FreeRTOS-Kernel/portable/ThirdParty/GCC/RP2040/port.c.obj
                0x0000000020008638                xPortSysTickHandler
 .text.prvTaskExitError
                0x0000000020008664        0x8 CMakeFiles/blink.dir/home/yavuz/pico/freertos-pico/FreeRTOS-Kernel/portable/ThirdParty/GCC/RP2040/port.c.obj
 .text.pxPortInitialiseStack
                0x000000002000866c       0x20 CMakeFiles/blink.dir/home/yavuz/pico/freertos-pico/FreeRTOS-Kernel/portable/ThirdParty/GCC/RP2040/port.c.obj
                0x000000002000866c                pxPortInitialiseStack
 .text.vPortYield
                0x000000002000868c       0x18 CMakeFiles/blink.dir/home/yavuz/pico/freertos-pico/FreeRTOS-Kernel/portable/ThirdParty/GCC/RP2040/port.c.obj
                0x000000002000868c                vPortYield
 .text.vPortEnableInterrupts
                0x00000000200086a4       0x30 CMakeFiles/blink.dir/home/yavuz/pico/freertos-pico/FreeRTOS-Kernel/portable/ThirdParty/GCC/RP2040/port.c.obj
                0x00000000200086a4                vPortEnableInterrupts
 .text.vYieldCore
                0x00000000200086d4        0xc CMakeFiles/blink.dir/home/yavuz/pico/freertos-pico/FreeRTOS-Kernel/portable/ThirdParty/GCC/RP2040/port.c.obj
                0x00000000200086d4                vYieldCore
 .text.vPortSetupTimerInterrupt
                0x00000000200086e0       0x34 CMakeFiles/blink.dir/home/yavuz/pico/freertos-pico/FreeRTOS-Kernel/portable/ThirdParty/GCC/RP2040/port.c.obj
                0x00000000200086e0                vPortSetupTimerInterrupt
 .text.xPortStartSchedulerOnCore.isra.0
                0x0000000020008714       0xac CMakeFiles/blink.dir/home/yavuz/pico/freertos-pico/FreeRTOS-Kernel/portable/ThirdParty/GCC/RP2040/port.c.obj
 .text.prvDisableInterruptsAndPortStartSchedulerOnCore
                0x00000000200087c0        0xc CMakeFiles/blink.dir/home/yavuz/pico/freertos-pico/FreeRTOS-Kernel/portable/ThirdParty/GCC/RP2040/port.c.obj
 .text.xPortStartScheduler
                0x00000000200087cc       0x28 CMakeFiles/blink.dir/home/yavuz/pico/freertos-pico/FreeRTOS-Kernel/portable/ThirdParty/GCC/RP2040/port.c.obj
                0x00000000200087cc                xPortStartScheduler
 .text.ulPortLockGetCurrentOwnerId
                0x00000000200087f4       0x30 CMakeFiles/blink.dir/home/yavuz/pico/freertos-pico/FreeRTOS-Kernel/portable/ThirdParty/GCC/RP2040/port.c.obj
                0x00000000200087f4                ulPortLockGetCurrentOwnerId
 .text.vPortLockInternalSpinUnlockWithWait
                0x0000000020008824       0x6c CMakeFiles/blink.dir/home/yavuz/pico/freertos-pico/FreeRTOS-Kernel/portable/ThirdParty/GCC/RP2040/port.c.obj
                0x0000000020008824                vPortLockInternalSpinUnlockWithWait
 .text.vPortLockInternalSpinUnlockWithNotify
                0x0000000020008890       0x84 CMakeFiles/blink.dir/home/yavuz/pico/freertos-pico/FreeRTOS-Kernel/portable/ThirdParty/GCC/RP2040/port.c.obj
                0x0000000020008890                vPortLockInternalSpinUnlockWithNotify
 .text.xPortLockInternalSpinUnlockWithBestEffortWaitOrTimeout
                0x0000000020008914       0xec CMakeFiles/blink.dir/home/yavuz/pico/freertos-pico/FreeRTOS-Kernel/portable/ThirdParty/GCC/RP2040/port.c.obj
                0x0000000020008914                xPortLockInternalSpinUnlockWithBestEffortWaitOrTimeout
 .text.startup.prvRuntimeInitializer
                0x0000000020008a00       0x10 CMakeFiles/blink.dir/home/yavuz/pico/freertos-pico/FreeRTOS-Kernel/portable/ThirdParty/GCC/RP2040/port.c.obj
 .text.vEventGroupSetBitsCallback
                0x0000000020008a10       0x8c CMakeFiles/blink.dir/home/yavuz/pico/freertos-pico/FreeRTOS-Kernel/event_groups.c.obj
                0x0000000020008a10                vEventGroupSetBitsCallback
 .text.xEventGroupCreate
                0x0000000020008a9c       0x18 CMakeFiles/blink.dir/home/yavuz/pico/freertos-pico/FreeRTOS-Kernel/event_groups.c.obj
                0x0000000020008a9c                xEventGroupCreate
 .text.xEventGroupWaitBits
                0x0000000020008ab4       0xb8 CMakeFiles/blink.dir/home/yavuz/pico/freertos-pico/FreeRTOS-Kernel/event_groups.c.obj
                0x0000000020008ab4                xEventGroupWaitBits
 .text.xEventGroupSetBits
                0x0000000020008b6c       0x90 CMakeFiles/blink.dir/home/yavuz/pico/freertos-pico/FreeRTOS-Kernel/event_groups.c.obj
                0x0000000020008b6c                xEventGroupSetBits
 .text.xEventGroupSetBitsFromISR
                0x0000000020008bfc       0x14 CMakeFiles/blink.dir/home/yavuz/pico/freertos-pico/FreeRTOS-Kernel/event_groups.c.obj
                0x0000000020008bfc                xEventGroupSetBitsFromISR
 .text.vListInitialise
                0x0000000020008c10       0x18 CMakeFiles/blink.dir/home/yavuz/pico/freertos-pico/FreeRTOS-Kernel/list.c.obj
                0x0000000020008c10                vListInitialise
 .text.vListInitialiseItem
                0x0000000020008c28        0x8 CMakeFiles/blink.dir/home/yavuz/pico/freertos-pico/FreeRTOS-Kernel/list.c.obj
                0x0000000020008c28                vListInitialiseItem
 .text.vListInsertEnd
                0x0000000020008c30       0x18 CMakeFiles/blink.dir/home/yavuz/pico/freertos-pico/FreeRTOS-Kernel/list.c.obj
                0x0000000020008c30                vListInsertEnd
 .text.vListInsert
                0x0000000020008c48       0x30 CMakeFiles/blink.dir/home/yavuz/pico/freertos-pico/FreeRTOS-Kernel/list.c.obj
                0x0000000020008c48                vListInsert
 .text.uxListRemove
                0x0000000020008c78       0x24 CMakeFiles/blink.dir/home/yavuz/pico/freertos-pico/FreeRTOS-Kernel/list.c.obj
                0x0000000020008c78                uxListRemove
 .text.prvUnlockQueue
                0x0000000020008c9c      0x140 CMakeFiles/blink.dir/home/yavuz/pico/freertos-pico/FreeRTOS-Kernel/queue.c.obj
 .text.prvNotifyQueueSetContainer
                0x0000000020008ddc       0x94 CMakeFiles/blink.dir/home/yavuz/pico/freertos-pico/FreeRTOS-Kernel/queue.c.obj
 .text.xQueueGenericCreate
                0x0000000020008e70       0x6c CMakeFiles/blink.dir/home/yavuz/pico/freertos-pico/FreeRTOS-Kernel/queue.c.obj
                0x0000000020008e70                xQueueGenericCreate
 .text.xQueueGenericSend
                0x0000000020008edc      0x1cc CMakeFiles/blink.dir/home/yavuz/pico/freertos-pico/FreeRTOS-Kernel/queue.c.obj
                0x0000000020008edc                xQueueGenericSend
 .text.xQueueGenericSendFromISR
                0x00000000200090a8      0x134 CMakeFiles/blink.dir/home/yavuz/pico/freertos-pico/FreeRTOS-Kernel/queue.c.obj
                0x00000000200090a8                xQueueGenericSendFromISR
 .text.xQueueReceive
                0x00000000200091dc      0x11c CMakeFiles/blink.dir/home/yavuz/pico/freertos-pico/FreeRTOS-Kernel/queue.c.obj
                0x00000000200091dc                xQueueReceive
 .text.vQueueAddToRegistry
                0x00000000200092f8       0x60 CMakeFiles/blink.dir/home/yavuz/pico/freertos-pico/FreeRTOS-Kernel/queue.c.obj
                0x00000000200092f8                vQueueAddToRegistry
 .text.vQueueWaitForMessageRestricted
                0x0000000020009358       0x48 CMakeFiles/blink.dir/home/yavuz/pico/freertos-pico/FreeRTOS-Kernel/queue.c.obj
                0x0000000020009358                vQueueWaitForMessageRestricted
 .text.prvMinimalIdleTask
                0x00000000200093a0       0x18 CMakeFiles/blink.dir/home/yavuz/pico/freertos-pico/FreeRTOS-Kernel/tasks.c.obj
 .text.prvAddCurrentTaskToDelayedList
                0x00000000200093b8       0xe0 CMakeFiles/blink.dir/home/yavuz/pico/freertos-pico/FreeRTOS-Kernel/tasks.c.obj
 .text.vTaskExitCritical.part.0
                0x0000000020009498       0xc4 CMakeFiles/blink.dir/home/yavuz/pico/freertos-pico/FreeRTOS-Kernel/tasks.c.obj
 .text.prvCheckForRunStateChange.part.0
                0x000000002000955c      0x18c CMakeFiles/blink.dir/home/yavuz/pico/freertos-pico/FreeRTOS-Kernel/tasks.c.obj
 .text.vTaskSuspendAll.part.0
                0x00000000200096e8       0xfc CMakeFiles/blink.dir/home/yavuz/pico/freertos-pico/FreeRTOS-Kernel/tasks.c.obj
 .text.prvIdleTask
                0x00000000200097e4      0x1f0 CMakeFiles/blink.dir/home/yavuz/pico/freertos-pico/FreeRTOS-Kernel/tasks.c.obj
 .text.prvYieldForTask
                0x00000000200099d4       0xe0 CMakeFiles/blink.dir/home/yavuz/pico/freertos-pico/FreeRTOS-Kernel/tasks.c.obj
 .text.vTaskSuspendAll
                0x0000000020009ab4      0x108 CMakeFiles/blink.dir/home/yavuz/pico/freertos-pico/FreeRTOS-Kernel/tasks.c.obj
                0x0000000020009ab4                vTaskSuspendAll
 .text.xTaskGetTickCount
                0x0000000020009bbc        0xc CMakeFiles/blink.dir/home/yavuz/pico/freertos-pico/FreeRTOS-Kernel/tasks.c.obj
                0x0000000020009bbc                xTaskGetTickCount
 .text.vTaskSwitchContext
                0x0000000020009bc8      0x350 CMakeFiles/blink.dir/home/yavuz/pico/freertos-pico/FreeRTOS-Kernel/tasks.c.obj
                0x0000000020009bc8                vTaskSwitchContext
 .text.vTaskPlaceOnEventList
                0x0000000020009f18       0xe0 CMakeFiles/blink.dir/home/yavuz/pico/freertos-pico/FreeRTOS-Kernel/tasks.c.obj
                0x0000000020009f18                vTaskPlaceOnEventList
 .text.vTaskPlaceOnUnorderedEventList
                0x0000000020009ff8       0x48 CMakeFiles/blink.dir/home/yavuz/pico/freertos-pico/FreeRTOS-Kernel/tasks.c.obj
                0x0000000020009ff8                vTaskPlaceOnUnorderedEventList
 .text.vTaskPlaceOnEventListRestricted
                0x000000002000a040      0x100 CMakeFiles/blink.dir/home/yavuz/pico/freertos-pico/FreeRTOS-Kernel/tasks.c.obj
                0x000000002000a040                vTaskPlaceOnEventListRestricted
 .text.xTaskRemoveFromEventList
                0x000000002000a140      0x140 CMakeFiles/blink.dir/home/yavuz/pico/freertos-pico/FreeRTOS-Kernel/tasks.c.obj
                0x000000002000a140                xTaskRemoveFromEventList
 .text.vTaskInternalSetTimeOutState
                0x000000002000a280       0x18 CMakeFiles/blink.dir/home/yavuz/pico/freertos-pico/FreeRTOS-Kernel/tasks.c.obj
                0x000000002000a280                vTaskInternalSetTimeOutState
 .text.xTaskCheckForTimeOut
                0x000000002000a298      0x1e0 CMakeFiles/blink.dir/home/yavuz/pico/freertos-pico/FreeRTOS-Kernel/tasks.c.obj
                0x000000002000a298                xTaskCheckForTimeOut
 .text.vTaskMissedYield
                0x000000002000a478       0x14 CMakeFiles/blink.dir/home/yavuz/pico/freertos-pico/FreeRTOS-Kernel/tasks.c.obj
                0x000000002000a478                vTaskMissedYield
 .text.xTaskGetCurrentTaskHandle
                0x000000002000a48c       0x1c CMakeFiles/blink.dir/home/yavuz/pico/freertos-pico/FreeRTOS-Kernel/tasks.c.obj
                0x000000002000a48c                xTaskGetCurrentTaskHandle
 .text.xTaskGetSchedulerState
                0x000000002000a4a8      0x14c CMakeFiles/blink.dir/home/yavuz/pico/freertos-pico/FreeRTOS-Kernel/tasks.c.obj
                0x000000002000a4a8                xTaskGetSchedulerState
 .text.xTaskPriorityDisinherit
                0x000000002000a5f4       0x58 CMakeFiles/blink.dir/home/yavuz/pico/freertos-pico/FreeRTOS-Kernel/tasks.c.obj
                0x000000002000a5f4                xTaskPriorityDisinherit
 .text.vTaskYieldWithinAPI
                0x000000002000a64c       0x34 CMakeFiles/blink.dir/home/yavuz/pico/freertos-pico/FreeRTOS-Kernel/tasks.c.obj
                0x000000002000a64c                vTaskYieldWithinAPI
 .text.vTaskEnterCritical
                0x000000002000a680      0x110 CMakeFiles/blink.dir/home/yavuz/pico/freertos-pico/FreeRTOS-Kernel/tasks.c.obj
                0x000000002000a680                vTaskEnterCritical
 .text.xTaskCreateAffinitySet
                0x000000002000a790      0x2e0 CMakeFiles/blink.dir/home/yavuz/pico/freertos-pico/FreeRTOS-Kernel/tasks.c.obj
                0x000000002000a790                xTaskCreateAffinitySet
 .text.vTaskStartScheduler
                0x000000002000aa70       0xc0 CMakeFiles/blink.dir/home/yavuz/pico/freertos-pico/FreeRTOS-Kernel/tasks.c.obj
                0x000000002000aa70                vTaskStartScheduler
 .text.xTaskIncrementTick
                0x000000002000ab30      0x240 CMakeFiles/blink.dir/home/yavuz/pico/freertos-pico/FreeRTOS-Kernel/tasks.c.obj
                0x000000002000ab30                xTaskIncrementTick
 .text.xTaskResumeAll.part.0
                0x000000002000ad70      0x144 CMakeFiles/blink.dir/home/yavuz/pico/freertos-pico/FreeRTOS-Kernel/tasks.c.obj
 .text.xTaskResumeAll
                0x000000002000aeb4       0x18 CMakeFiles/blink.dir/home/yavuz/pico/freertos-pico/FreeRTOS-Kernel/tasks.c.obj
                0x000000002000aeb4                xTaskResumeAll
 .text.vTaskDelay
                0x000000002000aecc       0x70 CMakeFiles/blink.dir/home/yavuz/pico/freertos-pico/FreeRTOS-Kernel/tasks.c.obj
                0x000000002000aecc                vTaskDelay
 .text.vTaskRemoveFromUnorderedEventList
                0x000000002000af3c       0x7c CMakeFiles/blink.dir/home/yavuz/pico/freertos-pico/FreeRTOS-Kernel/tasks.c.obj
                0x000000002000af3c                vTaskRemoveFromUnorderedEventList
 .text.xTaskCreate
                0x000000002000afb8      0x2e4 CMakeFiles/blink.dir/home/yavuz/pico/freertos-pico/FreeRTOS-Kernel/tasks.c.obj
                0x000000002000afb8                xTaskCreate
 .text.vTaskExitCritical
                0x000000002000b29c       0x34 CMakeFiles/blink.dir/home/yavuz/pico/freertos-pico/FreeRTOS-Kernel/tasks.c.obj
                0x000000002000b29c                vTaskExitCritical
 .text.uxTaskResetEventItemValue
                0x000000002000b2d0       0x48 CMakeFiles/blink.dir/home/yavuz/pico/freertos-pico/FreeRTOS-Kernel/tasks.c.obj
                0x000000002000b2d0                uxTaskResetEventItemValue
 .text.ulTaskGenericNotifyTake
                0x000000002000b318      0x150 CMakeFiles/blink.dir/home/yavuz/pico/freertos-pico/FreeRTOS-Kernel/tasks.c.obj
                0x000000002000b318                ulTaskGenericNotifyTake
 .text.vTaskGenericNotifyGiveFromISR
                0x000000002000b468      0x208 CMakeFiles/blink.dir/home/yavuz/pico/freertos-pico/FreeRTOS-Kernel/tasks.c.obj
                0x000000002000b468                vTaskGenericNotifyGiveFromISR
 .text.prvSwitchTimerLists
                0x000000002000b670       0x9c CMakeFiles/blink.dir/home/yavuz/pico/freertos-pico/FreeRTOS-Kernel/timers.c.obj
 .text.prvTimerTask
                0x000000002000b70c      0x268 CMakeFiles/blink.dir/home/yavuz/pico/freertos-pico/FreeRTOS-Kernel/timers.c.obj
 .text.xTimerCreateTimerTask
                0x000000002000b974       0x8c CMakeFiles/blink.dir/home/yavuz/pico/freertos-pico/FreeRTOS-Kernel/timers.c.obj
                0x000000002000b974                xTimerCreateTimerTask
 .text.xTimerCreate
                0x000000002000ba00       0xb8 CMakeFiles/blink.dir/home/yavuz/pico/freertos-pico/FreeRTOS-Kernel/timers.c.obj
                0x000000002000ba00                xTimerCreate
 .text.xTimerGenericCommandFromTask
                0x000000002000bab8       0x44 CMakeFiles/blink.dir/home/yavuz/pico/freertos-pico/FreeRTOS-Kernel/timers.c.obj
                0x000000002000bab8                xTimerGenericCommandFromTask
 .text.xTimerPendFunctionCallFromISR
                0x000000002000bafc       0x28 CMakeFiles/blink.dir/home/yavuz/pico/freertos-pico/FreeRTOS-Kernel/timers.c.obj
                0x000000002000bafc                xTimerPendFunctionCallFromISR
 .text.exception_set_exclusive_handler
                0x000000002000bb24       0x48 CMakeFiles/blink.dir/home/yavuz/pico/pico-sdk/src/rp2_common/hardware_exception/exception.c.obj
                0x000000002000bb24                exception_set_exclusive_handler
 .text.core1_trampoline
                0x000000002000bb6c        0x4 CMakeFiles/blink.dir/home/yavuz/pico/pico-sdk/src/rp2_common/pico_multicore/multicore.c.obj
 .text.core1_wrapper
                0x000000002000bb70        0xc CMakeFiles/blink.dir/home/yavuz/pico/pico-sdk/src/rp2_common/pico_multicore/multicore.c.obj
                0x000000002000bb70                core1_wrapper
 .text.multicore_launch_core1_raw
                0x000000002000bb7c       0x84 CMakeFiles/blink.dir/home/yavuz/pico/pico-sdk/src/rp2_common/pico_multicore/multicore.c.obj
                0x000000002000bb7c                multicore_launch_core1_raw
 .text.multicore_launch_core1
                0x000000002000bc00       0x4c CMakeFiles/blink.dir/home/yavuz/pico/pico-sdk/src/rp2_common/pico_multicore/multicore.c.obj
                0x000000002000bc00                multicore_launch_core1
 .text.pvPortMalloc
                0x000000002000bc4c      0x16c CMakeFiles/blink.dir/home/yavuz/pico/freertos-pico/FreeRTOS-Kernel/portable/MemMang/heap_4.c.obj
                0x000000002000bc4c                pvPortMalloc
 .text.vPortFree
                0x000000002000bdb8       0x90 CMakeFiles/blink.dir/home/yavuz/pico/freertos-pico/FreeRTOS-Kernel/portable/MemMang/heap_4.c.obj
                0x000000002000bdb8                vPortFree
 .text.rtc_init
                0x000000002000be48       0x38 CMakeFiles/blink.dir/home/yavuz/pico/pico-sdk/src/rp2_common/hardware_rtc/rtc.c.obj
                0x000000002000be48                rtc_init
 .text.rtc_set_datetime
                0x000000002000be80       0xac CMakeFiles/blink.dir/home/yavuz/pico/pico-sdk/src/rp2_common/hardware_rtc/rtc.c.obj
                0x000000002000be80                rtc_set_datetime
 .text.i2c_set_baudrate
                0x000000002000bf2c       0xc4 CMakeFiles/blink.dir/home/yavuz/pico/pico-sdk/src/rp2_common/hardware_i2c/i2c.c.obj
                0x000000002000bf2c                i2c_set_baudrate
 .text.i2c_init
                0x000000002000bff0       0x54 CMakeFiles/blink.dir/home/yavuz/pico/pico-sdk/src/rp2_common/hardware_i2c/i2c.c.obj
                0x000000002000bff0                i2c_init
 .text.i2c_write_blocking
                0x000000002000c044       0xd0 CMakeFiles/blink.dir/home/yavuz/pico/pico-sdk/src/rp2_common/hardware_i2c/i2c.c.obj
                0x000000002000c044                i2c_write_blocking
 .text.i2c_read_blocking
                0x000000002000c114       0xac CMakeFiles/blink.dir/home/yavuz/pico/pico-sdk/src/rp2_common/hardware_i2c/i2c.c.obj
                0x000000002000c114                i2c_read_blocking
 .text.adc_init
                0x000000002000c1c0       0x38 CMakeFiles/blink.dir/home/yavuz/pico/pico-sdk/src/rp2_common/hardware_adc/adc.c.obj
                0x000000002000c1c0                adc_init
 .text          0x000000002000c1f8        0x4 /usr/lib/gcc/arm-none-eabi/10.3.1/thumb/v6-m/nofp/libgcc.a(_dvmd_tls.o)
                0x000000002000c1f8                __aeabi_ldiv0
                0x000000002000c1f8                __aeabi_idiv0
 .text          0x000000002000c1fc       0xc0 /usr/lib/gcc/arm-none-eabi/10.3.1/../../../arm-none-eabi/lib/thumb/v6-m/nofp/libc.a(lib_a-strchr.o)
                0x000000002000c1fc                strchr
 .text          0x000000002000c2bc       0x5c /usr/lib/gcc/arm-none-eabi/10.3.1/../../../arm-none-eabi/lib/thumb/v6-m/nofp/libc.a(lib_a-strlen-stub.o)
                0x000000002000c2bc                strlen
 .text          0x000000002000c318       0x6c /usr/lib/gcc/arm-none-eabi/10.3.1/../../../arm-none-eabi/lib/thumb/v6-m/nofp/libc.a(lib_a-strncpy.o)
                0x000000002000c318                strncpy
 *(.fini)
 .fini          0x000000002000c384        0x4 /usr/lib/gcc/arm-none-eabi/10.3.1/thumb/v6-m/nofp/crti.o
                0x000000002000c384                _fini
 *crtbegin.o(.ctors)
 *crtbegin?.o(.ctors)
 *(EXCLUDE_FILE(*crtend.o *crtend?.o) .ctors)
 *(SORT_BY_NAME(.ctors.*))
 *(.ctors)
 *crtbegin.o(.dtors)
 *crtbegin?.o(.dtors)
 *(EXCLUDE_FILE(*crtend.o *crtend?.o) .dtors)
 *(SORT_BY_NAME(.dtors.*))
 *(.dtors)
 *(.eh_frame*)
 .eh_frame      0x000000002000c388        0x0 /usr/lib/gcc/arm-none-eabi/10.3.1/thumb/v6-m/nofp/crtbegin.o
                0x000000002000c388                . = ALIGN (0x4)
                0x000000002000c388                __ram_text_end__ = .
                0x00000000100002f8                __ram_text_source__ = LOADADDR (.text)

.glue_7         0x000000002000c388        0x0 load address 0x000000001000c5c0
 .glue_7        0x000000002000c388        0x0 linker stubs

.glue_7t        0x000000002000c388        0x0 load address 0x000000001000c5c0
 .glue_7t       0x000000002000c388        0x0 linker stubs

.vfp11_veneer   0x000000002000c388        0x0 load address 0x000000001000c5c0
 .vfp11_veneer  0x000000002000c388        0x0 linker stubs

.v4_bx          0x000000002000c388        0x0 load address 0x000000001000c5c0
 .v4_bx         0x000000002000c388        0x0 linker stubs

.iplt           0x000000002000c388        0x0 load address 0x000000001000c5c0
 .iplt          0x000000002000c388        0x0 /usr/lib/gcc/arm-none-eabi/10.3.1/thumb/v6-m/nofp/crtbegin.o

.rel.dyn        0x000000002000c388        0x0 load address 0x000000001000c5c0
 .rel.iplt      0x000000002000c388        0x0 /usr/lib/gcc/arm-none-eabi/10.3.1/thumb/v6-m/nofp/crtbegin.o
                0x000000002000c388                . = ALIGN (0x4)

.data           0x000000002000c390     0x1698 load address 0x000000001000c5c0
                0x000000002000c390                __data_start__ = .
 *(vtable)
 *(.time_critical*)
 .time_critical.get_flash_contents
                0x000000002000c390       0x3c CMakeFiles/blink.dir/main.c.obj
                0x000000002000c390                get_flash_contents
 .time_critical.mutex_try_enter
                0x000000002000c3cc       0x44 CMakeFiles/blink.dir/home/yavuz/pico/pico-sdk/src/common/pico_sync/mutex.c.obj
                0x000000002000c3cc                mutex_try_enter
 .time_critical.mutex_try_enter_block_until
                0x000000002000c410       0x9c CMakeFiles/blink.dir/home/yavuz/pico/pico-sdk/src/common/pico_sync/mutex.c.obj
                0x000000002000c410                mutex_try_enter_block_until
 .time_critical.mutex_enter_timeout_ms
                0x000000002000c4ac       0x78 CMakeFiles/blink.dir/home/yavuz/pico/pico-sdk/src/common/pico_sync/mutex.c.obj
                0x000000002000c4ac                mutex_enter_timeout_ms
 .time_critical.mutex_exit
                0x000000002000c524       0x20 CMakeFiles/blink.dir/home/yavuz/pico/pico-sdk/src/common/pico_sync/mutex.c.obj
                0x000000002000c524                mutex_exit
 .time_critical.flash_init_boot2_copyout
                0x000000002000c544       0x30 CMakeFiles/blink.dir/home/yavuz/pico/pico-sdk/src/rp2_common/hardware_flash/flash.c.obj
 .time_critical.flash_enable_xip_via_boot2
                0x000000002000c574       0x10 CMakeFiles/blink.dir/home/yavuz/pico/pico-sdk/src/rp2_common/hardware_flash/flash.c.obj
 .time_critical.flash_cs_force
                0x000000002000c584       0x38 CMakeFiles/blink.dir/home/yavuz/pico/pico-sdk/src/rp2_common/hardware_flash/flash.c.obj
 .time_critical.flash_range_erase
                0x000000002000c5bc       0x80 CMakeFiles/blink.dir/home/yavuz/pico/pico-sdk/src/rp2_common/hardware_flash/flash.c.obj
                0x000000002000c5bc                flash_range_erase
 .time_critical.flash_range_program
                0x000000002000c63c       0x80 CMakeFiles/blink.dir/home/yavuz/pico/pico-sdk/src/rp2_common/hardware_flash/flash.c.obj
                0x000000002000c63c                flash_range_program
 .time_critical.flash_do_cmd
                0x000000002000c6bc       0xc4 CMakeFiles/blink.dir/home/yavuz/pico/pico-sdk/src/rp2_common/hardware_flash/flash.c.obj
                0x000000002000c6bc                flash_do_cmd
 .time_critical.reset_non_control_endpoints
                0x000000002000c780       0xbc CMakeFiles/blink.dir/home/yavuz/pico/pico-sdk/lib/tinyusb/src/portable/raspberrypi/rp2040/dcd_rp2040.c.obj
 .time_critical.hw_handle_buff_status
                0x000000002000c83c       0xa8 CMakeFiles/blink.dir/home/yavuz/pico/pico-sdk/lib/tinyusb/src/portable/raspberrypi/rp2040/dcd_rp2040.c.obj
 .time_critical.dcd_rp2040_irq
                0x000000002000c8e4      0x4d8 CMakeFiles/blink.dir/home/yavuz/pico/pico-sdk/lib/tinyusb/src/portable/raspberrypi/rp2040/dcd_rp2040.c.obj
 .time_critical.e15_is_bulkin_ep
                0x000000002000cdbc       0x28 CMakeFiles/blink.dir/home/yavuz/pico/pico-sdk/lib/tinyusb/src/portable/raspberrypi/rp2040/rp2040_usb.c.obj
 .time_critical.e15_is_critical_frame_period
                0x000000002000cde4       0x34 CMakeFiles/blink.dir/home/yavuz/pico/pico-sdk/lib/tinyusb/src/portable/raspberrypi/rp2040/rp2040_usb.c.obj
 .time_critical.prepare_ep_buffer
                0x000000002000ce18       0x70 CMakeFiles/blink.dir/home/yavuz/pico/pico-sdk/lib/tinyusb/src/portable/raspberrypi/rp2040/rp2040_usb.c.obj
 .time_critical.sync_ep_buffer
                0x000000002000ce88       0x4c CMakeFiles/blink.dir/home/yavuz/pico/pico-sdk/lib/tinyusb/src/portable/raspberrypi/rp2040/rp2040_usb.c.obj
 .time_critical._hw_endpoint_xfer_sync
                0x000000002000ced4       0x28 CMakeFiles/blink.dir/home/yavuz/pico/pico-sdk/lib/tinyusb/src/portable/raspberrypi/rp2040/rp2040_usb.c.obj
 .time_critical.hw_endpoint_reset_transfer
                0x000000002000cefc        0xc CMakeFiles/blink.dir/home/yavuz/pico/pico-sdk/lib/tinyusb/src/portable/raspberrypi/rp2040/rp2040_usb.c.obj
                0x000000002000cefc                hw_endpoint_reset_transfer
 .time_critical._hw_endpoint_buffer_control_update32
                0x000000002000cf08       0x58 CMakeFiles/blink.dir/home/yavuz/pico/pico-sdk/lib/tinyusb/src/portable/raspberrypi/rp2040/rp2040_usb.c.obj
                0x000000002000cf08                _hw_endpoint_buffer_control_update32
 .time_critical.hw_endpoint_start_next_buffer
                0x000000002000cf60       0x6c CMakeFiles/blink.dir/home/yavuz/pico/pico-sdk/lib/tinyusb/src/portable/raspberrypi/rp2040/rp2040_usb.c.obj
                0x000000002000cf60                hw_endpoint_start_next_buffer
 .time_critical.hw_endpoint_xfer_continue
                0x000000002000cfcc       0x50 CMakeFiles/blink.dir/home/yavuz/pico/pico-sdk/lib/tinyusb/src/portable/raspberrypi/rp2040/rp2040_usb.c.obj
                0x000000002000cfcc                hw_endpoint_xfer_continue
 .time_critical.tinyusb
                0x000000002000d01c      0x170 CMakeFiles/blink.dir/home/yavuz/pico/pico-sdk/lib/tinyusb/src/device/usbd.c.obj
                0x000000002000d01c                dcd_event_handler
                0x000000002000d18c                . = ALIGN (0x4)
 *(.rodata*)
 .rodata.search_data_into_flash.str1.4
                0x000000002000d18c       0x67 CMakeFiles/blink.dir/main.c.obj
 *fill*         0x000000002000d1f3        0x1 
 .rodata.state0_handler.str1.4
                0x000000002000d1f4       0x12 CMakeFiles/blink.dir/main.c.obj
 *fill*         0x000000002000d206        0x2 
 .rodata.vUARTTask.str1.4
                0x000000002000d208       0x17 CMakeFiles/blink.dir/main.c.obj
 *fill*         0x000000002000d21f        0x1 
 .rodata.main.str1.4
                0x000000002000d220       0x32 CMakeFiles/blink.dir/main.c.obj
 *fill*         0x000000002000d252        0x2 
 .rodata.CSWTCH.118
                0x000000002000d254       0x18 CMakeFiles/blink.dir/main.c.obj
 .rodata.spin_lock_claim.str1.4
                0x000000002000d26c       0x1f CMakeFiles/blink.dir/home/yavuz/pico/pico-sdk/src/rp2_common/hardware_sync/sync.c.obj
 *fill*         0x000000002000d28b        0x1 
 .rodata.spin_lock_claim_unused.str1.4
                0x000000002000d28c       0x1b CMakeFiles/blink.dir/home/yavuz/pico/pico-sdk/src/rp2_common/hardware_sync/sync.c.obj
 *fill*         0x000000002000d2a7        0x1 
 .rodata.user_irq_claim_unused.str1.4
                0x000000002000d2a8       0x1b CMakeFiles/blink.dir/home/yavuz/pico/pico-sdk/src/rp2_common/hardware_irq/irq.c.obj
 *fill*         0x000000002000d2c3        0x1 
 .rodata.hardware_alarm_claim.str1.4
                0x000000002000d2c4       0x22 CMakeFiles/blink.dir/home/yavuz/pico/pico-sdk/src/rp2_common/hardware_timer/timer.c.obj
 *fill*         0x000000002000d2e6        0x2 
 .rodata.datetime_to_str.str1.4
                0x000000002000d2e8       0x19 CMakeFiles/blink.dir/home/yavuz/pico/pico-sdk/src/common/pico_util/datetime.c.obj
 *fill*         0x000000002000d301        0x3 
 .rodata.str1.4
                0x000000002000d304       0xad CMakeFiles/blink.dir/home/yavuz/pico/pico-sdk/src/common/pico_util/datetime.c.obj
 *fill*         0x000000002000d3b1        0x3 
 .rodata.DATETIME_DOWS
                0x000000002000d3b4       0x1c CMakeFiles/blink.dir/home/yavuz/pico/pico-sdk/src/common/pico_util/datetime.c.obj
 .rodata.DATETIME_MONTHS
                0x000000002000d3d0       0x30 CMakeFiles/blink.dir/home/yavuz/pico/pico-sdk/src/common/pico_util/datetime.c.obj
 .rodata.panic.str1.4
                0x000000002000d400       0x10 CMakeFiles/blink.dir/home/yavuz/pico/pico-sdk/src/rp2_common/pico_runtime/runtime.c.obj
                                         0x12 (size before relaxing)
 .rodata.panic_unsupported.str1.4
                0x000000002000d410        0xe CMakeFiles/blink.dir/home/yavuz/pico/pico-sdk/src/rp2_common/pico_runtime/runtime.c.obj
 *fill*         0x000000002000d41e        0x2 
 .rodata.hard_assertion_failure.str1.4
                0x000000002000d420        0xc CMakeFiles/blink.dir/home/yavuz/pico/pico-sdk/src/rp2_common/pico_runtime/runtime.c.obj
 .rodata._ftoa.str1.4
                0x000000002000d42c       0x15 CMakeFiles/blink.dir/home/yavuz/pico/pico-sdk/src/rp2_common/pico_printf/printf.c.obj
 *fill*         0x000000002000d441        0x3 
 .rodata._vsnprintf
                0x000000002000d444      0x1e0 CMakeFiles/blink.dir/home/yavuz/pico/pico-sdk/src/rp2_common/pico_printf/printf.c.obj
 *fill*         0x000000002000d624        0x4 
 .rodata.pow10.0
                0x000000002000d628       0x50 CMakeFiles/blink.dir/home/yavuz/pico/pico-sdk/src/rp2_common/pico_printf/printf.c.obj
 .rodata.str1.4
                0x000000002000d678       0x3c CMakeFiles/blink.dir/home/yavuz/pico/pico-sdk/src/rp2_common/pico_standard_link/binary_info.c.obj
 .rodata.__bi_44
                0x000000002000d6b4        0xc CMakeFiles/blink.dir/home/yavuz/pico/pico-sdk/src/rp2_common/pico_standard_link/binary_info.c.obj
 .rodata.__bi_75
                0x000000002000d6c0        0xc CMakeFiles/blink.dir/home/yavuz/pico/pico-sdk/src/rp2_common/pico_standard_link/binary_info.c.obj
 .rodata.__bi_81
                0x000000002000d6cc        0xc CMakeFiles/blink.dir/home/yavuz/pico/pico-sdk/src/rp2_common/pico_standard_link/binary_info.c.obj
 .rodata.crlf_str.0
                0x000000002000d6d8        0x2 CMakeFiles/blink.dir/home/yavuz/pico/pico-sdk/src/rp2_common/pico_stdio/stdio.c.obj
 *fill*         0x000000002000d6da        0x2 
 .rodata._resetd_driver
                0x000000002000d6dc       0x18 CMakeFiles/blink.dir/home/yavuz/pico/pico-sdk/src/rp2_common/pico_stdio_usb/reset_interface.c.obj
 .rodata.str1.4
                0x000000002000d6f4       0x13 CMakeFiles/blink.dir/home/yavuz/pico/pico-sdk/src/rp2_common/pico_stdio_usb/stdio_usb.c.obj
 *fill*         0x000000002000d707        0x1 
 .rodata.__bi_182.0
                0x000000002000d708        0xc CMakeFiles/blink.dir/home/yavuz/pico/pico-sdk/src/rp2_common/pico_stdio_usb/stdio_usb.c.obj
 .rodata.str1.4
                0x000000002000d714       0x2a CMakeFiles/blink.dir/home/yavuz/pico/pico-sdk/src/rp2_common/pico_stdio_usb/stdio_usb_descriptors.c.obj
 *fill*         0x000000002000d73e        0x2 
 .rodata.usbd_desc_cfg
                0x000000002000d740       0x54 CMakeFiles/blink.dir/home/yavuz/pico/pico-sdk/src/rp2_common/pico_stdio_usb/stdio_usb_descriptors.c.obj
 .rodata.usbd_desc_device
                0x000000002000d794       0x12 CMakeFiles/blink.dir/home/yavuz/pico/pico-sdk/src/rp2_common/pico_stdio_usb/stdio_usb_descriptors.c.obj
 *fill*         0x000000002000d7a6        0x2 
 .rodata.usbd_desc_str
                0x000000002000d7a8       0x18 CMakeFiles/blink.dir/home/yavuz/pico/pico-sdk/src/rp2_common/pico_stdio_usb/stdio_usb_descriptors.c.obj
 .rodata.str1.4
                0x000000002000d7c0       0x14 CMakeFiles/blink.dir/home/yavuz/pico/pico-sdk/lib/tinyusb/src/portable/raspberrypi/rp2040/dcd_rp2040.c.obj
 .rodata.str1.4
                0x000000002000d7d4       0x53 CMakeFiles/blink.dir/home/yavuz/pico/pico-sdk/lib/tinyusb/src/portable/raspberrypi/rp2040/rp2040_usb.c.obj
 *fill*         0x000000002000d827        0x1 
 .rodata.tud_task_ext
                0x000000002000d828       0x8c CMakeFiles/blink.dir/home/yavuz/pico/pico-sdk/lib/tinyusb/src/device/usbd.c.obj
 .rodata._usbd_driver
                0x000000002000d8b4       0x18 CMakeFiles/blink.dir/home/yavuz/pico/pico-sdk/lib/tinyusb/src/device/usbd.c.obj
 .rodata.prvTimerTask
                0x000000002000d8cc       0x28 CMakeFiles/blink.dir/home/yavuz/pico/freertos-pico/FreeRTOS-Kernel/timers.c.obj
 .rodata.xTimerCreateTimerTask.str1.4
                0x000000002000d8f4       0x10 CMakeFiles/blink.dir/home/yavuz/pico/freertos-pico/FreeRTOS-Kernel/timers.c.obj
                0x000000002000d904                . = ALIGN (0x4)
 *(.data*)
 .data.datetime_str
                0x000000002000d904        0x4 CMakeFiles/blink.dir/main.c.obj
                0x000000002000d904                datetime_str
 .data.flash_sector_contents
                0x000000002000d908        0x4 CMakeFiles/blink.dir/main.c.obj
                0x000000002000d908                flash_sector_contents
 .data.max_baud_rate
                0x000000002000d90c        0x2 CMakeFiles/blink.dir/main.c.obj
                0x000000002000d90c                max_baud_rate
 *fill*         0x000000002000d90e        0x2 
 .data.t        0x000000002000d910        0x8 CMakeFiles/blink.dir/main.c.obj
                0x000000002000d910                t
 .data.striped_spin_lock_num
                0x000000002000d918        0x1 CMakeFiles/blink.dir/home/yavuz/pico/pico-sdk/src/rp2_common/hardware_sync/sync.c.obj
 *fill*         0x000000002000d919        0x3 
 .data          0x000000002000d91c       0x48 CMakeFiles/blink.dir/home/yavuz/pico/pico-sdk/src/rp2_common/hardware_irq/irq_handler_chain.S.obj
                0x000000002000d91c                irq_handler_chain_slots
                0x000000002000d94c                irq_handler_chain_first_slot
                0x000000002000d956                irq_handler_chain_remove_tail
 .data.default_alarm_pool
                0x000000002000d964       0x18 CMakeFiles/blink.dir/home/yavuz/pico/pico-sdk/src/common/pico_time/time.c.obj
 .data.default_alarm_pool_heap
                0x000000002000d97c       0x10 CMakeFiles/blink.dir/home/yavuz/pico/pico-sdk/src/common/pico_time/time.c.obj
 *fill*         0x000000002000d98c        0x4 
 .data.aeabi_bits_funcs
                0x000000002000d990       0x10 CMakeFiles/blink.dir/home/yavuz/pico/pico-sdk/src/rp2_common/pico_bit_ops/bit_ops_aeabi.S.obj
                0x000000002000d990                aeabi_bits_funcs
                0x000000002000d9a0                aeabi_bits_funcs_end
 .data.aeabi_mem_funcs
                0x000000002000d9a0       0x10 CMakeFiles/blink.dir/home/yavuz/pico/pico-sdk/src/rp2_common/pico_mem_ops/mem_ops_aeabi.S.obj
                0x000000002000d9a0                aeabi_mem_funcs
                0x000000002000d9b0                aeabi_mem_funcs_end
 .data.stdio_usb
                0x000000002000d9b0       0x18 CMakeFiles/blink.dir/home/yavuz/pico/pico-sdk/src/rp2_common/pico_stdio_usb/stdio_usb.c.obj
                0x000000002000d9b0                stdio_usb